 motor_control_with_off_the_shelf_SVPWM_sfun

 Timestamp is 546191b0 (Mon Nov 10 20:33:52 2014)

 Preferred load address is 0000000180000000

 Start         Length     Name                   Class
 0001:00000000 00047eb4H .text                   CODE
 0001:00047ec0 00000092H .text$x                 CODE
 0002:00000000 000004a8H .idata$5                DATA
 0002:000004a8 00000008H .CRT$XCA                DATA
 0002:000004b0 00000008H .CRT$XCZ                DATA
 0002:000004b8 00000008H .CRT$XIA                DATA
 0002:000004c0 00000008H .CRT$XIAA               DATA
 0002:000004c8 00000008H .CRT$XIZ                DATA
 0002:000004d0 00004bccH .rdata                  DATA
 0002:000050a0 00000008H .rtc$IAA                DATA
 0002:000050a8 00000008H .rtc$IZZ                DATA
 0002:000050b0 00000008H .rtc$TAA                DATA
 0002:000050b8 00000008H .rtc$TZZ                DATA
 0002:000050c0 00004304H .xdata                  DATA
 0002:000093c4 000000a0H .idata$2                DATA
 0002:00009464 00000014H .idata$3                DATA
 0002:00009478 000004a8H .idata$4                DATA
 0002:00009920 00000adeH .idata$6                DATA
 0002:0000a400 00000071H .edata                  DATA
 0003:00000000 00006048H .data                   DATA
 0003:00006060 000026d8H .bss                    DATA
 0004:00000000 0000360cH .pdata                  DATA

  Address         Publics by Value              Rva+Base               Lib:Object

 0000:00000000       ___safe_se_handler_table   0000000000000000     <absolute>
 0000:00000000       ___safe_se_handler_count   0000000000000000     <absolute>
 0000:00000000       __ImageBase                0000000180000000     <linker-defined>
 0001:00000000       sf_c1_motor_control_with_off_the_shelf_SVPWM_get_eml_resolved_functions_info 0000000180001000 f   c1_motor_control_with_off_the_shelf_SVPWM.obj
 0001:000008c0       sf_c1_motor_control_with_off_the_shelf_SVPWM_get_check_sum 00000001800018c0 f   c1_motor_control_with_off_the_shelf_SVPWM.obj
 0001:00000940       sf_c1_motor_control_with_off_the_shelf_SVPWM_get_autoinheritance_info 0000000180001940 f   c1_motor_control_with_off_the_shelf_SVPWM.obj
 0001:00001000       sf_internal_get_sim_state_c1_motor_control_with_off_the_shelf_SVPWM 0000000180002000 f   c1_motor_control_with_off_the_shelf_SVPWM.obj
 0001:00001420       sf_internal_set_sim_state_c1_motor_control_with_off_the_shelf_SVPWM 0000000180002420 f   c1_motor_control_with_off_the_shelf_SVPWM.obj
 0001:00001860       c1_motor_control_with_off_the_shelf_SVPWM_method_dispatcher 0000000180002860 f   c1_motor_control_with_off_the_shelf_SVPWM.obj
 0001:00003800       sf_c2_motor_control_with_off_the_shelf_SVPWM_get_eml_resolved_functions_info 0000000180004800 f   c2_motor_control_with_off_the_shelf_SVPWM.obj
 0001:00003880       sf_c2_motor_control_with_off_the_shelf_SVPWM_get_check_sum 0000000180004880 f   c2_motor_control_with_off_the_shelf_SVPWM.obj
 0001:00003900       sf_c2_motor_control_with_off_the_shelf_SVPWM_get_autoinheritance_info 0000000180004900 f   c2_motor_control_with_off_the_shelf_SVPWM.obj
 0001:000044e0       sf_internal_get_sim_state_c2_motor_control_with_off_the_shelf_SVPWM 00000001800054e0 f   c2_motor_control_with_off_the_shelf_SVPWM.obj
 0001:00004a80       sf_internal_set_sim_state_c2_motor_control_with_off_the_shelf_SVPWM 0000000180005a80 f   c2_motor_control_with_off_the_shelf_SVPWM.obj
 0001:00004f60       c2_motor_control_with_off_the_shelf_SVPWM_method_dispatcher 0000000180005f60 f   c2_motor_control_with_off_the_shelf_SVPWM.obj
 0001:00007940       sf_c3_motor_control_with_off_the_shelf_SVPWM_get_eml_resolved_functions_info 0000000180008940 f   c3_motor_control_with_off_the_shelf_SVPWM.obj
 0001:00008500       sf_c3_motor_control_with_off_the_shelf_SVPWM_get_check_sum 0000000180009500 f   c3_motor_control_with_off_the_shelf_SVPWM.obj
 0001:00008580       sf_c3_motor_control_with_off_the_shelf_SVPWM_get_autoinheritance_info 0000000180009580 f   c3_motor_control_with_off_the_shelf_SVPWM.obj
 0001:00009150       sf_internal_get_sim_state_c3_motor_control_with_off_the_shelf_SVPWM 000000018000a150 f   c3_motor_control_with_off_the_shelf_SVPWM.obj
 0001:00009630       sf_internal_set_sim_state_c3_motor_control_with_off_the_shelf_SVPWM 000000018000a630 f   c3_motor_control_with_off_the_shelf_SVPWM.obj
 0001:00009ac0       c3_motor_control_with_off_the_shelf_SVPWM_method_dispatcher 000000018000aac0 f   c3_motor_control_with_off_the_shelf_SVPWM.obj
 0001:0000da10       sf_c5_motor_control_with_off_the_shelf_SVPWM_get_eml_resolved_functions_info 000000018000ea10 f   c5_motor_control_with_off_the_shelf_SVPWM.obj
 0001:0000e910       sf_c5_motor_control_with_off_the_shelf_SVPWM_get_check_sum 000000018000f910 f   c5_motor_control_with_off_the_shelf_SVPWM.obj
 0001:0000e990       sf_c5_motor_control_with_off_the_shelf_SVPWM_get_autoinheritance_info 000000018000f990 f   c5_motor_control_with_off_the_shelf_SVPWM.obj
 0001:0000edb0       sf_internal_get_sim_state_c5_motor_control_with_off_the_shelf_SVPWM 000000018000fdb0 f   c5_motor_control_with_off_the_shelf_SVPWM.obj
 0001:0000f100       sf_internal_set_sim_state_c5_motor_control_with_off_the_shelf_SVPWM 0000000180010100 f   c5_motor_control_with_off_the_shelf_SVPWM.obj
 0001:0000f4f0       c5_motor_control_with_off_the_shelf_SVPWM_method_dispatcher 00000001800104f0 f   c5_motor_control_with_off_the_shelf_SVPWM.obj
 0001:000113b0       sf_c6_motor_control_with_off_the_shelf_SVPWM_get_eml_resolved_functions_info 00000001800123b0 f   c6_motor_control_with_off_the_shelf_SVPWM.obj
 0001:00011e10       sf_c6_motor_control_with_off_the_shelf_SVPWM_get_check_sum 0000000180012e10 f   c6_motor_control_with_off_the_shelf_SVPWM.obj
 0001:00011e90       sf_c6_motor_control_with_off_the_shelf_SVPWM_get_autoinheritance_info 0000000180012e90 f   c6_motor_control_with_off_the_shelf_SVPWM.obj
 0001:00012690       sf_internal_get_sim_state_c6_motor_control_with_off_the_shelf_SVPWM 0000000180013690 f   c6_motor_control_with_off_the_shelf_SVPWM.obj
 0001:00012ab0       sf_internal_set_sim_state_c6_motor_control_with_off_the_shelf_SVPWM 0000000180013ab0 f   c6_motor_control_with_off_the_shelf_SVPWM.obj
 0001:00012ef0       c6_motor_control_with_off_the_shelf_SVPWM_method_dispatcher 0000000180013ef0 f   c6_motor_control_with_off_the_shelf_SVPWM.obj
 0001:00015a50       sf_process_check_sum_call  0000000180016a50 f   motor_control_with_off_the_shelf_SVPWM_sfun_registry.obj
 0001:00015aa0       sf_process_autoinheritance_call 0000000180016aa0 f   motor_control_with_off_the_shelf_SVPWM_sfun_registry.obj
 0001:00015c40       sf_process_get_eml_resolved_functions_info_call 0000000180016c40 f   motor_control_with_off_the_shelf_SVPWM_sfun_registry.obj
 0001:00015dc0       sf_mex_unlock_call         0000000180016dc0 f   motor_control_with_off_the_shelf_SVPWM_sfun_registry.obj
 0001:00015e70       sf_machine_global_initializer_called 0000000180016e70 f   motor_control_with_off_the_shelf_SVPWM_sfun_registry.obj
 0001:00015ea0       sf_machine_global_method_dispatcher 0000000180016ea0 f   motor_control_with_off_the_shelf_SVPWM_sfun_registry.obj
 0001:00015f00       sf_machine_global_terminator 0000000180016f00 f   motor_control_with_off_the_shelf_SVPWM_sfun_registry.obj
 0001:00015f40       sf_register_machine_exported_symbols 0000000180016f40 f   motor_control_with_off_the_shelf_SVPWM_sfun_registry.obj
 0001:00015f60       callCustomFcn              0000000180016f60 f   motor_control_with_off_the_shelf_SVPWM_sfun_registry.obj
 0001:00015f70       sf_machine_global_initializer 0000000180016f70 f   motor_control_with_off_the_shelf_SVPWM_sfun_registry.obj
 0001:00015fe0       _ssSetStateAbsTol          0000000180016fe0 f   motor_control_with_off_the_shelf_SVPWM_sfun_registry.obj
 0001:000160c0       _ssGetAbsTol               00000001800170c0 f   motor_control_with_off_the_shelf_SVPWM_sfun_registry.obj
 0001:00016130       _ssSetInputPortMatrixDimensions 0000000180017130 f   motor_control_with_off_the_shelf_SVPWM_sfun_registry.obj
 0001:00016240       _ssSetOutputPortMatrixDimensions 0000000180017240 f   motor_control_with_off_the_shelf_SVPWM_sfun_registry.obj
 0001:00016350       _ssSetInputPortVectorDimension 0000000180017350 f   motor_control_with_off_the_shelf_SVPWM_sfun_registry.obj
 0001:00016420       _ssSetOutputPortVectorDimension 0000000180017420 f   motor_control_with_off_the_shelf_SVPWM_sfun_registry.obj
 0001:000164f0       ssIsRunTimeParamTunable    00000001800174f0 f   motor_control_with_off_the_shelf_SVPWM_sfun_registry.obj
 0001:00016560       ssGetSFuncBlockHandle      0000000180017560 f   motor_control_with_off_the_shelf_SVPWM_sfun_registry.obj
 0001:000165d0       _ssGetCurrentInputPortWidth 00000001800175d0 f   motor_control_with_off_the_shelf_SVPWM_sfun_registry.obj
 0001:000166f0       _ssGetCurrentOutputPortWidth 00000001800176f0 f   motor_control_with_off_the_shelf_SVPWM_sfun_registry.obj
 0001:00016810       _ssGetCallSystemNumFcnCallDestinations 0000000180017810 f   motor_control_with_off_the_shelf_SVPWM_sfun_registry.obj
 0001:00016880       ssWarning                  0000000180017880 f   motor_control_with_off_the_shelf_SVPWM_sfun_registry.obj
 0001:00016990       ssGetIsZeroCrossControlDisabled 0000000180017990 f   motor_control_with_off_the_shelf_SVPWM_sfun_registry.obj
 0001:00016a00       ssSetIsInputPortUsedForContZcSignal 0000000180017a00 f   motor_control_with_off_the_shelf_SVPWM_sfun_registry.obj
 0001:00016a70       ssSetZcSignalIsZcElementDisc 0000000180017a70 f   motor_control_with_off_the_shelf_SVPWM_sfun_registry.obj
 0001:00016b20       ssSetZcSignalName          0000000180017b20 f   motor_control_with_off_the_shelf_SVPWM_sfun_registry.obj
 0001:00016b90       ssSetZcSignalWidth         0000000180017b90 f   motor_control_with_off_the_shelf_SVPWM_sfun_registry.obj
 0001:00016c00       ssSetZcSignalZcEventType   0000000180017c00 f   motor_control_with_off_the_shelf_SVPWM_sfun_registry.obj
 0001:00016c70       ssSetZcSignalType          0000000180017c70 f   motor_control_with_off_the_shelf_SVPWM_sfun_registry.obj
 0001:00016ce0       ssSetZcSignalZcTol         0000000180017ce0 f   motor_control_with_off_the_shelf_SVPWM_sfun_registry.obj
 0001:00016d50       ssSetZcSignalNeedsEventNotification 0000000180017d50 f   motor_control_with_off_the_shelf_SVPWM_sfun_registry.obj
 0001:00016dc0       ssCreateAndAddZcSignalInfo 0000000180017dc0 f   motor_control_with_off_the_shelf_SVPWM_sfun_registry.obj
 0001:00016e30       ssCloneAndAddZcSignalInfo  0000000180017e30 f   motor_control_with_off_the_shelf_SVPWM_sfun_registry.obj
 0001:00016ea0       ssGetNumZcSignals          0000000180017ea0 f   motor_control_with_off_the_shelf_SVPWM_sfun_registry.obj
 0001:00016f10       ssGetZcSignalVector        0000000180017f10 f   motor_control_with_off_the_shelf_SVPWM_sfun_registry.obj
 0001:00016f80       ssGetZcSignalZcEvents      0000000180017f80 f   motor_control_with_off_the_shelf_SVPWM_sfun_registry.obj
 0001:00016ff0       ssGetZcSignalName          0000000180017ff0 f   motor_control_with_off_the_shelf_SVPWM_sfun_registry.obj
 0001:00017060       ssGetZcSignalWidth         0000000180018060 f   motor_control_with_off_the_shelf_SVPWM_sfun_registry.obj
 0001:000170d0       ssGetZcSignalZcEventType   00000001800180d0 f   motor_control_with_off_the_shelf_SVPWM_sfun_registry.obj
 0001:00017140       ssGetZcSignalType          0000000180018140 f   motor_control_with_off_the_shelf_SVPWM_sfun_registry.obj
 0001:000171b0       ssGetZcSignalZcTol         00000001800181b0 f   motor_control_with_off_the_shelf_SVPWM_sfun_registry.obj
 0001:00017230       ssGetZcSignalNeedsEventNotification 0000000180018230 f   motor_control_with_off_the_shelf_SVPWM_sfun_registry.obj
 0001:000172a0       ssGetZcSignalIsZcElementDisc 00000001800182a0 f   motor_control_with_off_the_shelf_SVPWM_sfun_registry.obj
 0001:00017340       ssGetIsInputPortElementContinuous 0000000180018340 f   motor_control_with_off_the_shelf_SVPWM_sfun_registry.obj
 0001:000173e0       _ssGetInputPortSignalPtrsFcn 00000001800183e0 f   motor_control_with_off_the_shelf_SVPWM_sfun_registry.obj
 0001:000176a0       _ssGetInputPortSignalFcn   00000001800186a0 f   motor_control_with_off_the_shelf_SVPWM_sfun_registry.obj
 0001:000178c0       _ssSetInputPortDirectFeedThroughFcn 00000001800188c0 f   motor_control_with_off_the_shelf_SVPWM_sfun_registry.obj
 0001:00017a20       _ssSetInputPortReusableFcn 0000000180018a20 f   motor_control_with_off_the_shelf_SVPWM_sfun_registry.obj
 0001:00017b10       _ssSetOutputPortReusableFcn 0000000180018b10 f   motor_control_with_off_the_shelf_SVPWM_sfun_registry.obj
 0001:00017bf0       ssGetDTypeIdFromMxArray    0000000180018bf0 f   motor_control_with_off_the_shelf_SVPWM_sfun_registry.obj
 0001:00017d10       ssWriteRTWStr              0000000180018d10 f   motor_control_with_off_the_shelf_SVPWM_sfun_registry.obj
 0001:00017d70       ssWriteRTWMxVectParam      0000000180018d70 f   motor_control_with_off_the_shelf_SVPWM_sfun_registry.obj
 0001:00017dd0       ssWriteRTWMx2dMatParam     0000000180018dd0 f   motor_control_with_off_the_shelf_SVPWM_sfun_registry.obj
 0001:00017e50       ssWriteRTWNameValuePair    0000000180018e50 f   motor_control_with_off_the_shelf_SVPWM_sfun_registry.obj
 0001:00018340       ssWriteRTWParameters       0000000180019340 f   motor_control_with_off_the_shelf_SVPWM_sfun_registry.obj
 0001:00018940       ssWriteRTWParamSettings    0000000180019940 f   motor_control_with_off_the_shelf_SVPWM_sfun_registry.obj
 0001:00019010       ssWriteRTWWorkVect         000000018001a010 f   motor_control_with_off_the_shelf_SVPWM_sfun_registry.obj
 0001:00019510       mexFunction                000000018001a510 f   motor_control_with_off_the_shelf_SVPWM_sfun_registry.obj
 0001:0001b150       ProcessMexSfunctionEveryCall 000000018001c150 f   motor_control_with_off_the_shelf_SVPWM_sfun_registry.obj
 0001:0001b2c0       motor_control_with_off_the_shelf_SVPWM_initializer 000000018001c2c0 f   motor_control_with_off_the_shelf_SVPWM_sfun.obj
 0001:0001b2d0       motor_control_with_off_the_shelf_SVPWM_terminator 000000018001c2d0 f   motor_control_with_off_the_shelf_SVPWM_sfun.obj
 0001:0001b2e0       sf_motor_control_with_off_the_shelf_SVPWM_method_dispatcher 000000018001c2e0 f   motor_control_with_off_the_shelf_SVPWM_sfun.obj
 0001:0001b3b0       sf_motor_control_with_off_the_shelf_SVPWM_process_check_sum_call 000000018001c3b0 f   motor_control_with_off_the_shelf_SVPWM_sfun.obj
 0001:0001b810       sf_motor_control_with_off_the_shelf_SVPWM_autoinheritance_info 000000018001c810 f   motor_control_with_off_the_shelf_SVPWM_sfun.obj
 0001:0001bac0       sf_motor_control_with_off_the_shelf_SVPWM_get_eml_resolved_functions_info 000000018001cac0 f   motor_control_with_off_the_shelf_SVPWM_sfun.obj
 0001:0001bd00       motor_control_with_off_the_shelf_SVPWM_debug_initialize 000000018001cd00 f   motor_control_with_off_the_shelf_SVPWM_sfun.obj
 0001:0001bd70       motor_control_with_off_the_shelf_SVPWM_register_exported_symbols 000000018001cd70 f   motor_control_with_off_the_shelf_SVPWM_sfun.obj
 0001:0001bd80       load_motor_control_with_off_the_shelf_SVPWM_optimization_info 000000018001cd80 f   motor_control_with_off_the_shelf_SVPWM_sfun.obj
 0001:0001bdd0       unload_motor_control_with_off_the_shelf_SVPWM_optimization_info 000000018001cdd0 f   motor_control_with_off_the_shelf_SVPWM_sfun.obj
 0001:0001bea0       sf_mex_mx_is_numeric       000000018001cea0 f   sfc_mex:sfc_mex.obj
 0001:0001bee0       strcmp_ignore_ws           000000018001cee0 f   sfc_mex:sfc_mex.obj
 0001:0001c020       sf_mex_duplicatearraysafe  000000018001d020 f   sfc_mex:sfc_mex.obj
 0001:0001c180       sf_set_error_debugger_context_message_fcn 000000018001d180 f   sfc_mex:sfc_mex.obj
 0001:0001c190       sf_set_debugger_matlab_error_fcn 000000018001d190 f   sfc_mex:sfc_mex.obj
 0001:0001c1c0       sf_set_error_prefix_string 000000018001d1c0 f   sfc_mex:sfc_mex.obj
 0001:0001c1f0       sf_get_error_prefix_string 000000018001d1f0 f   sfc_mex:sfc_mex.obj
 0001:0001c200       sf_mex_enter_parallel_region 000000018001d200 f   sfc_mex:sfc_mex.obj
 0001:0001c210       sf_mex_exit_parallel_region 000000018001d210 f   sfc_mex:sfc_mex.obj
 0001:0001c220       sf_get_current_jmp_buf_ptr 000000018001d220 f   sfc_mex:sfc_mex.obj
 0001:0001c230       sf_set_current_jmp_buf_ptr 000000018001d230 f   sfc_mex:sfc_mex.obj
 0001:0001c240       sf_mex_set_halt_simulation 000000018001d240 f   sfc_mex:sfc_mex.obj
 0001:0001c250       sf_mex_get_halt_simulation 000000018001d250 f   sfc_mex:sfc_mex.obj
 0001:0001c260       sf_mex_clear_error_message 000000018001d260 f   sfc_mex:sfc_mex.obj
 0001:0001c280       sf_mex_get_error_message_for_read 000000018001d280 f   sfc_mex:sfc_mex.obj
 0001:0001c290       sf_mex_get_error_message_buffer_length 000000018001d290 f   sfc_mex:sfc_mex.obj
 0001:0001c370       sf_mex_warning_message     000000018001d370 f   sfc_mex:sfc_mex.obj
 0001:0001c3e0       sf_mex_v_errbuf_createf    000000018001d3e0 f   sfc_mex:sfc_mex.obj
 0001:0001c3f0       sf_mex_errbuf_createf      000000018001d3f0 f   sfc_mex:sfc_mex.obj
 0001:0001c420       sf_mex_v_errbuf_catf       000000018001d420 f   sfc_mex:sfc_mex.obj
 0001:0001c460       sf_mex_errbuf_catf         000000018001d460 f   sfc_mex:sfc_mex.obj
 0001:0001c4b0       sf_mex_errbuf_copy         000000018001d4b0 f   sfc_mex:sfc_mex.obj
 0001:0001c4c0       sf_mex_errbuf_clear        000000018001d4c0 f   sfc_mex:sfc_mex.obj
 0001:0001c4d0       sf_mex_errbuf_isempty      000000018001d4d0 f   sfc_mex:sfc_mex.obj
 0001:0001c5e0       sf_mex_set_error_status    000000018001d5e0 f   sfc_mex:sfc_mex.obj
 0001:0001c630       sf_mex_error_direct_call   000000018001d630 f   sfc_mex:sfc_mex.obj
 0001:0001c650       sf_mex_error_message_no_long_jump 000000018001d650 f   sfc_mex:sfc_mex.obj
 0001:0001c670       sf_mex_long_jump_on_error  000000018001d670 f   sfc_mex:sfc_mex.obj
 0001:0001c6a0       sf_mex_call_matlab         000000018001d6a0 f   sfc_mex:sfc_mex.obj
 0001:0001c7c0       sf_mex_check_builtin       000000018001d7c0 f   sfc_mex:sfc_mex.obj
 0001:0001c800       sf_mex_check_builtin_vs    000000018001d800 f   sfc_mex:sfc_mex.obj
 0001:0001c860       sf_mex_check_enum          000000018001d860 f   sfc_mex:sfc_mex.obj
 0001:0001c890       sf_mex_create_enum         000000018001d890 f   sfc_mex:sfc_mex.obj
 0001:0001c8b0       sf_mex_get_enum_element    000000018001d8b0 f   sfc_mex:sfc_mex.obj
 0001:0001c8c0       sf_mex_createcellarray     000000018001d8c0 f   sfc_mex:sfc_mex.obj
 0001:0001c8d0       sf_mex_setcell             000000018001d8d0 f   sfc_mex:sfc_mex.obj
 0001:0001c8e0       sf_mex_getcell             000000018001d8e0 f   sfc_mex:sfc_mex.obj
 0001:0001c8f0       sf_mex_dup                 000000018001d8f0 f   sfc_mex:sfc_mex.obj
 0001:0001c910       sf_mex_assign              000000018001d910 f   sfc_mex:sfc_mex.obj
 0001:0001c990       sf_mex_destroy             000000018001d990 f   sfc_mex:sfc_mex.obj
 0001:0001c9c0       mx_array_has_fi_type       000000018001d9c0 f   sfc_mex:sfc_mex.obj
 0001:0001c9f0       sf_mex_convert_from_fi     000000018001d9f0 f   sfc_mex:sfc_mex.obj
 0001:0001caa0       sf_mex_convert_to_double   000000018001daa0 f   sfc_mex:sfc_mex.obj
 0001:0001cbc0       sf_mex_import_fi_vs        000000018001dbc0 f   sfc_mex:sfc_mex.obj
 0001:0001cd80       sf_matrix_matrix_index_ok  000000018001dd80 f   sfc_mex:sfc_mex.obj
 0001:0001ce10       sf_vector_vector_index_ok  000000018001de10 f   sfc_mex:sfc_mex.obj
 0001:0001ce40       ssGetCurrentInputPortDimensions_wrapper 000000018001de40 f   sfc_mex:sfc_mex.obj
 0001:0001ce60       ssGetCurrentOutputPortDimensions_wrapper 000000018001de60 f   sfc_mex:sfc_mex.obj
 0001:0001ce80       sf_mex_emlrt_context_is_debug_mode 000000018001de80 f   sfc_mex:sfc_mex.obj
 0001:0001ce90       sf_mex_emlrt_context_set_debug_mode 000000018001de90 f   sfc_mex:sfc_mex.obj
 0001:0001cea0       sf_mex_emlrtNameCapturePostProcessR2012a 000000018001dea0 f   sfc_mex:sfc_mex.obj
 0001:0001cf10       sf_clear_error_manager_info 000000018001df10 f   sfc_mex:sfc_mex.obj
 0001:0001cf70       sf_mex_stop_simulation_abruptly_wo_error 000000018001df70 f   sfc_mex:sfc_mex.obj
 0001:0001cfb0       sf_mex_error_message       000000018001dfb0 f   sfc_mex:sfc_mex.obj
 0001:0001d010       sf_react_to_error_in_matlab_call 000000018001e010 f   sfc_mex:sfc_mex.obj
 0001:0001d040       sf_mex_addfield            000000018001e040 f   sfc_mex:sfc_mex.obj
 0001:0001d0e0       sf_mex_getfield            000000018001e0e0 f   sfc_mex:sfc_mex.obj
 0001:0001d3e0       sf_mex_check_class         000000018001e3e0 f   sfc_mex:sfc_mex.obj
 0001:0001d480       sf_mex_is_real             000000018001e480 f   sfc_mex:sfc_mex.obj
 0001:0001d8f0       sf_mex_decode_encoded_mx_struct_array 000000018001e8f0 f   sfc_mex:sfc_mex.obj
 0001:0001dbd0       sf_mex_lw_bounds_check     000000018001ebd0 f   sfc_mex:sfc_mex.obj
 0001:0001dc00       sf_mex_lw_size_eq_check_1d 000000018001ec00 f   sfc_mex:sfc_mex.obj
 0001:0001dc20       sf_mex_lw_size_eq_check_nd 000000018001ec20 f   sfc_mex:sfc_mex.obj
 0001:0001de00       sf_mex_lw_dim_size_eq_check 000000018001ee00 f   sfc_mex:sfc_mex.obj
 0001:0001de30       sf_mex_lw_dim_size_geq_check 000000018001ee30 f   sfc_mex:sfc_mex.obj
 0001:0001de60       sf_mex_lw_sub_assign_size_check_nd 000000018001ee60 f   sfc_mex:sfc_mex.obj
 0001:0001e090       sf_mex_lw_runtime_error_msgid 000000018001f090 f   sfc_mex:sfc_mex.obj
 0001:0001e180       sf_mex_lw_matrix_matrix_index_check 000000018001f180 f   sfc_mex:sfc_mex.obj
 0001:0001e1a0       sf_mex_lw_vector_vector_index_check 000000018001f1a0 f   sfc_mex:sfc_mex.obj
 0001:0001e1e0       sf_mex_lw_for_loop_vector_check 000000018001f1e0 f   sfc_mex:sfc_mex.obj
 0001:0001e260       sf_mex_lw_non_negative_check 000000018001f260 f   sfc_mex:sfc_mex.obj
 0001:0001e2a0       sf_mex_overflow_error      000000018001f2a0 f   sfc_mex:sfc_mex.obj
 0001:0001e2b0       sf_mex_dividebyzero_error  000000018001f2b0 f   sfc_mex:sfc_mex.obj
 0001:0001e2c0       sf_mex_unsafe_enum_error   000000018001f2c0 f   sfc_mex:sfc_mex.obj
 0001:0001e2d0       sf_emlrtErrHandler         000000018001f2d0 f   sfc_mex:sfc_mex.obj
 0001:0001e3b0       sf_mex_size_one_check      000000018001f3b0 f   sfc_mex:sfc_mex.obj
 0001:0001e3d0       sf_mex_printf              000000018001f3d0 f   sfc_mex:sfc_mex.obj
 0001:0001e5a0       sf_mex_check_size          000000018001f5a0 f   sfc_mex:sfc_mex.obj
 0001:0001e870       sf_mex_check_struct        000000018001f870 f   sfc_mex:sfc_mex.obj
 0001:0001ead0       sf_mex_check_struct_vs     000000018001fad0 f   sfc_mex:sfc_mex.obj
 0001:0001eb60       sf_mex_check_fi            000000018001fb60 f   sfc_mex:sfc_mex.obj
 0001:0001ec60       sf_mex_check_fi_vs         000000018001fc60 f   sfc_mex:sfc_mex.obj
 0001:0001ed00       sf_echo_expression         000000018001fd00 f   sfc_mex:sfc_mex.obj
 0001:0001ed60       sf_assertion_failed        000000018001fd60 f   sfc_mex:sfc_mex.obj
 0001:0001f040       sf_mex_evalin              0000000180020040 f   sfc_mex:sfc_mex.obj
 0001:0001f2b0       sf_mex_export              00000001800202b0 f   sfc_mex:sfc_mex.obj
 0001:0001f370       sf_mex_get_ml_var_no_error 0000000180020370 f   sfc_mex:sfc_mex.obj
 0001:0001f510       sf_mex_get_ml_var          0000000180020510 f   sfc_mex:sfc_mex.obj
 0001:0001f9b0       ml_set_element_value_in_array 00000001800209b0 f   sfc_mex:sfc_mex.obj
 0001:00021080       sf_mex_call_impl           0000000180022080 f   sfc_mex:sfc_mex.obj
 0001:000215b0       sf_mex_call_debug          00000001800225b0 f   sfc_mex:sfc_mex.obj
 0001:000215e0       sf_mex_call                00000001800225e0 f   sfc_mex:sfc_mex.obj
 0001:00021c30       sf_mex_createstruct        0000000180022c30 f   sfc_mex:sfc_mex.obj
 0001:00021d20       sf_mex_createstructarray   0000000180022d20 f   sfc_mex:sfc_mex.obj
 0001:00021da0       sf_mex_get_mx_datatype_from_sf_datatype 0000000180022da0 f   sfc_mex:sfc_mex.obj
 0001:000220b0       sf_mex_ml_var_sub          00000001800230b0 f   sfc_mex:sfc_mex.obj
 0001:00022280       sf_mex_ml_var_subsasgn     0000000180023280 f   sfc_mex:sfc_mex.obj
 0001:00022670       sf_mex_sub                 0000000180023670 f   sfc_mex:sfc_mex.obj
 0001:00022870       sf_mex_subsasgn            0000000180023870 f   sfc_mex:sfc_mex.obj
 0001:00022d50       sf_mex_create              0000000180023d50 f   sfc_mex:sfc_mex.obj
 0001:000237a0       sf_mex_import_named        00000001800247a0 f   sfc_mex:sfc_mex.obj
 0001:00023800       sf_mex_import              0000000180024800 f   sfc_mex:sfc_mex.obj
 0001:00023850       sf_mex_import_vs           0000000180024850 f   sfc_mex:sfc_mex.obj
 0001:00023960       sf_mex_lower_fixpt_mx_array 0000000180024960 f   sfc_mex:sfc_mex.obj
 0001:00023c50       sf_send_message_wrapper    0000000180024c50 f   sfc_mex:sfc_sf.obj
 0001:00023c80       sf_receive_message_wrapper 0000000180024c80 f   sfc_mex:sfc_sf.obj
 0001:00023cc0       sf_check_out_message_wrapper 0000000180024cc0 f   sfc_mex:sfc_sf.obj
 0001:00023d00       sf_check_in_message_wrapper 0000000180024d00 f   sfc_mex:sfc_sf.obj
 0001:00023d40       sf_no_message_wrapper      0000000180024d40 f   sfc_mex:sfc_sf.obj
 0001:000240d0       sim_mode_is_rtw_gen        00000001800250d0 f   sfc_mex:sfc_sf.obj
 0001:00024100       sim_mode_is_external       0000000180025100 f   sfc_mex:sfc_sf.obj
 0001:00024110       sim_mode_is_modelref_sim   0000000180025110 f   sfc_mex:sfc_sf.obj
 0001:00024130       mdlInitializeSizes         0000000180025130 f   sfc_mex:sfc_sf.obj
 0001:00024150       mdlInitializeSampleTimes   0000000180025150 f   sfc_mex:sfc_sf.obj
 0001:00024190       mdlZeroCrossings           0000000180025190 f   sfc_mex:sfc_sf.obj
 0001:00024270       mdlDerivatives             0000000180025270 f   sfc_mex:sfc_sf.obj
 0001:00024320       mdl_initialize_conditions_processing 0000000180025320 f   sfc_mex:sfc_sf.obj
 0001:00024350       mdlInitializeConditions    0000000180025350 f   sfc_mex:sfc_sf.obj
 0001:00024410       mdlGetSimState             0000000180025410 f   sfc_mex:sfc_sf.obj
 0001:00024420       mdlSetSimState             0000000180025420 f   sfc_mex:sfc_sf.obj
 0001:00024430       mdl_ext_mode_exec_processing 0000000180025430 f   sfc_mex:sfc_sf.obj
 0001:00024450       mdlExtModeExec             0000000180025450 f   sfc_mex:sfc_sf.obj
 0001:000245e0       mdlTerminate               00000001800255e0 f   sfc_mex:sfc_sf.obj
 0001:00024650       mdlRTW                     0000000180025650 f   sfc_mex:sfc_sf.obj
 0001:00024680       mdlSetWorkWidths           0000000180025680 f   sfc_mex:sfc_sf.obj
 0001:00024690       mdlProcessParameters       0000000180025690 f   sfc_mex:sfc_sf.obj
 0001:000246a0       mdl_start_processing       00000001800256a0 f   sfc_mex:sfc_sf.obj
 0001:000246e0       mdlStart                   00000001800256e0 f   sfc_mex:sfc_sf.obj
 0001:000247d0       mdlEnable                  00000001800257d0 f   sfc_mex:sfc_sf.obj
 0001:000248a0       mdlDisable                 00000001800258a0 f   sfc_mex:sfc_sf.obj
 0001:00024950       sf_get_chart_instance_ptr  0000000180025950 f   sfc_mex:sfc_sf.obj
 0001:00024970       sf_load_rtw_optimization_info 0000000180025970 f   sfc_mex:sfc_sf.obj
 0001:00024a40       sf_rtw_info_uint_prop      0000000180025a40 f   sfc_mex:sfc_sf.obj
 0001:00024b80       sf_is_chart_inlinable      0000000180025b80 f   sfc_mex:sfc_sf.obj
 0001:00024ba0       sf_mark_output_events_with_multiple_callers 0000000180025ba0 f   sfc_mex:sfc_sf.obj
 0001:00024d30       sf_mark_chart_reusable_outputs 0000000180025d30 f   sfc_mex:sfc_sf.obj
 0001:00024f90       sf_mark_chart_expressionable_inputs 0000000180025f90 f   sfc_mex:sfc_sf.obj
 0001:000251f0       sf_get_subchart_simstruct  00000001800261f0 f   sfc_mex:sfc_sf.obj
 0001:00025240       sf_get_fixpt_data_type_id  0000000180026240 f   sfc_mex:sfc_sf.obj
 0001:00025280       sf_get_enum_data_type_id   0000000180026280 f   sfc_mex:sfc_sf.obj
 0001:000252c0       sf_get_param_data_type_id  00000001800262c0 f   sfc_mex:sfc_sf.obj
 0001:000252f0       sf_mex_listen_for_ctrl_c_force 00000001800262f0 f   sfc_mex:sfc_sf.obj
 0001:00025400       sf_mex_draw_now            0000000180026400 f   sfc_mex:sfc_sf.obj
 0001:00025440       sf_mex_set_debugger_sim_status_listener_fcn 0000000180026440 f   sfc_mex:sfc_sf.obj
 0001:00025450       sf_mex_listen_for_ctrl_c   0000000180026450 f   sfc_mex:sfc_sf.obj
 0001:000254e0       sf_mex_get_sfun_param      00000001800264e0 f   sfc_mex:sfc_sf.obj
 0001:00025530       sf_get_runtime_param_data  0000000180026530 f   sfc_mex:sfc_sf.obj
 0001:00025570       sf_call_output_fcn_call    0000000180026570 f   sfc_mex:sfc_sf.obj
 0001:000256b0       sf_call_output_fcn_enable  00000001800266b0 f   sfc_mex:sfc_sf.obj
 0001:00025740       sf_call_output_fcn_disable 0000000180026740 f   sfc_mex:sfc_sf.obj
 0001:000257d0       sf_clear_rtw_identifier    00000001800267d0 f   sfc_mex:sfc_sf.obj
 0001:00025fc0       sf_set_encoded_dwork_info  0000000180026fc0 f   sfc_mex:sfc_sf.obj
 0001:00026010       sf_get_dwork_info_from_mat_file 0000000180027010 f   sfc_mex:sfc_sf.obj
 0001:000261d0       sf_set_rtw_dwork_info      00000001800271d0 f   sfc_mex:sfc_sf.obj
 0001:00026340       mdlOutputs                 0000000180027340 f   sfc_mex:sfc_sf.obj
 0001:000264e0       sf_debug_disp              00000001800274e0 f   sfc_debug:sfcdebug.obj
 0001:00026740       sf_debug_data_runtime_size_mismatch_error_check 0000000180027740 f   sfc_debug:sfcdebug.obj
 0001:000267e0       sf_debug_try_loading_machine 00000001800277e0 f   sfc_debug:sfcdebug.obj
 0001:000268e0       sf_debug_reset_current_state_configuration 00000001800278e0 f   sfc_debug:sfcdebug.obj
 0001:00026970       sf_debug_store_current_state_configuration 0000000180027970 f   sfc_debug:sfcdebug.obj
 0001:00026a00       sf_debug_restore_previous_state_configuration 0000000180027a00 f   sfc_debug:sfcdebug.obj
 0001:00026a90       sf_debug_restore_previous_state_configuration2 0000000180027a90 f   sfc_debug:sfcdebug.obj
 0001:00026b20       sf_debug_get_event_scope   0000000180027b20 f   sfc_debug:sfcdebug.obj
 0001:00026c90       use_debugger_step_animation 0000000180027c90 f   sfc_debug:sfcdebug.obj
 0001:00026cb0       sf_debug_get_script_id     0000000180027cb0 f   sfc_debug:sfcdebug.obj
 0001:00026d40       sf_debug_set_script_translation 0000000180027d40 f   sfc_debug:sfcdebug.obj
 0001:00026ec0       sf_debug_extract_message_post_receive_info 0000000180027ec0 f   sfc_debug:sfcdebug.obj
 0001:00026fc0       sf_debug_get_current_machine_id 0000000180027fc0 f   sfc_debug:sfcdebug.obj
 0001:00026fe0       sf_debug_get_current_optional_integer 0000000180027fe0 f   sfc_debug:sfcdebug.obj
 0001:00026ff0       sf_debug_get_current_machine_number 0000000180027ff0 f   sfc_debug:sfcdebug.obj
 0001:00027010       sf_debug_get_current_machine_name 0000000180028010 f   sfc_debug:sfcdebug.obj
 0001:00027030       sf_debug_get_current_chart_id 0000000180028030 f   sfc_debug:sfcdebug.obj
 0001:00027080       sf_debug_get_current_chart_number 0000000180028080 f   sfc_debug:sfcdebug.obj
 0001:00027090       sf_debug_get_current_instance_number 0000000180028090 f   sfc_debug:sfcdebug.obj
 0001:000270a0       sf_debug_get_current_is_minor_time_step 00000001800280a0 f   sfc_debug:sfcdebug.obj
 0001:00027120       sf_debug_get_current_object_type 0000000180028120 f   sfc_debug:sfcdebug.obj
 0001:00027130       sf_debug_get_current_instance_handle 0000000180028130 f   sfc_debug:sfcdebug.obj
 0001:00027190       sf_debug_get_current_event_type 0000000180028190 f   sfc_debug:sfcdebug.obj
 0001:000271a0       sf_debug_get_current_object_id 00000001800281a0 f   sfc_debug:sfcdebug.obj
 0001:000271e0       sf_debug_get_current_active_event_type 00000001800281e0 f   sfc_debug:sfcdebug.obj
 0001:000271f0       sf_debug_get_current_active_event_id 00000001800281f0 f   sfc_debug:sfcdebug.obj
 0001:00027230       sf_debug_get_current_tag_type 0000000180028230 f   sfc_debug:sfcdebug.obj
 0001:00027240       sf_debug_get_current_simulation_time 0000000180028240 f   sfc_debug:sfcdebug.obj
 0001:00027250       sf_debug_get_current_coverage_percentage 0000000180028250 f   sfc_debug:sfcdebug.obj
 0001:00027260       sf_debug_current_statement_context 0000000180028260 f   sfc_debug:sfcdebug.obj
 0001:000272f0       sf_debug_get_current_statement_info 00000001800282f0 f   sfc_debug:sfcdebug.obj
 0001:00027470       sf_debug_terminate_instance 0000000180028470 f   sfc_debug:sfcdebug.obj
 0001:000277b0       sf_debug_assertion_failed  00000001800287b0 f   sfc_debug:sfcdebug.obj
 0001:00027960       sf_debug_set_number_of_data_with_change_event_for_machine 0000000180028960 f   sfc_debug:sfcdebug.obj
 0001:000279a0       sf_debug_set_machine_event_thresholds 00000001800289a0 f   sfc_debug:sfcdebug.obj
 0001:000279c0       sf_debug_set_machine_event_scope 00000001800289c0 f   sfc_debug:sfcdebug.obj
 0001:00027a00       sf_debug_set_machine_data_thresholds 0000000180028a00 f   sfc_debug:sfcdebug.obj
 0001:00027a40       sf_debug_set_machine_data_scope 0000000180028a40 f   sfc_debug:sfcdebug.obj
 0001:00027ad0       sf_debug_set_machine_data_name 0000000180028ad0 f   sfc_debug:sfcdebug.obj
 0001:00027b70       sf_debug_set_machine_data_size 0000000180028b70 f   sfc_debug:sfcdebug.obj
 0001:00027cb0       sf_debug_set_machine_data_type 0000000180028cb0 f   sfc_debug:sfcdebug.obj
 0001:00027e20       sf_debug_get_chart_data_number 0000000180028e20 f   sfc_debug:sfcdebug.obj
 0001:00027e40       sf_debug_get_chart_event_number 0000000180028e40 f   sfc_debug:sfcdebug.obj
 0001:00027e60       sf_debug_set_chart_state_info 0000000180028e60 f   sfc_debug:sfcdebug.obj
 0001:00027ee0       sf_debug_set_chart_decomposition 0000000180028ee0 f   sfc_debug:sfcdebug.obj
 0001:00027f50       sf_debug_set_chart_substate_count 0000000180028f50 f   sfc_debug:sfcdebug.obj
 0001:00028030       sf_debug_set_chart_substate_index 0000000180029030 f   sfc_debug:sfcdebug.obj
 0001:000280a0       sf_debug_set_chart_state_substate_count 00000001800290a0 f   sfc_debug:sfcdebug.obj
 0001:000281b0       sf_debug_set_chart_state_substate_index 00000001800291b0 f   sfc_debug:sfcdebug.obj
 0001:00028230       sf_debug_set_number_of_data_with_change_event_for_chart 0000000180029230 f   sfc_debug:sfcdebug.obj
 0001:000282b0       sf_debug_set_number_of_states_with_entry_event_for_chart 00000001800292b0 f   sfc_debug:sfcdebug.obj
 0001:00028320       sf_debug_set_number_of_states_with_exit_event_for_chart 0000000180029320 f   sfc_debug:sfcdebug.obj
 0001:00028390       sf_debug_set_chart_disable_implicit_casting 0000000180029390 f   sfc_debug:sfcdebug.obj
 0001:00028400       sf_debug_set_chart_event_thresholds 0000000180029400 f   sfc_debug:sfcdebug.obj
 0001:00028470       sf_debug_set_chart_data_compiled_props 0000000180029470 f   sfc_debug:sfcdebug.obj
 0001:000287c0       sf_debug_set_chart_data_props 00000001800297c0 f   sfc_debug:sfcdebug.obj
 0001:00028ae0       sf_debug_check_fi_license  0000000180029ae0 f   sfc_debug:sfcdebug.obj
 0001:00028cd0       sf_debug_symbol_scope_push 0000000180029cd0 f   sfc_debug:sfcdebug.obj
 0001:00028d10       sf_debug_symbol_scope_push_eml 0000000180029d10 f   sfc_debug:sfcdebug.obj
 0001:00028d60       sf_debug_symbol_scope_pop  0000000180029d60 f   sfc_debug:sfcdebug.obj
 0001:00028da0       sf_debug_symbol_scope_add_importable 0000000180029da0 f   sfc_debug:sfcdebug.obj
 0001:00028e20       sf_debug_symbol_scope_add  0000000180029e20 f   sfc_debug:sfcdebug.obj
 0001:00028ea0       sf_debug_symbol_scope_add_dyn_importable 0000000180029ea0 f   sfc_debug:sfcdebug.obj
 0001:00028f60       sf_debug_symbol_scope_add_dyn 0000000180029f60 f   sfc_debug:sfcdebug.obj
 0001:00028f90       sf_debug_symbol_scope_add_eml_importable 0000000180029f90 f   sfc_debug:sfcdebug.obj
 0001:00028fd0       sf_debug_symbol_scope_add_eml 0000000180029fd0 f   sfc_debug:sfcdebug.obj
 0001:00029010       sf_debug_symbol_scope_add_eml_dyn_importable 000000018002a010 f   sfc_debug:sfcdebug.obj
 0001:00029080       sf_debug_symbol_scope_add_eml_dyn 000000018002a080 f   sfc_debug:sfcdebug.obj
 0001:000290e0       sf_debug_symbol_switch     000000018002a0e0 f   sfc_debug:sfcdebug.obj
 0001:00029100       sf_debug_symbol_scope_add_verbose 000000018002a100 f   sfc_debug:sfcdebug.obj
 0001:000291d0       sf_debug_set_machine_data_value_ptr 000000018002a1d0 f   sfc_debug:sfcdebug.obj
 0001:00029210       sf_debug_set_instance_data_value_ptr 000000018002a210 f   sfc_debug:sfcdebug.obj
 0001:000292d0       sf_debug_unset_instance_data_value_ptr 000000018002a2d0 f   sfc_debug:sfcdebug.obj
 0001:00029380       sf_debug_set_chart_event_scope 000000018002a380 f   sfc_debug:sfcdebug.obj
 0001:00029400       sf_debug_set_chart_transition_coverage_maps 000000018002a400 f   sfc_debug:sfcdebug.obj
 0001:00029510       sf_debug_set_chart_state_coverage_maps 000000018002a510 f   sfc_debug:sfcdebug.obj
 0001:000295f0       sf_debug_set_instance_transition_coverage_weights 000000018002a5f0 f   sfc_debug:sfcdebug.obj
 0001:00029690       sf_debug_set_instance_state_coverage_weights 000000018002a690 f   sfc_debug:sfcdebug.obj
 0001:000298e0       sf_debug_unload_machine    000000018002a8e0 f   sfc_debug:sfcdebug.obj
 0001:00029930       sf_debug_load_machine      000000018002a930 f   sfc_debug:sfcdebug.obj
 0001:00029a30       sf_debug_set_active_instance_in_data_dictionary 000000018002aa30 f   sfc_debug:sfcdebug.obj
 0001:00029c10       sf_debug_set_active_instance 000000018002ac10 f   sfc_debug:sfcdebug.obj
 0001:00029d50       sf_debug_chart_visiblity_change 000000018002ad50 f   sfc_debug:sfcdebug.obj
 0001:00029e30       sf_debug_select_chart      000000018002ae30 f   sfc_debug:sfcdebug.obj
 0001:00029f00       sf_debug_set_instance_cv_ids 000000018002af00 f   sfc_debug:sfcdebug.obj
 0001:0002a210       sf_debug_select_charts     000000018002b210 f   sfc_debug:sfcdebug.obj
 0001:0002a350       sf_debug_initialized       000000018002b350 f   sfc_debug:sfcdebug.obj
 0001:0002a360       sf_debug_is_uninterruptible 000000018002b360 f   sfc_debug:sfcdebug.obj
 0001:0002a390       sf_debug_initialize_debugger_gui 000000018002b390 f   sfc_debug:sfcdebug.obj
 0001:0002a780       sf_debug_resume            000000018002b780 f   sfc_debug:sfcdebug.obj
 0001:0002a7a0       sf_debug_go                000000018002b7a0 f   sfc_debug:sfcdebug.obj
 0001:0002a7b0       sf_debug_break             000000018002b7b0 f   sfc_debug:sfcdebug.obj
 0001:0002a7c0       sf_debug_step_over         000000018002b7c0 f   sfc_debug:sfcdebug.obj
 0001:0002a7d0       sf_debug_step_out          000000018002b7d0 f   sfc_debug:sfcdebug.obj
 0001:0002a7e0       sf_debug_set_disable_all_breakpoints 000000018002b7e0 f   sfc_debug:sfcdebug.obj
 0001:0002a7f0       sf_debug_disable_all_breakpoints_and_go 000000018002b7f0 f   sfc_debug:sfcdebug.obj
 0001:0002a800       sf_debug_break_on_chart_entry 000000018002b800 f   sfc_debug:sfcdebug.obj
 0001:0002a810       sf_debug_break_on_event_broadcast 000000018002b810 f   sfc_debug:sfcdebug.obj
 0001:0002a820       sf_debug_break_on_state_entry 000000018002b820 f   sfc_debug:sfcdebug.obj
 0001:0002a830       sf_debug_break_between_times 000000018002b830 f   sfc_debug:sfcdebug.obj
 0001:0002a850       sf_debug_browse_data       000000018002b850 f   sfc_debug:sfcdebug.obj
 0001:0002a870       sf_debug_watch_data        000000018002b870 f   sfc_debug:sfcdebug.obj
 0001:0002a890       sf_debug_assign_data       000000018002b890 f   sfc_debug:sfcdebug.obj
 0001:0002a8b0       sf_debug_whos              000000018002b8b0 f   sfc_debug:sfcdebug.obj
 0001:0002a8d0       sf_debug_get_consistency_info 000000018002b8d0 f   sfc_debug:sfcdebug.obj
 0001:0002a8e0       sf_debug_browse_trace      000000018002b8e0 f   sfc_debug:sfcdebug.obj
 0001:0002a8f0       sf_debug_set_breakpoints   000000018002b8f0 f   sfc_debug:sfcdebug.obj
 0001:0002aa50       sf_debug_set_eml_breakpoints 000000018002ba50 f   sfc_debug:sfcdebug.obj
 0001:0002abb0       sf_debug_set_script_breakpoints 000000018002bbb0 f   sfc_debug:sfcdebug.obj
 0001:0002ac30       sf_debug_add_script_breakpoints 000000018002bc30 f   sfc_debug:sfcdebug.obj
 0001:0002aca0       sf_debug_clear_script_breakpoints 000000018002bca0 f   sfc_debug:sfcdebug.obj
 0001:0002ad10       sf_debug_query_script_breakpoints 000000018002bd10 f   sfc_debug:sfcdebug.obj
 0001:0002add0       sf_debug_get_eml_script_id 000000018002bdd0 f   sfc_debug:sfcdebug.obj
 0001:0002ae20       sf_debug_set_watch         000000018002be20 f   sfc_debug:sfcdebug.obj
 0001:0002b050       sf_debug_get_instance_handle 000000018002c050 f   sfc_debug:sfcdebug.obj
 0001:0002b0e0       sf_debug_get_active_states 000000018002c0e0 f   sfc_debug:sfcdebug.obj
 0001:0002b0f0       sf_debug_get_animation     000000018002c0f0 f   sfc_debug:sfcdebug.obj
 0001:0002b100       sf_debug_set_animation     000000018002c100 f   sfc_debug:sfcdebug.obj
 0001:0002b110       sf_debug_animate           000000018002c110 f   sfc_debug:sfcdebug.obj
 0001:0002b140       sf_debug_cycle_detection_check 000000018002c140 f   sfc_debug:sfcdebug.obj
 0001:0002b150       sf_debug_data_range_check  000000018002c150 f   sfc_debug:sfcdebug.obj
 0001:0002b160       sf_debug_transition_conflict_check 000000018002c160 f   sfc_debug:sfcdebug.obj
 0001:0002b170       sf_debug_state_consistency_check 000000018002c170 f   sfc_debug:sfcdebug.obj
 0001:0002b180       sf_debug_data_range_check_enabled 000000018002c180 f   sfc_debug:sfcdebug.obj
 0001:0002b1a0       sf_debug_transition_conflict_check_enabled 000000018002c1a0 f   sfc_debug:sfcdebug.obj
 0001:0002b1c0       sf_debug_transition_conflict_check_begin 000000018002c1c0 f   sfc_debug:sfcdebug.obj
 0001:0002b1e0       sf_debug_transition_conflict_check_end 000000018002c1e0 f   sfc_debug:sfcdebug.obj
 0001:0002b200       sf_debug_stop_debugging    000000018002c200 f   sfc_debug:sfcdebug.obj
 0001:0002b230       sf_debug_is_cycle_detected 000000018002c230 f   sfc_debug:sfcdebug.obj
 0001:0002b240       sf_debug_is_array_bounds_detected 000000018002c240 f   sfc_debug:sfcdebug.obj
 0001:0002b250       sf_debug_get_state_vectors_data_size 000000018002c250 f   sfc_debug:sfcdebug.obj
 0001:0002b290       sf_debug_get_state_vectors_data 000000018002c290 f   sfc_debug:sfcdebug.obj
 0001:0002b390       sf_debug_set_state_vectors_data 000000018002c390 f   sfc_debug:sfcdebug.obj
 0001:0002b650       sf_debug_get_script_index  000000018002c650 f   sfc_debug:sfcdebug.obj
 0001:0002b7e0       sf_debug_add_script        000000018002c7e0 f   sfc_debug:sfcdebug.obj
 0001:0002b970       cv_eval_point              000000018002c970 f   sfc_debug:sfcdebug.obj
 0001:0002bae0       cv_eval_testobjective      000000018002cae0 f   sfc_debug:sfcdebug.obj
 0001:0002bc00       sf_debug_cv_init_state     000000018002cc00 f   sfc_debug:sfcdebug.obj
 0001:0002bd20       sf_debug_cv_init_chart     000000018002cd20 f   sfc_debug:sfcdebug.obj
 0001:0002be00       sf_debug_cv_init_trans     000000018002ce00 f   sfc_debug:sfcdebug.obj
 0001:0002bf00       sf_debug_cv_init_testobjectives 000000018002cf00 f   sfc_debug:sfcdebug.obj
 0001:0002c0e0       cv_eml_init_script         000000018002d0e0 f   sfc_debug:sfcdebug.obj
 0001:0002c1e0       cv_eml_init_fcn            000000018002d1e0 f   sfc_debug:sfcdebug.obj
 0001:0002c290       cv_eml_init_testobjective  000000018002d290 f   sfc_debug:sfcdebug.obj
 0001:0002c360       cv_eml_init_if             000000018002d360 f   sfc_debug:sfcdebug.obj
 0001:0002c430       cv_eml_init_for            000000018002d430 f   sfc_debug:sfcdebug.obj
 0001:0002c4f0       cv_eml_init_while          000000018002d4f0 f   sfc_debug:sfcdebug.obj
 0001:0002c5b0       cv_eml_init_mcdc           000000018002d5b0 f   sfc_debug:sfcdebug.obj
 0001:0002c6c0       cv_eml_init_switch         000000018002d6c0 f   sfc_debug:sfcdebug.obj
 0001:0002c7b0       cv_eml_eval                000000018002d7b0 f   sfc_debug:sfcdebug.obj
 0001:0002c890       sf_debug_bm_is_a_eml_breakpoint 000000018002d890 f   sfc_debug:sfcdebug.obj
 0001:0002c9e0       sf_debug_temporal_threshold 000000018002d9e0 f   sfc_debug:sfcdebug.obj
 0001:0002cd40       sf_debug_transition_conflict_error 000000018002dd40 f   sfc_debug:sfcdebug.obj
 0001:0002d0c0       sf_debug_state_inconsistency_error 000000018002e0c0 f   sfc_debug:sfcdebug.obj
 0001:0002d1e0       sf_debug_check_for_state_inconsistency 000000018002e1e0 f   sfc_debug:sfcdebug.obj
 0001:0002d210       sf_debug_cycle_detecton_error 000000018002e210 f   sfc_debug:sfcdebug.obj
 0001:0002da00       sf_debug_size_eq_check_1d  000000018002ea00 f   sfc_debug:sfcdebug.obj
 0001:0002da20       sf_debug_size_eq_check_nd  000000018002ea20 f   sfc_debug:sfcdebug.obj
 0001:0002dc00       sf_debug_dim_size_eq_check 000000018002ec00 f   sfc_debug:sfcdebug.obj
 0001:0002dc30       sf_debug_dim_size_geq_check 000000018002ec30 f   sfc_debug:sfcdebug.obj
 0001:0002dc60       sf_debug_sub_assign_size_check_nd 000000018002ec60 f   sfc_debug:sfcdebug.obj
 0001:0002dea0       sf_debug_matrix_matrix_index_check 000000018002eea0 f   sfc_debug:sfcdebug.obj
 0001:0002ded0       sf_debug_vector_vector_index_check 000000018002eed0 f   sfc_debug:sfcdebug.obj
 0001:0002df00       sf_debug_for_loop_vector_check 000000018002ef00 f   sfc_debug:sfcdebug.obj
 0001:0002df80       sf_debug_runtime_error_msgid 000000018002ef80 f   sfc_debug:sfcdebug.obj
 0001:0002e010       sf_debug_data_array_bounds_error_check 000000018002f010 f   sfc_debug:sfcdebug.obj
 0001:0002e120       sf_debug_eml_data_array_bounds_error_check 000000018002f120 f   sfc_debug:sfcdebug.obj
 0001:0002e600       sf_debug_integer_check     000000018002f600 f   sfc_debug:sfcdebug.obj
 0001:0002e6e0       sf_debug_not_nan_check     000000018002f6e0 f   sfc_debug:sfcdebug.obj
 0001:0002e7a0       sf_debug_non_negative_check 000000018002f7a0 f   sfc_debug:sfcdebug.obj
 0001:0002e860       sf_debug_overflow_detection 000000018002f860 f   sfc_debug:sfcdebug.obj
 0001:0002ef50       sf_debug_cast_to_real32_T  000000018002ff50 f   sfc_debug:sfcdebug.obj
 0001:0002f010       sf_debug_cast_to_int8_T    0000000180030010 f   sfc_debug:sfcdebug.obj
 0001:0002f0d0       sf_debug_cast_to_uint8_T   00000001800300d0 f   sfc_debug:sfcdebug.obj
 0001:0002f190       sf_debug_cast_to_int16_T   0000000180030190 f   sfc_debug:sfcdebug.obj
 0001:0002f250       sf_debug_cast_to_uint16_T  0000000180030250 f   sfc_debug:sfcdebug.obj
 0001:0002f310       sf_debug_cast_to_int32_T   0000000180030310 f   sfc_debug:sfcdebug.obj
 0001:0002f3d0       sf_debug_cast_to_uint32_T  00000001800303d0 f   sfc_debug:sfcdebug.obj
 0001:0002f490       sf_debug_data_range_error  0000000180030490 f   sfc_debug:sfcdebug.obj
 0001:0002f7e0       sf_debug_read_before_write_check 00000001800307e0 f   sfc_debug:sfcdebug.obj
 0001:0002fbd0       sf_debug_data_range_error_wrapper_min_max 0000000180030bd0 f   sfc_debug:sfcdebug.obj
 0001:0002fcc0       sf_debug_data_range_error_wrapper_min 0000000180030cc0 f   sfc_debug:sfcdebug.obj
 0001:0002fda0       sf_debug_data_range_error_wrapper_max 0000000180030da0 f   sfc_debug:sfcdebug.obj
 0001:0002fe80       sf_debug_data_range_wrapper 0000000180030e80 f   sfc_debug:sfcdebug.obj
 0001:0002ff30       sf_debug_set_current_status_info 0000000180030f30 f   sfc_debug:sfcdebug.obj
 0001:000302e0       sf_debug_register_message_post_receive_info 00000001800312e0 f   sfc_debug:sfcdebug.obj
 0001:00030550       sf_debug_call              0000000180031550 f   sfc_debug:sfcdebug.obj
 0001:00031410       sf_debug_initialize_machine 0000000180032410 f   sfc_debug:sfcdebug.obj
 0001:00031720       sf_debug_initialize_chart  0000000180032720 f   sfc_debug:sfcdebug.obj
 0001:00031c00       sf_debug_ensure_script     0000000180032c00 f   sfc_debug:sfcdebug.obj
 0001:00031cc0       cv_script_init_script      0000000180032cc0 f   sfc_debug:sfcdebug.obj
 0001:00031da0       cv_script_init_fcn         0000000180032da0 f   sfc_debug:sfcdebug.obj
 0001:00031e50       cv_script_init_testobjective 0000000180032e50 f   sfc_debug:sfcdebug.obj
 0001:00031f00       cv_script_init_if          0000000180032f00 f   sfc_debug:sfcdebug.obj
 0001:00031fb0       cv_script_init_for         0000000180032fb0 f   sfc_debug:sfcdebug.obj
 0001:00032060       cv_script_init_while       0000000180033060 f   sfc_debug:sfcdebug.obj
 0001:00032110       cv_script_init_mcdc        0000000180033110 f   sfc_debug:sfcdebug.obj
 0001:00032210       cv_script_init_switch      0000000180033210 f   sfc_debug:sfcdebug.obj
 0001:000322f0       cv_script_eval             00000001800332f0 f   sfc_debug:sfcdebug.obj
 0001:000323d0       eml_debug_line_call        00000001800333d0 f   sfc_debug:sfcdebug.obj
 0001:00032580       sf_debug_terminate         0000000180033580 f   sfc_debug:sfcdebug.obj
 0001:000326f0       sf_debug_set_script_cv_ids 00000001800336f0 f   sfc_debug:sfcdebug.obj
 0001:00032820       sf_debug_api               0000000180033820 f   sfc_debug:sfc_api.obj
 0001:00034000       sf_debug_sm_terminate      0000000180035000 f   sfc_debug:sfdb_animation.obj
 0001:000341c0       sf_debug_reset_path_objects 00000001800351c0 f   sfc_debug:sfdb_animation.obj
 0001:00034240       sf_debug_sm_reset_object_selection_status 0000000180035240 f   sfc_debug:sfdb_animation.obj
 0001:000342e0       sf_debug_sm_reset_state_buffer 00000001800352e0 f   sfc_debug:sfdb_animation.obj
 0001:000343b0       sf_debug_sm_store_state_buffer 00000001800353b0 f   sfc_debug:sfdb_animation.obj
 0001:00034430       sf_debug_sm_restore_state_buffer1 0000000180035430 f   sfc_debug:sfdb_animation.obj
 0001:000344a0       sf_debug_sm_restore_state_buffer2 00000001800354a0 f   sfc_debug:sfdb_animation.obj
 0001:00034510       sf_debug_sm_chart_active   0000000180035510 f   sfc_debug:sfdb_animation.obj
 0001:00034560       sf_debug_sm_select_active_objects 0000000180035560 f   sfc_debug:sfdb_animation.obj
 0001:00034a10       sf_debug_sm_is_chart_active 0000000180035a10 f   sfc_debug:sfdb_animation.obj
 0001:00034a50       sf_debug_sm_is_state_active 0000000180035a50 f   sfc_debug:sfdb_animation.obj
 0001:00034c90       sf_debug_sm_get_active_states 0000000180035c90 f   sfc_debug:sfdb_animation.obj
 0001:00035250       sf_debug_sm_initialize_instance 0000000180036250 f   sfc_debug:sfdb_animation.obj
 0001:000354a0       sf_debug_sm_change_object_selection_status 00000001800364a0 f   sfc_debug:sfdb_animation.obj
 0001:00035790       cv_create_interface        0000000180036790 f   sfc_debug:cv_sfinterface.obj
 0001:00035af0       cv_init_trans              0000000180036af0 f   sfc_debug:cv_sfinterface.obj
 0001:00035b40       cv_init_testobjective      0000000180036b40 f   sfc_debug:cv_sfinterface.obj
 0001:00035b80       cv_init_state              0000000180036b80 f   sfc_debug:cv_sfinterface.obj
 0001:00035bf0       cv_init_chart              0000000180036bf0 f   sfc_debug:cv_sfinterface.obj
 0001:00035c40       cv_dec_update_call         0000000180036c40 f   sfc_debug:cv_sfinterface.obj
 0001:00035c80       cv_cond_update_call        0000000180036c80 f   sfc_debug:cv_sfinterface.obj
 0001:00035cc0       cv_testobjective_update_call 0000000180036cc0 f   sfc_debug:cv_sfinterface.obj
 0001:00035d00       cv_sigrange_update         0000000180036d00 f   sfc_debug:cv_sfinterface.obj
 0001:00035d40       cvsf_eml_eval              0000000180036d40 f   sfc_debug:cv_sfinterface.obj
 0001:00035e20       cvsf_eml_init_script       0000000180036e20 f   sfc_debug:cv_sfinterface.obj
 0001:00035ea0       cvsf_eml_init_fcn          0000000180036ea0 f   sfc_debug:cv_sfinterface.obj
 0001:00035f00       cvsf_eml_init_testobjective 0000000180036f00 f   sfc_debug:cv_sfinterface.obj
 0001:00035f60       cvsf_eml_init_if           0000000180036f60 f   sfc_debug:cv_sfinterface.obj
 0001:00035fc0       cvsf_eml_init_for          0000000180036fc0 f   sfc_debug:cv_sfinterface.obj
 0001:00036010       cvsf_eml_init_while        0000000180037010 f   sfc_debug:cv_sfinterface.obj
 0001:00036060       cvsf_eml_init_mcdc         0000000180037060 f   sfc_debug:cv_sfinterface.obj
 0001:000360f0       cvsf_eml_init_switch       00000001800370f0 f   sfc_debug:cv_sfinterface.obj
 0001:00036160       cvsf_script_eval           0000000180037160 f   sfc_debug:cv_sfinterface.obj
 0001:00036240       cvsf_script_init_script    0000000180037240 f   sfc_debug:cv_sfinterface.obj
 0001:000362c0       cvsf_script_init_fcn       00000001800372c0 f   sfc_debug:cv_sfinterface.obj
 0001:00036320       cvsf_script_init_testobjective 0000000180037320 f   sfc_debug:cv_sfinterface.obj
 0001:00036380       cvsf_script_init_if        0000000180037380 f   sfc_debug:cv_sfinterface.obj
 0001:000363e0       cvsf_script_init_for       00000001800373e0 f   sfc_debug:cv_sfinterface.obj
 0001:00036430       cvsf_script_init_while     0000000180037430 f   sfc_debug:cv_sfinterface.obj
 0001:00036480       cvsf_script_init_mcdc      0000000180037480 f   sfc_debug:cv_sfinterface.obj
 0001:00036510       cvsf_script_init_switch    0000000180037510 f   sfc_debug:cv_sfinterface.obj
 0001:00036580       cv_destroy_interface       0000000180037580 f   sfc_debug:cv_sfinterface.obj
 0001:000365a0       cv_create_instance_objects 00000001800375a0 f   sfc_debug:cv_sfinterface.obj
 0001:00036a50       cv_is_enabled              0000000180037a50 f   sfc_debug:cv_sfinterface.obj
 0001:00036a60       sf_debug_cv_initialize_script 0000000180037a60 f   sfc_debug:cv_sfinterface.obj
 0001:00036c10       sf_debug_cv_initialize_instance 0000000180037c10 f   sfc_debug:cv_sfinterface.obj
 0001:00036fb0       sf_debug_cv_terminate_chart 0000000180037fb0 f   sfc_debug:cv_sfinterface.obj
 0001:000370f0       cv_call_trans_test         00000001800380f0 f   sfc_debug:cv_sfinterface.obj
 0001:00037100       cv_call_sub_cond_test      0000000180038100 f   sfc_debug:cv_sfinterface.obj
 0001:00037140       sf_debug_st_initialize_machine 0000000180038140 f   sfc_debug:sfdb_data_browse.obj
 0001:00037200       sf_debug_st_initialize_instance 0000000180038200 f   sfc_debug:sfdb_data_browse.obj
 0001:00037430       sf_debug_st_terminate      0000000180038430 f   sfc_debug:sfdb_data_browse.obj
 0001:000377d0       sf_debug_st_set_data_value_ptr_in_machine 00000001800387d0 f   sfc_debug:sfdb_data_browse.obj
 0001:00037860       sf_debug_st_set_data_value_ptr_in_instance 0000000180038860 f   sfc_debug:sfdb_data_browse.obj
 0001:00037940       sf_debug_st_unset_data_value_ptr_in_machine 0000000180038940 f   sfc_debug:sfdb_data_browse.obj
 0001:000379b0       sf_debug_st_unset_data_value_ptr_in_instance 00000001800389b0 f   sfc_debug:sfdb_data_browse.obj
 0001:00037cc0       sf_debug_mx_value          0000000180038cc0 f   sfc_debug:sfdb_data_browse.obj
 0001:00037d20       sf_debug_mx_packed_vector  0000000180038d20 f   sfc_debug:sfdb_data_browse.obj
 0001:00037e00       sf_debug_mx_uint_vector    0000000180038e00 f   sfc_debug:sfdb_data_browse.obj
 0001:00037ec0       sf_debug_st_get_double_value_from_void_ptr_vector 0000000180038ec0 f   sfc_debug:sfdb_data_browse.obj
 0001:000389b0       sf_debug_st_browse_data    00000001800399b0 f   sfc_debug:sfdb_data_browse.obj
 0001:00039240       sf_debug_hm_initialize_instance 000000018003a240 f   sfc_debug:sfdb_handle_management.obj
 0001:000397c0       sf_debug_hm_get_object_id  000000018003a7c0 f   sfc_debug:sfdb_handle_management.obj
 0001:0003b730       sf_debug_object_is_eml_function 000000018003c730 f   sfc_debug:sfdb_handle_management.obj
 0001:0003b7a0       sf_debug_hm_initialize_ids_in_machine 000000018003c7a0 f   sfc_debug:sfdb_handle_management.obj
 0001:0003b910       sf_debug_hm_initialize_ids_in_chart 000000018003c910 f   sfc_debug:sfdb_handle_management.obj
 0001:0003ba50       sf_debug_hm_initialize_chart 000000018003ca50 f   sfc_debug:sfdb_handle_management.obj
 0001:0003c200       sf_debug_hm_terminate      000000018003d200 f   sfc_debug:sfdb_handle_management.obj
 0001:0003c260       sf_debug_hm_initialize_machine 000000018003d260 f   sfc_debug:sfdb_handle_management.obj
 0001:0003ca10       sf_debug_ss_initialize     000000018003da10 f   sfc_debug:sfdb_symbol_scope.obj
 0001:0003ca30       sf_debug_ss_terminate      000000018003da30 f   sfc_debug:sfdb_symbol_scope.obj
 0001:0003cac0       sf_debug_ss_push_symbol_scope 000000018003dac0 f   sfc_debug:sfdb_symbol_scope.obj
 0001:0003cbc0       sf_debug_ss_push_symbol_scope_eml 000000018003dbc0 f   sfc_debug:sfdb_symbol_scope.obj
 0001:0003cc20       sf_debug_ss_pop_symbol_scope 000000018003dc20 f   sfc_debug:sfdb_symbol_scope.obj
 0001:0003ccd0       sf_debug_ss_add_symbol     000000018003dcd0 f   sfc_debug:sfdb_symbol_scope.obj
 0001:0003ce30       sf_debug_ss_add_symbol_eml 000000018003de30 f   sfc_debug:sfdb_symbol_scope.obj
 0001:0003db10       sf_debug_ss_set_data_value 000000018003eb10 f   sfc_debug:sfdb_symbol_scope.obj
 0001:0003dfb0       sf_debug_ss_watch_data     000000018003efb0 f   sfc_debug:sfdb_symbol_scope.obj
 0001:0003e050       sf_debug_ss_assign_data    000000018003f050 f   sfc_debug:sfdb_symbol_scope.obj
 0001:0003ea50       get_data_entry_name        000000018003fa50 f   sfc_debug:sfdb_symbol_scope.obj
 0001:0003eaa0       sf_debug_ss_whos           000000018003faa0 f   sfc_debug:sfdb_symbol_scope.obj
 0001:0003f1b0       sf_debug_cc_initialize_chart 00000001800401b0 f   sfc_debug:sfdb_coverage.obj
 0001:0003fba0       sf_debug_cc_initialize_instance 0000000180040ba0 f   sfc_debug:sfdb_coverage.obj
 0001:000409a0       sf_debug_cc_terminate      00000001800419a0 f   sfc_debug:sfdb_coverage.obj
 0001:00040a90       sf_debug_cc_set_transition_maps 0000000180041a90 f   sfc_debug:sfdb_coverage.obj
 0001:00040bc0       sf_debug_cc_set_state_maps 0000000180041bc0 f   sfc_debug:sfdb_coverage.obj
 0001:00040ca0       sf_debug_cc_set_transition_weights 0000000180041ca0 f   sfc_debug:sfdb_coverage.obj
 0001:00040f70       sf_debug_cc_set_state_weights 0000000180041f70 f   sfc_debug:sfdb_coverage.obj
 0001:00041240       sf_debug_cc_mark_transition_guard 0000000180042240 f   sfc_debug:sfdb_coverage.obj
 0001:000412d0       sf_debug_cc_mark_transition_trigger 00000001800422d0 f   sfc_debug:sfdb_coverage.obj
 0001:00041360       sf_debug_cc_mark_transition_decision 0000000180042360 f   sfc_debug:sfdb_coverage.obj
 0001:000413d0       sf_debug_cc_mark_transition_condition_action 00000001800423d0 f   sfc_debug:sfdb_coverage.obj
 0001:00041420       sf_debug_cc_mark_transition_transition_action 0000000180042420 f   sfc_debug:sfdb_coverage.obj
 0001:00041470       sf_debug_cc_mark_state_entry 0000000180042470 f   sfc_debug:sfdb_coverage.obj
 0001:000414c0       sf_debug_cc_mark_state_during 00000001800424c0 f   sfc_debug:sfdb_coverage.obj
 0001:00041510       sf_debug_cc_mark_state_exit 0000000180042510 f   sfc_debug:sfdb_coverage.obj
 0001:00041560       sf_debug_bm_clear_script_breakpoints 0000000180042560 f   sfc_debug:sfdb_breakpoints.obj
 0001:00041590       sf_debug_bm_set_script_breakpoint 0000000180042590 f   sfc_debug:sfdb_breakpoints.obj
 0001:00041610       sf_debug_bm_clear_single_script_breakpoint 0000000180042610 f   sfc_debug:sfdb_breakpoints.obj
 0001:00041690       sf_debug_bm_query_script_breakpoint 0000000180042690 f   sfc_debug:sfdb_breakpoints.obj
 0001:000416e0       sf_debug_bm_initialize_scripts 00000001800426e0 f   sfc_debug:sfdb_breakpoints.obj
 0001:00041e00       sf_debug_bm_terminate      0000000180042e00 f   sfc_debug:sfdb_breakpoints.obj
 0001:000420f0       sf_debug_bm_remove_all_breakpoints_in_machine 00000001800430f0 f   sfc_debug:sfdb_breakpoints.obj
 0001:00042160       sf_debug_bm_remove_all_breakpoints_in_chart 0000000180043160 f   sfc_debug:sfdb_breakpoints.obj
 0001:000422b0       sf_debug_bm_initialize_global_breakpoints 00000001800432b0 f   sfc_debug:sfdb_breakpoints.obj
 0001:00042430       sf_debug_bm_set_breakpoint 0000000180043430 f   sfc_debug:sfdb_breakpoints.obj
 0001:00042a60       sf_debug_bm_set_eml_breakpoint 0000000180043a60 f   sfc_debug:sfdb_breakpoints.obj
 0001:00042b00       sf_debug_bm_initialize_machine_breakpoint_map 0000000180043b00 f   sfc_debug:sfdb_breakpoints.obj
 0001:00042f20       sf_debug_bm_is_a_breakpoint 0000000180043f20 f   sfc_debug:sfdb_breakpoints.obj
 0001:00043440       sf_debug_bm_get_all_breakpoints_in_machine 0000000180044440 f   sfc_debug:sfdb_breakpoints.obj
 0001:00043740       sf_debug_bm_get_all_breakpoints_in_chart 0000000180044740 f   sfc_debug:sfdb_breakpoints.obj
 0001:00044400       sf_debug_bm_initialize_machine 0000000180045400 f   sfc_debug:sfdb_breakpoints.obj
 0001:000444d0       sf_debug_bm_initialize_chart 00000001800454d0 f   sfc_debug:sfdb_breakpoints.obj
 0001:000448f0       sf_debug_sc_terminate      00000001800458f0 f   sfc_debug:sfdb_state_consistency.obj
 0001:00044c20       sf_debug_sc_is_chart_consistent 0000000180045c20 f   sfc_debug:sfdb_state_consistency.obj
 0001:00044ed0       sf_debug_sc_get_consistency_error_info 0000000180045ed0 f   sfc_debug:sfdb_state_consistency.obj
 0001:00045320       sf_debug_tm_terminate      0000000180046320 f   sfc_debug:sfdb_call_stack.obj
 0001:000453e0       sf_debug_tm_push_chart_instance 00000001800463e0 f   sfc_debug:sfdb_call_stack.obj
 0001:00045530       sf_debug_tm_pop_chart_instance 0000000180046530 f   sfc_debug:sfdb_call_stack.obj
 0001:00045590       sf_debug_tm_push_trace_node 0000000180046590 f   sfc_debug:sfdb_call_stack.obj
 0001:00045720       sf_debug_tm_pop_trace_node 0000000180046720 f   sfc_debug:sfdb_call_stack.obj
 0001:000457a0       sf_debug_tm_get_current_global_trace_index 00000001800467a0 f   sfc_debug:sfdb_call_stack.obj
 0001:000457b0       sf_debug_tm_get_current_local_trace_index 00000001800467b0 f   sfc_debug:sfdb_call_stack.obj
 0001:000457e0       sf_debug_tm_set_cycle_detected_flag 00000001800467e0 f   sfc_debug:sfdb_call_stack.obj
 0001:00045820       sf_debug_tm_set_cycle_started_flag 0000000180046820 f   sfc_debug:sfdb_call_stack.obj
 0001:00045860       sf_debug_tm_get_chart_number_from_stack 0000000180046860 f   sfc_debug:sfdb_call_stack.obj
 0001:00045a60       sf_debug_tm_browse_trace   0000000180046a60 f   sfc_debug:sfdb_call_stack.obj
 0001:00045da0       sf_debug_cd_initialize_instance 0000000180046da0 f   sfc_debug:sfdb_cycle_detection.obj
 0001:00046050       sf_debug_cd_mark_processed_transition_in_instance 0000000180047050 f   sfc_debug:sfdb_cycle_detection.obj
 0001:000460f0       sf_debug_cd_checksum_push  00000001800470f0 f   sfc_debug:sfdb_cycle_detection.obj
 0001:000463b0       sf_debug_cd_checksum_pop   00000001800473b0 f   sfc_debug:sfdb_cycle_detection.obj
 0001:00046420       sf_debug_cd_turn_off_cycle_detection 0000000180047420 f   sfc_debug:sfdb_cycle_detection.obj
 0001:00046470       sf_debug_cd_terminate      0000000180047470 f   sfc_debug:sfdb_cycle_detection.obj
 0001:000466b0       md5_initialize_state       00000001800476b0 f   sfc_debug:ckmd5.obj
 0001:00047120       md5_update_state           0000000180048120 f   sfc_debug:ckmd5.obj
 0001:00047140       md5_get_hash               0000000180048140 f   sfc_debug:ckmd5.obj
 0001:00047170       md5_get_hash_for_a_single_string 0000000180048170 f   sfc_debug:ckmd5.obj
 0001:000471d4       mxGetPr                    00000001800481d4 f   libmx:libmx.dll
 0001:000471da       mxCreateDoubleScalar       00000001800481da f   libmx:libmx.dll
 0001:000471e0       mxCreateDoubleMatrix_730   00000001800481e0 f   libmx:libmx.dll
 0001:000471e6       mxSetField_730             00000001800481e6 f   libmx:libmx.dll
 0001:000471ec       mxCreateString             00000001800481ec f   libmx:libmx.dll
 0001:000471f2       mxCreateStructMatrix_730   00000001800481f2 f   libmx:libmx.dll
 0001:000471f8       mxDestroyArray             00000001800481f8 f   libmx:libmx.dll
 0001:000471fe       mxDuplicateArray           00000001800481fe f   libmx:libmx.dll
 0001:00047204       mxGetString_730            0000000180048204 f   libmx:libmx.dll
 0001:0004720a       mxIsChar                   000000018004820a f   libmx:libmx.dll
 0001:00047210       mxGetClassID               0000000180048210 f   libmx:libmx.dll
 0001:00047216       mxIsNumeric                0000000180048216 f   libmx:libmx.dll
 0001:0004721c       mxIsComplex                000000018004821c f   libmx:libmx.dll
 0001:00047222       mxGetN                     0000000180048222 f   libmx:libmx.dll
 0001:00047228       mxGetM                     0000000180048228 f   libmx:libmx.dll
 0001:0004722e       mxCalloc                   000000018004822e f   libmx:libmx.dll
 0001:00047234       mxGetScalar                0000000180048234 f   libmx:libmx.dll
 0001:0004723a       mxIsLogical                000000018004823a f   libmx:libmx.dll
 0001:00047240       mxCreateDoubleMatrix_700   0000000180048240 f   libmx:libmx.dll
 0001:00047246       mxFree                     0000000180048246 f   libmx:libmx.dll
 0001:0004724c       mxArrayToString            000000018004824c f   libmx:libmx.dll
 0001:00047252       mxCreateCellMatrix_700     0000000180048252 f   libmx:libmx.dll
 0001:00047258       mxSetCell_700              0000000180048258 f   libmx:libmx.dll
 0001:0004725e       mxGetCell_700              000000018004825e f   libmx:libmx.dll
 0001:00047264       mxGetClassName             0000000180048264 f   libmx:libmx.dll
 0001:0004726a       mxSetField_700             000000018004826a f   libmx:libmx.dll
 0001:00047270       mxAddField                 0000000180048270 f   libmx:libmx.dll
 0001:00047276       mxGetField_700             0000000180048276 f   libmx:libmx.dll
 0001:0004727c       mxGetNumberOfElements      000000018004827c f   libmx:libmx.dll
 0001:00047282       mxIsStruct                 0000000180048282 f   libmx:libmx.dll
 0001:00047288       mxIsA                      0000000180048288 f   libmx:libmx.dll
 0001:0004728e       mxIsClass                  000000018004828e f   libmx:libmx.dll
 0001:00047294       mxGetLogicals              0000000180048294 f   libmx:libmx.dll
 0001:0004729a       mxIsSparse                 000000018004829a f   libmx:libmx.dll
 0001:000472a0       mxSetFieldByNumber_700     00000001800482a0 f   libmx:libmx.dll
 0001:000472a6       mxGetFieldByNumber_700     00000001800482a6 f   libmx:libmx.dll
 0001:000472ac       mxGetFieldNameByNumber     00000001800482ac f   libmx:libmx.dll
 0001:000472b2       mxGetNumberOfFields        00000001800482b2 f   libmx:libmx.dll
 0001:000472b8       mxCreateStructMatrix_700   00000001800482b8 f   libmx:libmx.dll
 0001:000472be       mxGetFieldNumber           00000001800482be f   libmx:libmx.dll
 0001:000472c4       mxIsNaN                    00000001800482c4 f   libmx:libmx.dll
 0001:000472ca       mxIsEmpty                  00000001800482ca f   libmx:libmx.dll
 0001:000472d0       mxGetData                  00000001800482d0 f   libmx:libmx.dll
 0001:000472d6       mxGetImagData              00000001800482d6 f   libmx:libmx.dll
 0001:000472dc       mxArrayClassIDName         00000001800482dc f   libmx:libmx.dll
 0001:000472e2       mxCreateNumericMatrix_700  00000001800482e2 f   libmx:libmx.dll
 0001:000472e8       mxCreateStructArray_700    00000001800482e8 f   libmx:libmx.dll
 0001:000472ee       mxCalcSingleSubscript_700  00000001800482ee f   libmx:libmx.dll
 0001:000472f4       mxGetDimensions_700        00000001800482f4 f   libmx:libmx.dll
 0001:000472fa       mxGetNumberOfDimensions_700 00000001800482fa f   libmx:libmx.dll
 0001:00047300       mxCreateNumericArray_700   0000000180048300 f   libmx:libmx.dll
 0001:00047306       mxGetElementSize           0000000180048306 f   libmx:libmx.dll
 0001:0004730c       mxCreateStringFromNChars_700 000000018004830c f   libmx:libmx.dll
 0001:00047312       mxGetString_700            0000000180048312 f   libmx:libmx.dll
 0001:00047318       mxIsLogicalScalarTrue      0000000180048318 f   libmx:libmx.dll
 0001:0004731e       mxCreateLogicalScalar      000000018004831e f   libmx:libmx.dll
 0001:00047324       mexUnlock                  0000000180048324 f   libmex:libmex.dll
 0001:0004732a       mexIsLocked                000000018004832a f   libmex:libmex.dll
 0001:00047330       mexWarnMsgTxt              0000000180048330 f   libmex:libmex.dll
 0001:00047336       mexCallMATLAB              0000000180048336 f   libmex:libmex.dll
 0001:0004733c       mexErrMsgTxt               000000018004833c f   libmex:libmex.dll
 0001:00047342       mexMakeArrayPersistent     0000000180048342 f   libmex:libmex.dll
 0001:00047348       mexSetTrapFlag             0000000180048348 f   libmex:libmex.dll
 0001:0004734e       mexPutVariable             000000018004834e f   libmex:libmex.dll
 0001:00047354       mexGetVariable             0000000180048354 f   libmex:libmex.dll
 0001:0004735a       mexLock                    000000018004835a f   libmex:libmex.dll
 0001:00047360       mexMakeMemoryPersistent    0000000180048360 f   libmex:libmex.dll
 0001:00047366       mexFunctionName            0000000180048366 f   libmex:libmex.dll
 0001:0004736c       ssRegisterDataTypeFxpFSlopeFixExpBias 000000018004836c f   libfixedpoint:libfixedpoint.dll
 0001:00047372       utVSNprintf                0000000180048372 f   libut:libut.dll
 0001:00047378       utCPUtime                  0000000180048378 f   libut:libut.dll
 0001:0004737e       utFree                     000000018004837e f   libut:libut.dll
 0001:00047384       utMalloc                   0000000180048384 f   libut:libut.dll
 0001:0004738a       muDoubleScalarSqrt         000000018004838a f   libmwmathutil:libmwmathutil.dll
 0001:00047390       muDoubleScalarFloor        0000000180048390 f   libmwmathutil:libmwmathutil.dll
 0001:00047396       muDoubleScalarPower        0000000180048396 f   libmwmathutil:libmwmathutil.dll
 0001:0004739c       muDoubleScalarAbs          000000018004839c f   libmwmathutil:libmwmathutil.dll
 0001:000473a2       muDoubleScalarRound        00000001800483a2 f   libmwmathutil:libmwmathutil.dll
 0001:000473a8       muDoubleScalarSin          00000001800483a8 f   libmwmathutil:libmwmathutil.dll
 0001:000473ae       muDoubleScalarCos          00000001800483ae f   libmwmathutil:libmwmathutil.dll
 0001:000473b4       emlrtCheckBuiltInCtxR2011a 00000001800483b4 f   libemlrt:libemlrt.dll
 0001:000473ba       emlrtCheckVsBuiltInCtxR2011a 00000001800483ba f   libemlrt:libemlrt.dll
 0001:000473c0       emlrtCheckEnumR2009a       00000001800483c0 f   libemlrt:libemlrt.dll
 0001:000473c6       emlrtCreateEnumR2010a      00000001800483c6 f   libemlrt:libemlrt.dll
 0001:000473cc       emlrtGetEnumElementR2009a  00000001800483cc f   libemlrt:libemlrt.dll
 0001:000473d2       emlrtCreateReference       00000001800483d2 f   libemlrt:libemlrt.dll
 0001:000473d8       emlrtImportVsFiArrayR2009b 00000001800483d8 f   libemlrt:libemlrt.dll
 0001:000473de       emlrtNameCapturePostProcessR2012a 00000001800483de f   libemlrt:libemlrt.dll
 0001:000473e4       emlrtExtractMessageId      00000001800483e4 f   libemlrt:libemlrt.dll
 0001:000473ea       emlrtTranslateMessageIDtoLCPstring 00000001800483ea f   libemlrt:libemlrt.dll
 0001:000473f0       emlrtForLoopVectorIsValidR2011b 00000001800483f0 f   libemlrt:libemlrt.dll
 0001:000473f6       emlrtTranslateUTF16MessagetoLCPstring 00000001800483f6 f   libemlrt:libemlrt.dll
 0001:000473fc       emlrtGetEnumUnderlyingArrayR2009a 00000001800483fc f   libemlrt:libemlrt.dll
 0001:00047402       emlrtIsEnumR2009a          0000000180048402 f   libemlrt:libemlrt.dll
 0001:00047408       __GSHandlerCheckCommon     0000000180048408 f   MSVCRT:gshandler.obj
 0001:0004746c       __GSHandlerCheck           000000018004846c f   MSVCRT:gshandler.obj
 0001:0004748a       strlen                     000000018004848a f   MSVCRT:MSVCR100.dll
 0001:000474a0       __security_check_cookie    00000001800484a0 f   MSVCRT:amdsecgs.obj
 0001:000474c0       memset                     00000001800484c0 f   MSVCRT:MSVCR100.dll
 0001:000474c6       malloc                     00000001800484c6 f   MSVCRT:MSVCR100.dll
 0001:000474cc       free                       00000001800484cc f   MSVCRT:MSVCR100.dll
 0001:000474d2       strcmp                     00000001800484d2 f   MSVCRT:MSVCR100.dll
 0001:000474d8       sprintf                    00000001800484d8 f   MSVCRT:MSVCR100.dll
 0001:000474de       strcat                     00000001800484de f   MSVCRT:MSVCR100.dll
 0001:000474e4       memcpy                     00000001800484e4 f   MSVCRT:MSVCR100.dll
 0001:000474ec       NtCurrentTeb               00000001800484ec f i MSVCRT:crtdll.obj
 0001:00047558       _CRT_INIT                  0000000180048558 f   MSVCRT:crtdll.obj
 0001:000478f0       _DllMainCRTStartup         00000001800488f0 f   MSVCRT:crtdll.obj
 0001:0004792e       strncpy                    000000018004892e f   MSVCRT:MSVCR100.dll
 0001:00047950       _alloca_probe              0000000180048950     MSVCRT:chkstk.obj
 0001:00047950       __chkstk                   0000000180048950 f   MSVCRT:chkstk.obj
 0001:0004799e       longjmp                    000000018004899e f   MSVCRT:MSVCR100.dll
 0001:000479a4       strncmp                    00000001800489a4 f   MSVCRT:MSVCR100.dll
 0001:000479aa       ceil                       00000001800489aa f   MSVCRT:MSVCR100.dll
 0001:000479b0       strrchr                    00000001800489b0 f   MSVCRT:MSVCR100.dll
 0001:000479b6       _setjmp                    00000001800489b6 f   MSVCRT:MSVCR100.dll
 0001:000479bc       calloc                     00000001800489bc f   MSVCRT:MSVCR100.dll
 0001:000479c2       realloc                    00000001800489c2 f   MSVCRT:MSVCR100.dll
 0001:000479c8       ldexp                      00000001800489c8 f   MSVCRT:MSVCR100.dll
 0001:000479d0       __report_gsfailure         00000001800489d0 f   MSVCRT:gs_report.obj
 0001:00047b1c       __clean_type_info_names    0000000180048b1c f   MSVCRT:tncleanup.obj
 0001:00047b28       _onexit                    0000000180048b28 f   MSVCRT:atonexit.obj
 0001:00047bd8       atexit                     0000000180048bd8 f   MSVCRT:atonexit.obj
 0001:00047bf0       _RTC_Initialize            0000000180048bf0 f   MSVCRT:_initsect_.obj
 0001:00047c28       _RTC_Terminate             0000000180048c28 f   MSVCRT:_initsect_.obj
 0001:00047c60       _malloc_crt                0000000180048c60 f   MSVCRT:MSVCR100.dll
 0001:00047c70       _ValidateImageBase         0000000180048c70 f   MSVCRT:pesect.obj
 0001:00047ca0       _FindPESection             0000000180048ca0 f   MSVCRT:pesect.obj
 0001:00047cf0       _IsNonwritableInCurrentImage 0000000180048cf0 f   MSVCRT:pesect.obj
 0001:00047d32       _initterm                  0000000180048d32 f   MSVCRT:MSVCR100.dll
 0001:00047d38       _initterm_e                0000000180048d38 f   MSVCRT:MSVCR100.dll
 0001:00047d3e       _encoded_null              0000000180048d3e f   MSVCRT:MSVCR100.dll
 0001:00047d44       _amsg_exit                 0000000180048d44 f   MSVCRT:MSVCR100.dll
 0001:00047d4a       __C_specific_handler       0000000180048d4a f   MSVCRT:MSVCR100.dll
 0001:00047d50       __CppXcptFilter            0000000180048d50 f   MSVCRT:MSVCR100.dll
 0001:00047d58       DllMain                    0000000180048d58 f   MSVCRT:dllmain.obj
 0001:00047d7c       __security_init_cookie     0000000180048d7c f   MSVCRT:gs_support.obj
 0001:00047e30       __crt_debugger_hook        0000000180048e30 f   MSVCRT:MSVCR100.dll
 0001:00047e36       __clean_type_info_names_internal 0000000180048e36 f   MSVCRT:MSVCR100.dll
 0001:00047e3c       _unlock                    0000000180048e3c f   MSVCRT:MSVCR100.dll
 0001:00047e42       __dllonexit                0000000180048e42 f   MSVCRT:MSVCR100.dll
 0001:00047e48       _lock                      0000000180048e48 f   MSVCRT:MSVCR100.dll
 0001:00047e4e       EncodePointer              0000000180048e4e f   kernel32:KERNEL32.dll
 0001:00047e54       DecodePointer              0000000180048e54 f   kernel32:KERNEL32.dll
 0001:00047e5a       Sleep                      0000000180048e5a f   kernel32:KERNEL32.dll
 0001:00047e60       TerminateProcess           0000000180048e60 f   kernel32:KERNEL32.dll
 0001:00047e66       GetCurrentProcess          0000000180048e66 f   kernel32:KERNEL32.dll
 0001:00047e6c       UnhandledExceptionFilter   0000000180048e6c f   kernel32:KERNEL32.dll
 0001:00047e72       SetUnhandledExceptionFilter 0000000180048e72 f   kernel32:KERNEL32.dll
 0001:00047e78       IsDebuggerPresent          0000000180048e78 f   kernel32:KERNEL32.dll
 0001:00047e7e       RtlVirtualUnwind           0000000180048e7e f   kernel32:KERNEL32.dll
 0001:00047e84       RtlLookupFunctionEntry     0000000180048e84 f   kernel32:KERNEL32.dll
 0001:00047e8a       RtlCaptureContext          0000000180048e8a f   kernel32:KERNEL32.dll
 0001:00047e90       DisableThreadLibraryCalls  0000000180048e90 f   kernel32:KERNEL32.dll
 0001:00047e96       QueryPerformanceCounter    0000000180048e96 f   kernel32:KERNEL32.dll
 0001:00047e9c       GetTickCount               0000000180048e9c f   kernel32:KERNEL32.dll
 0001:00047ea2       GetCurrentThreadId         0000000180048ea2 f   kernel32:KERNEL32.dll
 0001:00047ea8       GetCurrentProcessId        0000000180048ea8 f   kernel32:KERNEL32.dll
 0001:00047eae       GetSystemTimeAsFileTime    0000000180048eae f   kernel32:KERNEL32.dll
 0002:00000000       __imp_DisableThreadLibraryCalls 0000000180049000     kernel32:KERNEL32.dll
 0002:00000008       __imp_RtlCaptureContext    0000000180049008     kernel32:KERNEL32.dll
 0002:00000010       __imp_RtlLookupFunctionEntry 0000000180049010     kernel32:KERNEL32.dll
 0002:00000018       __imp_RtlVirtualUnwind     0000000180049018     kernel32:KERNEL32.dll
 0002:00000020       __imp_IsDebuggerPresent    0000000180049020     kernel32:KERNEL32.dll
 0002:00000028       __imp_SetUnhandledExceptionFilter 0000000180049028     kernel32:KERNEL32.dll
 0002:00000030       __imp_UnhandledExceptionFilter 0000000180049030     kernel32:KERNEL32.dll
 0002:00000038       __imp_GetCurrentProcess    0000000180049038     kernel32:KERNEL32.dll
 0002:00000040       __imp_TerminateProcess     0000000180049040     kernel32:KERNEL32.dll
 0002:00000048       __imp_Sleep                0000000180049048     kernel32:KERNEL32.dll
 0002:00000050       __imp_DecodePointer        0000000180049050     kernel32:KERNEL32.dll
 0002:00000058       __imp_EncodePointer        0000000180049058     kernel32:KERNEL32.dll
 0002:00000060       __imp_GetTickCount         0000000180049060     kernel32:KERNEL32.dll
 0002:00000068       __imp_GetCurrentThreadId   0000000180049068     kernel32:KERNEL32.dll
 0002:00000070       __imp_GetCurrentProcessId  0000000180049070     kernel32:KERNEL32.dll
 0002:00000078       __imp_GetSystemTimeAsFileTime 0000000180049078     kernel32:KERNEL32.dll
 0002:00000080       __imp_QueryPerformanceCounter 0000000180049080     kernel32:KERNEL32.dll
 0002:00000088       \177KERNEL32_NULL_THUNK_DATA 0000000180049088     kernel32:KERNEL32.dll
 0002:00000090       __imp__onexit              0000000180049090     MSVCRT:MSVCR100.dll
 0002:00000098       __imp__lock                0000000180049098     MSVCRT:MSVCR100.dll
 0002:000000a0       __imp___dllonexit          00000001800490a0     MSVCRT:MSVCR100.dll
 0002:000000a8       __imp__unlock              00000001800490a8     MSVCRT:MSVCR100.dll
 0002:000000b0       __imp___clean_type_info_names_internal 00000001800490b0     MSVCRT:MSVCR100.dll
 0002:000000b8       __imp___crt_debugger_hook  00000001800490b8     MSVCRT:MSVCR100.dll
 0002:000000c0       __imp___CppXcptFilter      00000001800490c0     MSVCRT:MSVCR100.dll
 0002:000000c8       __imp___C_specific_handler 00000001800490c8     MSVCRT:MSVCR100.dll
[...]
 0001:0001f550       sf_numeric_value_to_double 0000000180020550 f   sfc_mex:sfc_mex.obj
 0001:0001f5a0       ml_generic_out_of_bounds_check 00000001800205a0 f   sfc_mex:sfc_mex.obj
 0001:0001f770       ml_get_element_value_from_array 0000000180020770 f   sfc_mex:sfc_mex.obj
 0001:0001fb10       _ml_generic_castability_check 0000000180020b10 f   sfc_mex:sfc_mex.obj
 0001:00020870       ml_generic_castability_check 0000000180021870 f   sfc_mex:sfc_mex.obj
 0001:00020910       ml_check_mx_array_for_single_castability 0000000180021910 f   sfc_mex:sfc_mex.obj
 0001:000209b0       ml_check_mx_array_for_logical_castability 00000001800219b0 f   sfc_mex:sfc_mex.obj
 0001:00020a50       ml_check_mx_array_for_int8_castability 0000000180021a50 f   sfc_mex:sfc_mex.obj
 0001:00020b00       ml_check_mx_array_for_uint8_castability 0000000180021b00 f   sfc_mex:sfc_mex.obj
 0001:00020b60       ml_check_mx_array_for_int16_castability 0000000180021b60 f   sfc_mex:sfc_mex.obj
 0001:00020bc0       ml_check_mx_array_for_uint16_castability 0000000180021bc0 f   sfc_mex:sfc_mex.obj
 0001:00020c20       ml_check_mx_array_for_int32_castability 0000000180021c20 f   sfc_mex:sfc_mex.obj
 0001:00020c80       ml_check_mx_array_for_uint32_castability 0000000180021c80 f   sfc_mex:sfc_mex.obj
 0001:00020ce0       ml_check_mx_array_for_castability 0000000180021ce0 f   sfc_mex:sfc_mex.obj
 0001:00021610       set_data_value             0000000180022610 f   sfc_mex:sfc_mex.obj
 0001:00021980       get_data_value             0000000180022980 f   sfc_mex:sfc_mex.obj
 0001:00021a90       get_next_element_address   0000000180022a90 f   sfc_mex:sfc_mex.obj
 0001:00021b60       sf_normalize_index         0000000180022b60 f   sfc_mex:sfc_mex.obj
 0001:00021ef0       ml_array_index_bound_check 0000000180022ef0 f   sfc_mex:sfc_mex.obj
 0001:00022a10       mx_value                   0000000180023a10 f   sfc_mex:sfc_mex.obj
 0001:00022a60       sf_create_numeric_array    0000000180023a60 f   sfc_mex:sfc_mex.obj
 0001:00022b00       sf_mex_assign_to_mx_array  0000000180023b00 f   sfc_mex:sfc_mex.obj
 0001:00022e50       assign_from_mx_array       0000000180023e50 f   sfc_mex:sfc_mex.obj
 0001:00023680       sf_mex_import_v            0000000180024680 f   sfc_mex:sfc_mex.obj
 0001:00023d80       get_machine_and_chart_file_number 0000000180024d80 f   sfc_mex:sfc_sf.obj
 0001:00023e70       get_sfun_block_specialization 0000000180024e70 f   sfc_mex:sfc_sf.obj
 0001:00023f20       call_sf_machine_global_method_dispatcher 0000000180024f20 f   sfc_mex:sfc_sf.obj
 0001:00024170       mdl_zeroCrossings_processing 0000000180025170 f   sfc_mex:sfc_sf.obj
 0001:00024240       mdl_derivatives_processing 0000000180025240 f   sfc_mex:sfc_sf.obj
 0001:00024500       mdl_outputs_continuous_legacy 0000000180025500 f   sfc_mex:sfc_sf.obj
 0001:00024580       mdl_outputs_processing     0000000180025580 f   sfc_mex:sfc_sf.obj
 0001:000247b0       mdl_enable_processing      00000001800257b0 f   sfc_mex:sfc_sf.obj
 0001:00024880       mdl_disable_processing     0000000180025880 f   sfc_mex:sfc_sf.obj
 0001:000255f0       sf_call_output_fcn_enable_disable 00000001800265f0 f   sfc_mex:sfc_sf.obj
 0001:00025870       set_dwork_information_from_mx_array 0000000180026870 f   sfc_mex:sfc_sf.obj
 0001:00026130       ptr2mxStruct               0000000180027130 f   sfc_mex:sfc_sf.obj
 0001:00026440       SNPRINTF_WRAPPER           0000000180027440 f   sfc_debug:sfcdebug.obj
 0001:00026460       sf_debug_chart_instance_initialized_quick 0000000180027460 f   sfc_debug:sfcdebug.obj
 0001:00026470       sf_debug_chart_instance_initialized 0000000180027470 f   sfc_debug:sfcdebug.obj
 0001:00026610       sfrtAddSize                0000000180027610 f   sfc_debug:sfcdebug.obj
 0001:000266d0       sfrtGenSizeString          00000001800276d0 f   sfc_debug:sfcdebug.obj
 0001:00026de0       fill_single_message_info   0000000180027de0 f   sfc_debug:sfcdebug.obj
 0001:00026fa0       sf_debug_sim_status_listener 0000000180027fa0 f   sfc_debug:sfcdebug.obj
 0001:00027510       sf_debug_form_mask_bits    0000000180028510 f   sfc_debug:sfcdebug.obj
 0001:00027550       sf_debug_form_sf_data_type_offsets 0000000180028550 f   sfc_debug:sfcdebug.obj
 0001:00027610       sf_debug_free_all          0000000180028610 f   sfc_debug:sfcdebug.obj
 0001:000277c0       sf_debug_append_debugger_context 00000001800287c0 f   sfc_debug:sfcdebug.obj
 0001:00027a80       local_strdup               0000000180028a80 f   sfc_debug:sfcdebug.obj
 0001:00028960       sf_debug_em_terminate      0000000180029960 f   sfc_debug:sfcdebug.obj
 0001:000289a0       sf_debug_push_eml_function 00000001800299a0 f   sfc_debug:sfcdebug.obj
 0001:00028a40       sf_debug_pop_eml_function  0000000180029a40 f   sfc_debug:sfcdebug.obj
 0001:00029740       sf_debug_get_machine_number_from_id_or_name 000000018002a740 f   sfc_debug:sfcdebug.obj
 0001:00029890       sf_debug_get_chart_number_from_id 000000018002a890 f   sfc_debug:sfcdebug.obj
 0001:0002a500       sf_debug_transfer_control_to_debugger_GUI 000000018002b500 f   sfc_debug:sfcdebug.obj
 0001:0002b490       sf_debug_scripts_rehash    000000018002c490 f   sfc_debug:sfcdebug.obj
 0001:0002b6d0       sf_debug_get_script_line_count 000000018002c6d0 f   sfc_debug:sfcdebug.obj
 0001:0002c000       cv_eml_state_cvId          000000018002d000 f   sfc_debug:sfcdebug.obj
 0001:0002c070       cv_eml_trans_cvId          000000018002d070 f   sfc_debug:sfcdebug.obj
 0001:0002d330       sf_debug_data_array_bounds_error 000000018002e330 f   sfc_debug:sfcdebug.obj
 0001:0002d760       eml_debug_runtime_error_doclink 000000018002e760 f   sfc_debug:sfcdebug.obj
 0001:0002d8e0       sf_debug_runtime_error     000000018002e8e0 f   sfc_debug:sfcdebug.obj
 0001:0002d950       sf_debug_matlab_error      000000018002e950 f   sfc_debug:sfcdebug.obj
 0001:0002e280       sf_debug_data_value_error  000000018002f280 f   sfc_debug:sfcdebug.obj
 0001:0002eb80       sf_debug_data_loss_error   000000018002fb80 f   sfc_debug:sfcdebug.obj
 0001:0002faa0       call_cv_range_check        0000000180030aa0 f   sfc_debug:sfcdebug.obj
 0001:00030270       sf_debug_invoke_cycle_detection_code 0000000180031270 f   sfc_debug:sfcdebug.obj
 0001:00031350       sf_reset_debug_info_struct 0000000180032350 f   sfc_debug:sfcdebug.obj
 0001:00031c40       cv_script_cvId             0000000180032c40 f   sfc_debug:sfcdebug.obj
 0001:00032990       sfc_api_chart_visible      0000000180033990 f   sfc_debug:sfc_api.obj
 0001:00032a10       sfc_api_active_instance    0000000180033a10 f   sfc_debug:sfc_api.obj
 0001:00032a90       sfc_api_machine_load       0000000180033a90 f   sfc_debug:sfc_api.obj
 0001:00032b60       sfc_api_debugger_alive     0000000180033b60 f   sfc_debug:sfc_api.obj
 0001:00032b70       sfc_api_go                 0000000180033b70 f   sfc_debug:sfc_api.obj
 0001:00032b80       sfc_api_step_over          0000000180033b80 f   sfc_debug:sfc_api.obj
 0001:00032b90       sfc_api_step_out           0000000180033b90 f   sfc_debug:sfc_api.obj
 0001:00032ba0       sfc_api_resume             0000000180033ba0 f   sfc_debug:sfc_api.obj
 0001:00032bb0       sfc_api_break              0000000180033bb0 f   sfc_debug:sfc_api.obj
 0001:00032bc0       sfc_api_stop_debugging     0000000180033bc0 f   sfc_debug:sfc_api.obj
 0001:00032c10       sfc_api_is_cycle_detected  0000000180033c10 f   sfc_debug:sfc_api.obj
 0001:00032c60       sfc_api_is_array_bounds_detected 0000000180033c60 f   sfc_debug:sfc_api.obj
 0001:00032cb0       sfc_api_set_disable_all_breakpoints 0000000180033cb0 f   sfc_debug:sfc_api.obj
 0001:00032d20       sfc_api_disable_all_breakpoints_and_go 0000000180033d20 f   sfc_debug:sfc_api.obj
 0001:00032d30       sfc_api_close              0000000180033d30 f   sfc_debug:sfc_api.obj
 0001:00032d40       sfc_api_browse_data        0000000180033d40 f   sfc_debug:sfc_api.obj
 0001:00032db0       sfc_api_watch_data         0000000180033db0 f   sfc_debug:sfc_api.obj
 0001:00032e50       sfc_api_extract_message_post_receive_info 0000000180033e50 f   sfc_debug:sfc_api.obj
 0001:00032e70       sfc_api_assign_data        0000000180033e70 f   sfc_debug:sfc_api.obj
 0001:00032f10       sfc_api_whos               0000000180033f10 f   sfc_debug:sfc_api.obj
 0001:00032fa0       sfc_api_get_consistency_info 0000000180033fa0 f   sfc_debug:sfc_api.obj
 0001:00032fb0       sfc_api_browse_trace       0000000180033fb0 f   sfc_debug:sfc_api.obj
 0001:00032fc0       sfc_api_break_on_chart_entry 0000000180033fc0 f   sfc_debug:sfc_api.obj
 0001:00032fe0       sfc_api_break_on_event_broadcast 0000000180033fe0 f   sfc_debug:sfc_api.obj
 0001:00033000       sfc_api_break_on_state_entry 0000000180034000 f   sfc_debug:sfc_api.obj
 0001:00033020       sfc_api_set_watch          0000000180034020 f   sfc_debug:sfc_api.obj
 0001:000330c0       sfc_api_set_breakpoints    00000001800340c0 f   sfc_debug:sfc_api.obj
 0001:00033160       sfc_api_set_eml_breakpoints 0000000180034160 f   sfc_debug:sfc_api.obj
 0001:000331e0       sfc_api_set_script_breakpoints 00000001800341e0 f   sfc_debug:sfc_api.obj
 0001:00033230       sfc_api_add_script_breakpoints 0000000180034230 f   sfc_debug:sfc_api.obj
 0001:00033280       sfc_api_clear_script_breakpoints 0000000180034280 f   sfc_debug:sfc_api.obj
 0001:000332d0       sfc_api_query_script_breakpoints 00000001800342d0 f   sfc_debug:sfc_api.obj
 0001:00033330       sfc_api_get_script_id      0000000180034330 f   sfc_debug:sfc_api.obj
 0001:000333f0       sfc_api_get_active_states  00000001800343f0 f   sfc_debug:sfc_api.obj
 0001:00033470       sfc_api_break_between_times 0000000180034470 f   sfc_debug:sfc_api.obj
 0001:000334d0       sfc_api_get_instance_handle 00000001800344d0 f   sfc_debug:sfc_api.obj
 0001:00033580       sfc_api_set_animation      0000000180034580 f   sfc_debug:sfc_api.obj
 0001:000335d0       sfc_api_select_chart       00000001800345d0 f   sfc_debug:sfc_api.obj
 0001:00033630       sfc_api_select_charts      0000000180034630 f   sfc_debug:sfc_api.obj
 0001:00033660       sfc_api_cycle_detection_check 0000000180034660 f   sfc_debug:sfc_api.obj
 0001:000336b0       sfc_api_data_range_check   00000001800346b0 f   sfc_debug:sfc_api.obj
 0001:00033700       sfc_api_transition_conflict_check 0000000180034700 f   sfc_debug:sfc_api.obj
 0001:00033750       sfc_api_state_consistency_check 0000000180034750 f   sfc_debug:sfc_api.obj
 0001:000337a0       sfc_api_set_instance_cv_ids 00000001800347a0 f   sfc_debug:sfc_api.obj
 0001:000338b0       sfc_api_set_script_cv_ids  00000001800348b0 f   sfc_debug:sfc_api.obj
 0001:00033960       sfc_api_get_current_machine_id 0000000180034960 f   sfc_debug:sfc_api.obj
 0001:00033990       sfc_api_get_current_machine_number 0000000180034990 f   sfc_debug:sfc_api.obj
 0001:000339c0       sfc_api_get_current_chart_number 00000001800349c0 f   sfc_debug:sfc_api.obj
 0001:000339f0       sfc_api_get_current_instance_number 00000001800349f0 f   sfc_debug:sfc_api.obj
 0001:00033a20       sfc_api_get_current_instance_handle 0000000180034a20 f   sfc_debug:sfc_api.obj
 0001:00033a40       sfc_api_get_current_is_minor_time_step 0000000180034a40 f   sfc_debug:sfc_api.obj
 0001:00033a70       sfc_api_get_current_machine_name 0000000180034a70 f   sfc_debug:sfc_api.obj
 0001:00033a90       sfc_api_get_current_chart_id 0000000180034a90 f   sfc_debug:sfc_api.obj
 0001:00033ac0       sfc_api_get_current_object_type 0000000180034ac0 f   sfc_debug:sfc_api.obj
 0001:00033af0       sfc_api_get_current_event_type 0000000180034af0 f   sfc_debug:sfc_api.obj
 0001:00033b20       sfc_api_get_current_object_id 0000000180034b20 f   sfc_debug:sfc_api.obj
 0001:00033b50       sfc_get_current_active_event_type 0000000180034b50 f   sfc_debug:sfc_api.obj
 0001:00033b80       sfc_api_get_current_active_event_id 0000000180034b80 f   sfc_debug:sfc_api.obj
 0001:00033bb0       sfc_api_get_current_simulation_time 0000000180034bb0 f   sfc_debug:sfc_api.obj
 0001:00033bd0       sfc_get_current_tag_type   0000000180034bd0 f   sfc_debug:sfc_api.obj
 0001:00033c00       sfc_get_current_coverage_percentage 0000000180034c00 f   sfc_debug:sfc_api.obj
 0001:00033c20       sfc_get_current_statement_context 0000000180034c20 f   sfc_debug:sfc_api.obj
 0001:00033c40       sfc_get_current_optional_integer 0000000180034c40 f   sfc_debug:sfc_api.obj
 0001:00033c70       sfc_get_current_statement_info 0000000180034c70 f   sfc_debug:sfc_api.obj
 0001:00033d10       sfc_api_get                0000000180034d10 f   sfc_debug:sfc_api.obj
 0001:00033e70       sf_debug_sm_is_using_unified_editors 0000000180034e70 f   sfc_debug:sfdb_animation.obj
 0001:00033f10       sf_debug_sm_is_chart_visible_in_unified_editors 0000000180034f10 f   sfc_debug:sfdb_animation.obj
 0001:00033fd0       sf_debug_sm_check_if_chart_is_visible 0000000180034fd0 f   sfc_debug:sfdb_animation.obj
 0001:00034ad0       sf_debug_sm_fill_state_activity_data 0000000180035ad0 f   sfc_debug:sfdb_animation.obj
 0001:00037300       void_ptr_stack_vector_free_total 0000000180038300 f   sfc_debug:sfdb_data_browse.obj
 0001:00037390       sf_debug_st_terminate_machine 0000000180038390 f   sfc_debug:sfdb_data_browse.obj
 0001:000373d0       sf_debug_st_terminate_instance 00000001800383d0 f   sfc_debug:sfdb_data_browse.obj
 0001:00037780       push_on_to_void_ptr_stack  0000000180038780 f   sfc_debug:sfdb_data_browse.obj
 0001:00037910       pop_from_void_ptr_stack    0000000180038910 f   sfc_debug:sfdb_data_browse.obj
 0001:00037a40       sf_debug_st_get_data_value 0000000180038a40 f   sfc_debug:sfdb_data_browse.obj
 0001:00037fd0       mx_value                   0000000180038fd0 f   sfc_debug:sfdb_data_browse.obj
 0001:00038010       sf_debug_st_fill_data_struct 0000000180039010 f   sfc_debug:sfdb_data_browse.obj
 0001:00038350       data_type_format_strings   0000000180039350 f   sfc_debug:sfdb_data_browse.obj
 0001:00038400       sf_debug_st_fill_data      0000000180039400 f   sfc_debug:sfdb_data_browse.obj
 0001:00039150       sf_debug_hm_get_simulink_handle 000000018003a150 f   sfc_debug:sfdb_handle_management.obj
 0001:00039ca0       sf_debug_hm_initialize_globals 000000018003aca0 f   sfc_debug:sfdb_handle_management.obj
 0001:00039da0       sf_debug_hm_get_machine_debug_flag 000000018003ada0 f   sfc_debug:sfdb_handle_management.obj
 0001:00039f10       sf_debug_hm_get_machine_id 000000018003af10 f   sfc_debug:sfdb_handle_management.obj
 0001:0003a030       sf_debug_hm_get_chart_id   000000018003b030 f   sfc_debug:sfdb_handle_management.obj
 0001:0003a1d0       sf_debug_hm_register_executing_SFunction 000000018003b1d0 f   sfc_debug:sfdb_handle_management.obj
 0001:0003a370       sf_debug_hm_get_chart_active_instance 000000018003b370 f   sfc_debug:sfdb_handle_management.obj
 0001:0003a4e0       sf_debug_hm_get_chart_visibility 000000018003b4e0 f   sfc_debug:sfdb_handle_management.obj
 0001:0003a630       sf_debug_hm_form_object_boolean_properties 000000018003b630 f   sfc_debug:sfdb_handle_management.obj
 0001:0003a900       sf_debug_hm_form_object_properties 000000018003b900 f   sfc_debug:sfdb_handle_management.obj
 0001:0003ab40       sf_debug_hm_terminate_charts 000000018003bb40 f   sfc_debug:sfdb_handle_management.obj
 0001:0003b2b0       sf_debug_hm_terminate_machines 000000018003c2b0 f   sfc_debug:sfdb_handle_management.obj
 0001:0003cf00       sf_debug_ss_copy_dimension 000000018003df00 f   sfc_debug:sfdb_symbol_scope.obj
 0001:0003cfc0       sf_debug_ss_get_number_elements 000000018003dfc0 f   sfc_debug:sfdb_symbol_scope.obj
 0001:0003cfe0       sf_debug_ss_fill_data_struct 000000018003dfe0 f   sfc_debug:sfdb_symbol_scope.obj
 0001:0003d330       sf_debug_ss_reset_data_info 000000018003e330 f   sfc_debug:sfdb_symbol_scope.obj
 0001:0003d390       sf_debug_fill_data_info_by_symbol_scope_entry 000000018003e390 f   sfc_debug:sfdb_symbol_scope.obj
 0001:0003d450       sf_debug_fill_data_info_by_data_vector 000000018003e450 f   sfc_debug:sfdb_symbol_scope.obj
 0001:0003d6a0       sf_debug_ss_get_data_info  000000018003e6a0 f   sfc_debug:sfdb_symbol_scope.obj
 0001:0003d990       sf_debug_select_mex_function 000000018003e990 f   sfc_debug:sfdb_symbol_scope.obj
 0001:0003d9c0       sf_debug_is_dyn_matrix_initialized 000000018003e9c0 f   sfc_debug:sfdb_symbol_scope.obj
 0001:0003d9e0       sf_debug_ss_set_data_value_try 000000018003e9e0 f   sfc_debug:sfdb_symbol_scope.obj
 0001:0003dbb0       sf_debug_ss_get_data_value 000000018003ebb0 f   sfc_debug:sfdb_symbol_scope.obj
 0001:0003e100       sf_debug_ss_data_bytes_string 000000018003f100 f   sfc_debug:sfdb_symbol_scope.obj
 0001:0003e1b0       sf_debug_ss_data_class_string 000000018003f1b0 f   sfc_debug:sfdb_symbol_scope.obj
 0001:0003e540       sf_debug_ss_data_size_string 000000018003f540 f   sfc_debug:sfdb_symbol_scope.obj
 0001:0003e620       sf_debug_ss_data_create_data_info_struct 000000018003f620 f   sfc_debug:sfdb_symbol_scope.obj
 0001:0003e8f0       sf_debug_ss_data_create_name_value_pair 000000018003f8f0 f   sfc_debug:sfdb_symbol_scope.obj
 0001:0003e990       sf_debug_ss_data_get_whos_info 000000018003f990 f   sfc_debug:sfdb_symbol_scope.obj
 0001:0003e9a0       same_named_data_in_data_array 000000018003f9a0 f   sfc_debug:sfdb_symbol_scope.obj
 0001:00040210       sf_debug_cc_terminate_chart 0000000180041210 f   sfc_debug:sfdb_coverage.obj
 0001:000405b0       sf_debug_cc_terminate_instance 00000001800415b0 f   sfc_debug:sfdb_coverage.obj
 0001:000411a0       sf_debug_cc_mark_object_if_needed 00000001800421a0 f   sfc_debug:sfdb_coverage.obj
 0001:00041aa0       sf_debug_bm_initialize_eml 0000000180042aa0 f   sfc_debug:sfdb_breakpoints.obj
 0001:00042c10       sf_debug_bm_map_debug_tag_to_breakpoint_tag 0000000180043c10 f   sfc_debug:sfdb_breakpoints.obj
 0001:00042cf0       sf_debug_bm_is_a_eml_breakpoint_impl 0000000180043cf0 f   sfc_debug:sfdb_breakpoints.obj
 0001:00044770       sf_debug_sc_push_on_error_stack 0000000180045770 f   sfc_debug:sfdb_state_consistency.obj
 0001:000448a0       sf_debug_sc_reset_error_stack 00000001800458a0 f   sfc_debug:sfdb_state_consistency.obj
 0001:00044a30       sf_debug_sc_is_state_inconsistent 0000000180045a30 f   sfc_debug:sfdb_state_consistency.obj
 0001:00044d30       sf_debug_sc_fill_consistency_info 0000000180045d30 f   sfc_debug:sfdb_state_consistency.obj
 0001:00045310       void_assertion_fcn         0000000180046310 f   sfc_debug:sfdb_call_stack.obj
 0001:00045890       sf_debug_tm_fill_local_trace 0000000180046890 f   sfc_debug:sfdb_call_stack.obj
 0001:00045e60       sf_debug_cd_terminate_instance 0000000180046e60 f   sfc_debug:sfdb_cycle_detection.obj
 0001:00045ec0       sf_debug_cd_free_checksum_stack 0000000180046ec0 f   sfc_debug:sfdb_cycle_detection.obj
 0001:00045f10       sf_debug_cd_reset_pack_strings 0000000180046f10 f   sfc_debug:sfdb_cycle_detection.obj
 0001:000465d0       md5file_clear              00000001800475d0 f   sfc_debug:ckmd5.obj
 0001:00046600       Encode                     0000000180047600 f   sfc_debug:ckmd5.obj
 0001:00046650       Decode                     0000000180047650 f   sfc_debug:ckmd5.obj
 0001:000466f0       MD5Transform               00000001800476f0 f   sfc_debug:ckmd5.obj
 0001:00046f40       md5file_addn               0000000180047f40 f   sfc_debug:ckmd5.obj
 0001:00047010       md5file_hash               0000000180048010 f   sfc_debug:ckmd5.obj
 0001:000474f8       pre_c_init                 00000001800484f8 f   MSVCRT:crtdll.obj
 0001:000477b4       __DllMainCRTStartup        00000001800487b4 f   MSVCRT:crtdll.obj
 0001:00047ec0       __DllMainCRTStartup$filt$0 0000000180048ec0 f   MSVCRT:crtdll.obj
 0001:00047ef0       __DllMainCRTStartup$fin$1  0000000180048ef0 f   MSVCRT:crtdll.obj
 0001:00047f0a       _onexit$fin$0              0000000180048f0a f   MSVCRT:atonexit.obj
 0001:00047f30       _IsNonwritableInCurrentImage$filt$0 0000000180048f30 f   MSVCRT:pesect.obj
