 testing_Control_sfun

 Timestamp is 546a614f (Mon Nov 17 12:57:51 2014)

 Preferred load address is 0000000180000000

 Start         Length     Name                   Class
 0001:00000000 0004fa14H .text                   CODE
 0001:0004fa20 00000092H .text$x                 CODE
 0002:00000000 000004a0H .idata$5                DATA
 0002:000004a0 00000008H .CRT$XCA                DATA
 0002:000004a8 00000008H .CRT$XCZ                DATA
 0002:000004b0 00000008H .CRT$XIA                DATA
 0002:000004b8 00000008H .CRT$XIAA               DATA
 0002:000004c0 00000008H .CRT$XIZ                DATA
 0002:000004d0 00004c3cH .rdata                  DATA
 0002:00005110 00000008H .rtc$IAA                DATA
 0002:00005118 00000008H .rtc$IZZ                DATA
 0002:00005120 00000008H .rtc$TAA                DATA
 0002:00005128 00000008H .rtc$TZZ                DATA
 0002:00005130 00004464H .xdata                  DATA
 0002:00009594 000000a0H .idata$2                DATA
 0002:00009634 00000014H .idata$3                DATA
 0002:00009648 000004a0H .idata$4                DATA
 0002:00009ae8 00000ac8H .idata$6                DATA
 0002:0000a5b0 0000005aH .edata                  DATA
 0003:00000000 00007948H .data                   DATA
 0003:00007960 000026d8H .bss                    DATA
 0004:00000000 000037c8H .pdata                  DATA

  Address         Publics by Value              Rva+Base               Lib:Object

 0000:00000000       ___safe_se_handler_count   0000000000000000     <absolute>
 0000:00000000       ___safe_se_handler_table   0000000000000000     <absolute>
 0000:00000000       __ImageBase                0000000180000000     <linker-defined>
 0001:00000000       sf_c1_testing_Control_get_eml_resolved_functions_info 0000000180001000 f   c1_testing_Control.obj
 0001:00000a60       sf_c1_testing_Control_get_check_sum 0000000180001a60 f   c1_testing_Control.obj
 0001:00000ae0       sf_c1_testing_Control_get_autoinheritance_info 0000000180001ae0 f   c1_testing_Control.obj
 0001:000011a0       sf_internal_get_sim_state_c1_testing_Control 00000001800021a0 f   c1_testing_Control.obj
 0001:000015c0       sf_internal_set_sim_state_c1_testing_Control 00000001800025c0 f   c1_testing_Control.obj
 0001:00001a00       c1_testing_Control_method_dispatcher 0000000180002a00 f   c1_testing_Control.obj
 0001:00003b40       sf_c2_testing_Control_get_eml_resolved_functions_info 0000000180004b40 f   c2_testing_Control.obj
 0001:00003bc0       sf_c2_testing_Control_get_check_sum 0000000180004bc0 f   c2_testing_Control.obj
 0001:00003c40       sf_c2_testing_Control_get_autoinheritance_info 0000000180004c40 f   c2_testing_Control.obj
 0001:00004820       sf_internal_get_sim_state_c2_testing_Control 0000000180005820 f   c2_testing_Control.obj
 0001:00004dc0       sf_internal_set_sim_state_c2_testing_Control 0000000180005dc0 f   c2_testing_Control.obj
 0001:000052a0       c2_testing_Control_method_dispatcher 00000001800062a0 f   c2_testing_Control.obj
 0001:00007c80       sf_c5_testing_Control_get_eml_resolved_functions_info 0000000180008c80 f   c5_testing_Control.obj
 0001:00008b80       sf_c5_testing_Control_get_check_sum 0000000180009b80 f   c5_testing_Control.obj
 0001:00008c00       sf_c5_testing_Control_get_autoinheritance_info 0000000180009c00 f   c5_testing_Control.obj
 0001:00009020       sf_internal_get_sim_state_c5_testing_Control 000000018000a020 f   c5_testing_Control.obj
 0001:00009370       sf_internal_set_sim_state_c5_testing_Control 000000018000a370 f   c5_testing_Control.obj
 0001:00009760       c5_testing_Control_method_dispatcher 000000018000a760 f   c5_testing_Control.obj
 0001:0000b620       sf_c6_testing_Control_get_eml_resolved_functions_info 000000018000c620 f   c6_testing_Control.obj
 0001:0000c080       sf_c6_testing_Control_get_check_sum 000000018000d080 f   c6_testing_Control.obj
 0001:0000c100       sf_c6_testing_Control_get_autoinheritance_info 000000018000d100 f   c6_testing_Control.obj
 0001:0000c900       sf_internal_get_sim_state_c6_testing_Control 000000018000d900 f   c6_testing_Control.obj
 0001:0000cd20       sf_internal_set_sim_state_c6_testing_Control 000000018000dd20 f   c6_testing_Control.obj
 0001:0000d160       c6_testing_Control_method_dispatcher 000000018000e160 f   c6_testing_Control.obj
 0001:0000fcc0       sf_c8_testing_Control_get_eml_resolved_functions_info 0000000180010cc0 f   c8_testing_Control.obj
 0001:00011350       sf_c8_testing_Control_get_check_sum 0000000180012350 f   c8_testing_Control.obj
 0001:000113d0       sf_c8_testing_Control_get_autoinheritance_info 00000001800123d0 f   c8_testing_Control.obj
 0001:00011e60       sf_internal_get_sim_state_c8_testing_Control 0000000180012e60 f   c8_testing_Control.obj
 0001:000123f0       sf_internal_set_sim_state_c8_testing_Control 00000001800133f0 f   c8_testing_Control.obj
 0001:000128d0       c8_testing_Control_method_dispatcher 00000001800138d0 f   c8_testing_Control.obj
 0001:00017fb0       sf_c9_testing_Control_get_eml_resolved_functions_info 0000000180018fb0 f   c9_testing_Control.obj
 0001:000184b0       sf_c9_testing_Control_get_check_sum 00000001800194b0 f   c9_testing_Control.obj
 0001:00018530       sf_c9_testing_Control_get_autoinheritance_info 0000000180019530 f   c9_testing_Control.obj
 0001:00018fc0       sf_internal_get_sim_state_c9_testing_Control 0000000180019fc0 f   c9_testing_Control.obj
 0001:000194a0       sf_internal_set_sim_state_c9_testing_Control 000000018001a4a0 f   c9_testing_Control.obj
 0001:00019930       c9_testing_Control_method_dispatcher 000000018001a930 f   c9_testing_Control.obj
 0001:0001d4a0       sf_process_check_sum_call  000000018001e4a0 f   testing_Control_sfun_registry.obj
 0001:0001d4f0       sf_process_autoinheritance_call 000000018001e4f0 f   testing_Control_sfun_registry.obj
 0001:0001d690       sf_process_get_eml_resolved_functions_info_call 000000018001e690 f   testing_Control_sfun_registry.obj
 0001:0001d810       sf_mex_unlock_call         000000018001e810 f   testing_Control_sfun_registry.obj
 0001:0001d8c0       sf_machine_global_initializer_called 000000018001e8c0 f   testing_Control_sfun_registry.obj
 0001:0001d8f0       sf_machine_global_method_dispatcher 000000018001e8f0 f   testing_Control_sfun_registry.obj
 0001:0001d950       sf_machine_global_terminator 000000018001e950 f   testing_Control_sfun_registry.obj
 0001:0001d990       sf_register_machine_exported_symbols 000000018001e990 f   testing_Control_sfun_registry.obj
 0001:0001d9b0       callCustomFcn              000000018001e9b0 f   testing_Control_sfun_registry.obj
 0001:0001d9c0       sf_machine_global_initializer 000000018001e9c0 f   testing_Control_sfun_registry.obj
 0001:0001da30       _ssSetStateAbsTol          000000018001ea30 f   testing_Control_sfun_registry.obj
 0001:0001db10       _ssGetAbsTol               000000018001eb10 f   testing_Control_sfun_registry.obj
 0001:0001db80       _ssSetInputPortMatrixDimensions 000000018001eb80 f   testing_Control_sfun_registry.obj
 0001:0001dc90       _ssSetOutputPortMatrixDimensions 000000018001ec90 f   testing_Control_sfun_registry.obj
 0001:0001dda0       _ssSetInputPortVectorDimension 000000018001eda0 f   testing_Control_sfun_registry.obj
 0001:0001de70       _ssSetOutputPortVectorDimension 000000018001ee70 f   testing_Control_sfun_registry.obj
 0001:0001df40       ssIsRunTimeParamTunable    000000018001ef40 f   testing_Control_sfun_registry.obj
 0001:0001dfb0       ssGetSFuncBlockHandle      000000018001efb0 f   testing_Control_sfun_registry.obj
 0001:0001e020       _ssGetCurrentInputPortWidth 000000018001f020 f   testing_Control_sfun_registry.obj
 0001:0001e140       _ssGetCurrentOutputPortWidth 000000018001f140 f   testing_Control_sfun_registry.obj
 0001:0001e260       _ssGetCallSystemNumFcnCallDestinations 000000018001f260 f   testing_Control_sfun_registry.obj
 0001:0001e2d0       ssWarning                  000000018001f2d0 f   testing_Control_sfun_registry.obj
 0001:0001e3e0       ssGetIsZeroCrossControlDisabled 000000018001f3e0 f   testing_Control_sfun_registry.obj
 0001:0001e450       ssSetIsInputPortUsedForContZcSignal 000000018001f450 f   testing_Control_sfun_registry.obj
 0001:0001e4c0       ssSetZcSignalIsZcElementDisc 000000018001f4c0 f   testing_Control_sfun_registry.obj
 0001:0001e570       ssSetZcSignalName          000000018001f570 f   testing_Control_sfun_registry.obj
 0001:0001e5e0       ssSetZcSignalWidth         000000018001f5e0 f   testing_Control_sfun_registry.obj
 0001:0001e650       ssSetZcSignalZcEventType   000000018001f650 f   testing_Control_sfun_registry.obj
 0001:0001e6c0       ssSetZcSignalType          000000018001f6c0 f   testing_Control_sfun_registry.obj
 0001:0001e730       ssSetZcSignalZcTol         000000018001f730 f   testing_Control_sfun_registry.obj
 0001:0001e7a0       ssSetZcSignalNeedsEventNotification 000000018001f7a0 f   testing_Control_sfun_registry.obj
 0001:0001e810       ssCreateAndAddZcSignalInfo 000000018001f810 f   testing_Control_sfun_registry.obj
 0001:0001e880       ssCloneAndAddZcSignalInfo  000000018001f880 f   testing_Control_sfun_registry.obj
 0001:0001e8f0       ssGetNumZcSignals          000000018001f8f0 f   testing_Control_sfun_registry.obj
 0001:0001e960       ssGetZcSignalVector        000000018001f960 f   testing_Control_sfun_registry.obj
 0001:0001e9d0       ssGetZcSignalZcEvents      000000018001f9d0 f   testing_Control_sfun_registry.obj
 0001:0001ea40       ssGetZcSignalName          000000018001fa40 f   testing_Control_sfun_registry.obj
 0001:0001eab0       ssGetZcSignalWidth         000000018001fab0 f   testing_Control_sfun_registry.obj
 0001:0001eb20       ssGetZcSignalZcEventType   000000018001fb20 f   testing_Control_sfun_registry.obj
 0001:0001eb90       ssGetZcSignalType          000000018001fb90 f   testing_Control_sfun_registry.obj
 0001:0001ec00       ssGetZcSignalZcTol         000000018001fc00 f   testing_Control_sfun_registry.obj
 0001:0001ec80       ssGetZcSignalNeedsEventNotification 000000018001fc80 f   testing_Control_sfun_registry.obj
 0001:0001ecf0       ssGetZcSignalIsZcElementDisc 000000018001fcf0 f   testing_Control_sfun_registry.obj
 0001:0001ed90       ssGetIsInputPortElementContinuous 000000018001fd90 f   testing_Control_sfun_registry.obj
 0001:0001ee30       _ssGetInputPortSignalPtrsFcn 000000018001fe30 f   testing_Control_sfun_registry.obj
 0001:0001f0f0       _ssGetInputPortSignalFcn   00000001800200f0 f   testing_Control_sfun_registry.obj
 0001:0001f310       _ssSetInputPortDirectFeedThroughFcn 0000000180020310 f   testing_Control_sfun_registry.obj
 0001:0001f470       _ssSetInputPortReusableFcn 0000000180020470 f   testing_Control_sfun_registry.obj
 0001:0001f560       _ssSetOutputPortReusableFcn 0000000180020560 f   testing_Control_sfun_registry.obj
 0001:0001f640       ssGetDTypeIdFromMxArray    0000000180020640 f   testing_Control_sfun_registry.obj
 0001:0001f760       ssWriteRTWStr              0000000180020760 f   testing_Control_sfun_registry.obj
 0001:0001f7c0       ssWriteRTWMxVectParam      00000001800207c0 f   testing_Control_sfun_registry.obj
 0001:0001f820       ssWriteRTWMx2dMatParam     0000000180020820 f   testing_Control_sfun_registry.obj
 0001:0001f8a0       ssWriteRTWNameValuePair    00000001800208a0 f   testing_Control_sfun_registry.obj
 0001:0001fd90       ssWriteRTWParameters       0000000180020d90 f   testing_Control_sfun_registry.obj
 0001:00020390       ssWriteRTWParamSettings    0000000180021390 f   testing_Control_sfun_registry.obj
 0001:00020a60       ssWriteRTWWorkVect         0000000180021a60 f   testing_Control_sfun_registry.obj
 0001:00020f60       mexFunction                0000000180021f60 f   testing_Control_sfun_registry.obj
 0001:00022ba0       ProcessMexSfunctionEveryCall 0000000180023ba0 f   testing_Control_sfun_registry.obj
 0001:00022d10       testing_Control_initializer 0000000180023d10 f   testing_Control_sfun.obj
 0001:00022d20       testing_Control_terminator 0000000180023d20 f   testing_Control_sfun.obj
 0001:00022d30       sf_testing_Control_method_dispatcher 0000000180023d30 f   testing_Control_sfun.obj
 0001:00022e20       sf_testing_Control_process_check_sum_call 0000000180023e20 f   testing_Control_sfun.obj
 0001:000232c0       sf_testing_Control_autoinheritance_info 00000001800242c0 f   testing_Control_sfun.obj
 0001:000235d0       sf_testing_Control_get_eml_resolved_functions_info 00000001800245d0 f   testing_Control_sfun.obj
 0001:00023860       testing_Control_debug_initialize 0000000180024860 f   testing_Control_sfun.obj
 0001:000238d0       testing_Control_register_exported_symbols 00000001800248d0 f   testing_Control_sfun.obj
 0001:000238e0       load_testing_Control_optimization_info 00000001800248e0 f   testing_Control_sfun.obj
 0001:00023930       unload_testing_Control_optimization_info 0000000180024930 f   testing_Control_sfun.obj
 0001:00023a00       sf_mex_mx_is_numeric       0000000180024a00 f   sfc_mex:sfc_mex.obj
 0001:00023a40       strcmp_ignore_ws           0000000180024a40 f   sfc_mex:sfc_mex.obj
 0001:00023b80       sf_mex_duplicatearraysafe  0000000180024b80 f   sfc_mex:sfc_mex.obj
 0001:00023ce0       sf_set_error_debugger_context_message_fcn 0000000180024ce0 f   sfc_mex:sfc_mex.obj
 0001:00023cf0       sf_set_debugger_matlab_error_fcn 0000000180024cf0 f   sfc_mex:sfc_mex.obj
 0001:00023d20       sf_set_error_prefix_string 0000000180024d20 f   sfc_mex:sfc_mex.obj
 0001:00023d50       sf_get_error_prefix_string 0000000180024d50 f   sfc_mex:sfc_mex.obj
 0001:00023d60       sf_mex_enter_parallel_region 0000000180024d60 f   sfc_mex:sfc_mex.obj
 0001:00023d70       sf_mex_exit_parallel_region 0000000180024d70 f   sfc_mex:sfc_mex.obj
 0001:00023d80       sf_get_current_jmp_buf_ptr 0000000180024d80 f   sfc_mex:sfc_mex.obj
 0001:00023d90       sf_set_current_jmp_buf_ptr 0000000180024d90 f   sfc_mex:sfc_mex.obj
 0001:00023da0       sf_mex_set_halt_simulation 0000000180024da0 f   sfc_mex:sfc_mex.obj
 0001:00023db0       sf_mex_get_halt_simulation 0000000180024db0 f   sfc_mex:sfc_mex.obj
 0001:00023dc0       sf_mex_clear_error_message 0000000180024dc0 f   sfc_mex:sfc_mex.obj
 0001:00023de0       sf_mex_get_error_message_for_read 0000000180024de0 f   sfc_mex:sfc_mex.obj
 0001:00023df0       sf_mex_get_error_message_buffer_length 0000000180024df0 f   sfc_mex:sfc_mex.obj
 0001:00023ed0       sf_mex_warning_message     0000000180024ed0 f   sfc_mex:sfc_mex.obj
 0001:00023f40       sf_mex_v_errbuf_createf    0000000180024f40 f   sfc_mex:sfc_mex.obj
 0001:00023f50       sf_mex_errbuf_createf      0000000180024f50 f   sfc_mex:sfc_mex.obj
 0001:00023f80       sf_mex_v_errbuf_catf       0000000180024f80 f   sfc_mex:sfc_mex.obj
 0001:00023fc0       sf_mex_errbuf_catf         0000000180024fc0 f   sfc_mex:sfc_mex.obj
 0001:00024010       sf_mex_errbuf_copy         0000000180025010 f   sfc_mex:sfc_mex.obj
 0001:00024020       sf_mex_errbuf_clear        0000000180025020 f   sfc_mex:sfc_mex.obj
 0001:00024030       sf_mex_errbuf_isempty      0000000180025030 f   sfc_mex:sfc_mex.obj
 0001:00024140       sf_mex_set_error_status    0000000180025140 f   sfc_mex:sfc_mex.obj
 0001:00024190       sf_mex_error_direct_call   0000000180025190 f   sfc_mex:sfc_mex.obj
 0001:000241b0       sf_mex_error_message_no_long_jump 00000001800251b0 f   sfc_mex:sfc_mex.obj
 0001:000241d0       sf_mex_long_jump_on_error  00000001800251d0 f   sfc_mex:sfc_mex.obj
 0001:00024200       sf_mex_call_matlab         0000000180025200 f   sfc_mex:sfc_mex.obj
 0001:00024320       sf_mex_check_builtin       0000000180025320 f   sfc_mex:sfc_mex.obj
 0001:00024360       sf_mex_check_builtin_vs    0000000180025360 f   sfc_mex:sfc_mex.obj
 0001:000243c0       sf_mex_check_enum          00000001800253c0 f   sfc_mex:sfc_mex.obj
 0001:000243f0       sf_mex_create_enum         00000001800253f0 f   sfc_mex:sfc_mex.obj
 0001:00024410       sf_mex_get_enum_element    0000000180025410 f   sfc_mex:sfc_mex.obj
 0001:00024420       sf_mex_createcellarray     0000000180025420 f   sfc_mex:sfc_mex.obj
 0001:00024430       sf_mex_setcell             0000000180025430 f   sfc_mex:sfc_mex.obj
 0001:00024440       sf_mex_getcell             0000000180025440 f   sfc_mex:sfc_mex.obj
 0001:00024450       sf_mex_dup                 0000000180025450 f   sfc_mex:sfc_mex.obj
 0001:00024470       sf_mex_assign              0000000180025470 f   sfc_mex:sfc_mex.obj
 0001:000244f0       sf_mex_destroy             00000001800254f0 f   sfc_mex:sfc_mex.obj
 0001:00024520       mx_array_has_fi_type       0000000180025520 f   sfc_mex:sfc_mex.obj
 0001:00024550       sf_mex_convert_from_fi     0000000180025550 f   sfc_mex:sfc_mex.obj
 0001:00024600       sf_mex_convert_to_double   0000000180025600 f   sfc_mex:sfc_mex.obj
 0001:00024720       sf_mex_import_fi_vs        0000000180025720 f   sfc_mex:sfc_mex.obj
 0001:000248e0       sf_matrix_matrix_index_ok  00000001800258e0 f   sfc_mex:sfc_mex.obj
 0001:00024970       sf_vector_vector_index_ok  0000000180025970 f   sfc_mex:sfc_mex.obj
 0001:000249a0       ssGetCurrentInputPortDimensions_wrapper 00000001800259a0 f   sfc_mex:sfc_mex.obj
 0001:000249c0       ssGetCurrentOutputPortDimensions_wrapper 00000001800259c0 f   sfc_mex:sfc_mex.obj
 0001:000249e0       sf_mex_emlrt_context_is_debug_mode 00000001800259e0 f   sfc_mex:sfc_mex.obj
 0001:000249f0       sf_mex_emlrt_context_set_debug_mode 00000001800259f0 f   sfc_mex:sfc_mex.obj
 0001:00024a00       sf_mex_emlrtNameCapturePostProcessR2012a 0000000180025a00 f   sfc_mex:sfc_mex.obj
 0001:00024a70       sf_clear_error_manager_info 0000000180025a70 f   sfc_mex:sfc_mex.obj
 0001:00024ad0       sf_mex_stop_simulation_abruptly_wo_error 0000000180025ad0 f   sfc_mex:sfc_mex.obj
 0001:00024b10       sf_mex_error_message       0000000180025b10 f   sfc_mex:sfc_mex.obj
 0001:00024b70       sf_react_to_error_in_matlab_call 0000000180025b70 f   sfc_mex:sfc_mex.obj
 0001:00024ba0       sf_mex_addfield            0000000180025ba0 f   sfc_mex:sfc_mex.obj
 0001:00024c40       sf_mex_getfield            0000000180025c40 f   sfc_mex:sfc_mex.obj
 0001:00024f40       sf_mex_check_class         0000000180025f40 f   sfc_mex:sfc_mex.obj
 0001:00024fe0       sf_mex_is_real             0000000180025fe0 f   sfc_mex:sfc_mex.obj
 0001:00025450       sf_mex_decode_encoded_mx_struct_array 0000000180026450 f   sfc_mex:sfc_mex.obj
 0001:00025730       sf_mex_lw_bounds_check     0000000180026730 f   sfc_mex:sfc_mex.obj
 0001:00025760       sf_mex_lw_size_eq_check_1d 0000000180026760 f   sfc_mex:sfc_mex.obj
 0001:00025780       sf_mex_lw_size_eq_check_nd 0000000180026780 f   sfc_mex:sfc_mex.obj
 0001:00025960       sf_mex_lw_dim_size_eq_check 0000000180026960 f   sfc_mex:sfc_mex.obj
 0001:00025990       sf_mex_lw_dim_size_geq_check 0000000180026990 f   sfc_mex:sfc_mex.obj
 0001:000259c0       sf_mex_lw_sub_assign_size_check_nd 00000001800269c0 f   sfc_mex:sfc_mex.obj
 0001:00025bf0       sf_mex_lw_runtime_error_msgid 0000000180026bf0 f   sfc_mex:sfc_mex.obj
 0001:00025ce0       sf_mex_lw_matrix_matrix_index_check 0000000180026ce0 f   sfc_mex:sfc_mex.obj
 0001:00025d00       sf_mex_lw_vector_vector_index_check 0000000180026d00 f   sfc_mex:sfc_mex.obj
 0001:00025d40       sf_mex_lw_for_loop_vector_check 0000000180026d40 f   sfc_mex:sfc_mex.obj
 0001:00025dc0       sf_mex_lw_non_negative_check 0000000180026dc0 f   sfc_mex:sfc_mex.obj
 0001:00025e00       sf_mex_overflow_error      0000000180026e00 f   sfc_mex:sfc_mex.obj
 0001:00025e10       sf_mex_dividebyzero_error  0000000180026e10 f   sfc_mex:sfc_mex.obj
 0001:00025e20       sf_mex_unsafe_enum_error   0000000180026e20 f   sfc_mex:sfc_mex.obj
 0001:00025e30       sf_emlrtErrHandler         0000000180026e30 f   sfc_mex:sfc_mex.obj
 0001:00025f10       sf_mex_size_one_check      0000000180026f10 f   sfc_mex:sfc_mex.obj
 0001:00025f30       sf_mex_printf              0000000180026f30 f   sfc_mex:sfc_mex.obj
 0001:00026100       sf_mex_check_size          0000000180027100 f   sfc_mex:sfc_mex.obj
 0001:000263d0       sf_mex_check_struct        00000001800273d0 f   sfc_mex:sfc_mex.obj
 0001:00026630       sf_mex_check_struct_vs     0000000180027630 f   sfc_mex:sfc_mex.obj
 0001:000266c0       sf_mex_check_fi            00000001800276c0 f   sfc_mex:sfc_mex.obj
 0001:000267c0       sf_mex_check_fi_vs         00000001800277c0 f   sfc_mex:sfc_mex.obj
 0001:00026860       sf_echo_expression         0000000180027860 f   sfc_mex:sfc_mex.obj
 0001:000268c0       sf_assertion_failed        00000001800278c0 f   sfc_mex:sfc_mex.obj
 0001:00026ba0       sf_mex_evalin              0000000180027ba0 f   sfc_mex:sfc_mex.obj
 0001:00026e10       sf_mex_export              0000000180027e10 f   sfc_mex:sfc_mex.obj
 0001:00026ed0       sf_mex_get_ml_var_no_error 0000000180027ed0 f   sfc_mex:sfc_mex.obj
 0001:00027070       sf_mex_get_ml_var          0000000180028070 f   sfc_mex:sfc_mex.obj
 0001:00027510       ml_set_element_value_in_array 0000000180028510 f   sfc_mex:sfc_mex.obj
 0001:00028be0       sf_mex_call_impl           0000000180029be0 f   sfc_mex:sfc_mex.obj
 0001:00029110       sf_mex_call_debug          000000018002a110 f   sfc_mex:sfc_mex.obj
 0001:00029140       sf_mex_call                000000018002a140 f   sfc_mex:sfc_mex.obj
 0001:00029790       sf_mex_createstruct        000000018002a790 f   sfc_mex:sfc_mex.obj
 0001:00029880       sf_mex_createstructarray   000000018002a880 f   sfc_mex:sfc_mex.obj
 0001:00029900       sf_mex_get_mx_datatype_from_sf_datatype 000000018002a900 f   sfc_mex:sfc_mex.obj
 0001:00029c10       sf_mex_ml_var_sub          000000018002ac10 f   sfc_mex:sfc_mex.obj
 0001:00029de0       sf_mex_ml_var_subsasgn     000000018002ade0 f   sfc_mex:sfc_mex.obj
 0001:0002a1d0       sf_mex_sub                 000000018002b1d0 f   sfc_mex:sfc_mex.obj
 0001:0002a3d0       sf_mex_subsasgn            000000018002b3d0 f   sfc_mex:sfc_mex.obj
 0001:0002a8b0       sf_mex_create              000000018002b8b0 f   sfc_mex:sfc_mex.obj
 0001:0002b300       sf_mex_import_named        000000018002c300 f   sfc_mex:sfc_mex.obj
 0001:0002b360       sf_mex_import              000000018002c360 f   sfc_mex:sfc_mex.obj
 0001:0002b3b0       sf_mex_import_vs           000000018002c3b0 f   sfc_mex:sfc_mex.obj
 0001:0002b4c0       sf_mex_lower_fixpt_mx_array 000000018002c4c0 f   sfc_mex:sfc_mex.obj
 0001:0002b7b0       sf_send_message_wrapper    000000018002c7b0 f   sfc_mex:sfc_sf.obj
 0001:0002b7e0       sf_receive_message_wrapper 000000018002c7e0 f   sfc_mex:sfc_sf.obj
 0001:0002b820       sf_check_out_message_wrapper 000000018002c820 f   sfc_mex:sfc_sf.obj
 0001:0002b860       sf_check_in_message_wrapper 000000018002c860 f   sfc_mex:sfc_sf.obj
 0001:0002b8a0       sf_no_message_wrapper      000000018002c8a0 f   sfc_mex:sfc_sf.obj
 0001:0002bc30       sim_mode_is_rtw_gen        000000018002cc30 f   sfc_mex:sfc_sf.obj
 0001:0002bc60       sim_mode_is_external       000000018002cc60 f   sfc_mex:sfc_sf.obj
 0001:0002bc70       sim_mode_is_modelref_sim   000000018002cc70 f   sfc_mex:sfc_sf.obj
 0001:0002bc90       mdlInitializeSizes         000000018002cc90 f   sfc_mex:sfc_sf.obj
 0001:0002bcb0       mdlInitializeSampleTimes   000000018002ccb0 f   sfc_mex:sfc_sf.obj
 0001:0002bcf0       mdlZeroCrossings           000000018002ccf0 f   sfc_mex:sfc_sf.obj
 0001:0002bdd0       mdlDerivatives             000000018002cdd0 f   sfc_mex:sfc_sf.obj
 0001:0002be80       mdl_initialize_conditions_processing 000000018002ce80 f   sfc_mex:sfc_sf.obj
 0001:0002beb0       mdlInitializeConditions    000000018002ceb0 f   sfc_mex:sfc_sf.obj
 0001:0002bf70       mdlGetSimState             000000018002cf70 f   sfc_mex:sfc_sf.obj
 0001:0002bf80       mdlSetSimState             000000018002cf80 f   sfc_mex:sfc_sf.obj
 0001:0002bf90       mdl_ext_mode_exec_processing 000000018002cf90 f   sfc_mex:sfc_sf.obj
 0001:0002bfb0       mdlExtModeExec             000000018002cfb0 f   sfc_mex:sfc_sf.obj
 0001:0002c140       mdlTerminate               000000018002d140 f   sfc_mex:sfc_sf.obj
 0001:0002c1b0       mdlRTW                     000000018002d1b0 f   sfc_mex:sfc_sf.obj
 0001:0002c1e0       mdlSetWorkWidths           000000018002d1e0 f   sfc_mex:sfc_sf.obj
 0001:0002c1f0       mdlProcessParameters       000000018002d1f0 f   sfc_mex:sfc_sf.obj
 0001:0002c200       mdl_start_processing       000000018002d200 f   sfc_mex:sfc_sf.obj
 0001:0002c240       mdlStart                   000000018002d240 f   sfc_mex:sfc_sf.obj
 0001:0002c330       mdlEnable                  000000018002d330 f   sfc_mex:sfc_sf.obj
 0001:0002c400       mdlDisable                 000000018002d400 f   sfc_mex:sfc_sf.obj
 0001:0002c4b0       sf_get_chart_instance_ptr  000000018002d4b0 f   sfc_mex:sfc_sf.obj
 0001:0002c4d0       sf_load_rtw_optimization_info 000000018002d4d0 f   sfc_mex:sfc_sf.obj
 0001:0002c5a0       sf_rtw_info_uint_prop      000000018002d5a0 f   sfc_mex:sfc_sf.obj
 0001:0002c6e0       sf_is_chart_inlinable      000000018002d6e0 f   sfc_mex:sfc_sf.obj
 0001:0002c700       sf_mark_output_events_with_multiple_callers 000000018002d700 f   sfc_mex:sfc_sf.obj
 0001:0002c890       sf_mark_chart_reusable_outputs 000000018002d890 f   sfc_mex:sfc_sf.obj
 0001:0002caf0       sf_mark_chart_expressionable_inputs 000000018002daf0 f   sfc_mex:sfc_sf.obj
 0001:0002cd50       sf_get_subchart_simstruct  000000018002dd50 f   sfc_mex:sfc_sf.obj
 0001:0002cda0       sf_get_fixpt_data_type_id  000000018002dda0 f   sfc_mex:sfc_sf.obj
 0001:0002cde0       sf_get_enum_data_type_id   000000018002dde0 f   sfc_mex:sfc_sf.obj
 0001:0002ce20       sf_get_param_data_type_id  000000018002de20 f   sfc_mex:sfc_sf.obj
 0001:0002ce50       sf_mex_listen_for_ctrl_c_force 000000018002de50 f   sfc_mex:sfc_sf.obj
 0001:0002cf60       sf_mex_draw_now            000000018002df60 f   sfc_mex:sfc_sf.obj
 0001:0002cfa0       sf_mex_set_debugger_sim_status_listener_fcn 000000018002dfa0 f   sfc_mex:sfc_sf.obj
 0001:0002cfb0       sf_mex_listen_for_ctrl_c   000000018002dfb0 f   sfc_mex:sfc_sf.obj
 0001:0002d040       sf_mex_get_sfun_param      000000018002e040 f   sfc_mex:sfc_sf.obj
 0001:0002d090       sf_get_runtime_param_data  000000018002e090 f   sfc_mex:sfc_sf.obj
 0001:0002d0d0       sf_call_output_fcn_call    000000018002e0d0 f   sfc_mex:sfc_sf.obj
 0001:0002d210       sf_call_output_fcn_enable  000000018002e210 f   sfc_mex:sfc_sf.obj
 0001:0002d2a0       sf_call_output_fcn_disable 000000018002e2a0 f   sfc_mex:sfc_sf.obj
 0001:0002d330       sf_clear_rtw_identifier    000000018002e330 f   sfc_mex:sfc_sf.obj
 0001:0002db20       sf_set_encoded_dwork_info  000000018002eb20 f   sfc_mex:sfc_sf.obj
 0001:0002db70       sf_get_dwork_info_from_mat_file 000000018002eb70 f   sfc_mex:sfc_sf.obj
 0001:0002dd30       sf_set_rtw_dwork_info      000000018002ed30 f   sfc_mex:sfc_sf.obj
 0001:0002dea0       mdlOutputs                 000000018002eea0 f   sfc_mex:sfc_sf.obj
 0001:0002e040       sf_debug_disp              000000018002f040 f   sfc_debug:sfcdebug.obj
 0001:0002e2a0       sf_debug_data_runtime_size_mismatch_error_check 000000018002f2a0 f   sfc_debug:sfcdebug.obj
 0001:0002e340       sf_debug_try_loading_machine 000000018002f340 f   sfc_debug:sfcdebug.obj
 0001:0002e440       sf_debug_reset_current_state_configuration 000000018002f440 f   sfc_debug:sfcdebug.obj
 0001:0002e4d0       sf_debug_store_current_state_configuration 000000018002f4d0 f   sfc_debug:sfcdebug.obj
 0001:0002e560       sf_debug_restore_previous_state_configuration 000000018002f560 f   sfc_debug:sfcdebug.obj
 0001:0002e5f0       sf_debug_restore_previous_state_configuration2 000000018002f5f0 f   sfc_debug:sfcdebug.obj
 0001:0002e680       sf_debug_get_event_scope   000000018002f680 f   sfc_debug:sfcdebug.obj
 0001:0002e7f0       use_debugger_step_animation 000000018002f7f0 f   sfc_debug:sfcdebug.obj
 0001:0002e810       sf_debug_get_script_id     000000018002f810 f   sfc_debug:sfcdebug.obj
 0001:0002e8a0       sf_debug_set_script_translation 000000018002f8a0 f   sfc_debug:sfcdebug.obj
 0001:0002ea20       sf_debug_extract_message_post_receive_info 000000018002fa20 f   sfc_debug:sfcdebug.obj
 0001:0002eb20       sf_debug_get_current_machine_id 000000018002fb20 f   sfc_debug:sfcdebug.obj
 0001:0002eb40       sf_debug_get_current_optional_integer 000000018002fb40 f   sfc_debug:sfcdebug.obj
 0001:0002eb50       sf_debug_get_current_machine_number 000000018002fb50 f   sfc_debug:sfcdebug.obj
 0001:0002eb70       sf_debug_get_current_machine_name 000000018002fb70 f   sfc_debug:sfcdebug.obj
 0001:0002eb90       sf_debug_get_current_chart_id 000000018002fb90 f   sfc_debug:sfcdebug.obj
 0001:0002ebe0       sf_debug_get_current_chart_number 000000018002fbe0 f   sfc_debug:sfcdebug.obj
 0001:0002ebf0       sf_debug_get_current_instance_number 000000018002fbf0 f   sfc_debug:sfcdebug.obj
 0001:0002ec00       sf_debug_get_current_is_minor_time_step 000000018002fc00 f   sfc_debug:sfcdebug.obj
 0001:0002ec80       sf_debug_get_current_object_type 000000018002fc80 f   sfc_debug:sfcdebug.obj
 0001:0002ec90       sf_debug_get_current_instance_handle 000000018002fc90 f   sfc_debug:sfcdebug.obj
 0001:0002ecf0       sf_debug_get_current_event_type 000000018002fcf0 f   sfc_debug:sfcdebug.obj
 0001:0002ed00       sf_debug_get_current_object_id 000000018002fd00 f   sfc_debug:sfcdebug.obj
 0001:0002ed40       sf_debug_get_current_active_event_type 000000018002fd40 f   sfc_debug:sfcdebug.obj
 0001:0002ed50       sf_debug_get_current_active_event_id 000000018002fd50 f   sfc_debug:sfcdebug.obj
 0001:0002ed90       sf_debug_get_current_tag_type 000000018002fd90 f   sfc_debug:sfcdebug.obj
 0001:0002eda0       sf_debug_get_current_simulation_time 000000018002fda0 f   sfc_debug:sfcdebug.obj
 0001:0002edb0       sf_debug_get_current_coverage_percentage 000000018002fdb0 f   sfc_debug:sfcdebug.obj
 0001:0002edc0       sf_debug_current_statement_context 000000018002fdc0 f   sfc_debug:sfcdebug.obj
 0001:0002ee50       sf_debug_get_current_statement_info 000000018002fe50 f   sfc_debug:sfcdebug.obj
 0001:0002efd0       sf_debug_terminate_instance 000000018002ffd0 f   sfc_debug:sfcdebug.obj
 0001:0002f310       sf_debug_assertion_failed  0000000180030310 f   sfc_debug:sfcdebug.obj
 0001:0002f4c0       sf_debug_set_number_of_data_with_change_event_for_machine 00000001800304c0 f   sfc_debug:sfcdebug.obj
 0001:0002f500       sf_debug_set_machine_event_thresholds 0000000180030500 f   sfc_debug:sfcdebug.obj
 0001:0002f520       sf_debug_set_machine_event_scope 0000000180030520 f   sfc_debug:sfcdebug.obj
 0001:0002f560       sf_debug_set_machine_data_thresholds 0000000180030560 f   sfc_debug:sfcdebug.obj
 0001:0002f5a0       sf_debug_set_machine_data_scope 00000001800305a0 f   sfc_debug:sfcdebug.obj
 0001:0002f630       sf_debug_set_machine_data_name 0000000180030630 f   sfc_debug:sfcdebug.obj
 0001:0002f6d0       sf_debug_set_machine_data_size 00000001800306d0 f   sfc_debug:sfcdebug.obj
 0001:0002f810       sf_debug_set_machine_data_type 0000000180030810 f   sfc_debug:sfcdebug.obj
 0001:0002f980       sf_debug_get_chart_data_number 0000000180030980 f   sfc_debug:sfcdebug.obj
 0001:0002f9a0       sf_debug_get_chart_event_number 00000001800309a0 f   sfc_debug:sfcdebug.obj
 0001:0002f9c0       sf_debug_set_chart_state_info 00000001800309c0 f   sfc_debug:sfcdebug.obj
 0001:0002fa40       sf_debug_set_chart_decomposition 0000000180030a40 f   sfc_debug:sfcdebug.obj
 0001:0002fab0       sf_debug_set_chart_substate_count 0000000180030ab0 f   sfc_debug:sfcdebug.obj
 0001:0002fb90       sf_debug_set_chart_substate_index 0000000180030b90 f   sfc_debug:sfcdebug.obj
 0001:0002fc00       sf_debug_set_chart_state_substate_count 0000000180030c00 f   sfc_debug:sfcdebug.obj
 0001:0002fd10       sf_debug_set_chart_state_substate_index 0000000180030d10 f   sfc_debug:sfcdebug.obj
 0001:0002fd90       sf_debug_set_number_of_data_with_change_event_for_chart 0000000180030d90 f   sfc_debug:sfcdebug.obj
 0001:0002fe10       sf_debug_set_number_of_states_with_entry_event_for_chart 0000000180030e10 f   sfc_debug:sfcdebug.obj
 0001:0002fe80       sf_debug_set_number_of_states_with_exit_event_for_chart 0000000180030e80 f   sfc_debug:sfcdebug.obj
 0001:0002fef0       sf_debug_set_chart_disable_implicit_casting 0000000180030ef0 f   sfc_debug:sfcdebug.obj
 0001:0002ff60       sf_debug_set_chart_event_thresholds 0000000180030f60 f   sfc_debug:sfcdebug.obj
 0001:0002ffd0       sf_debug_set_chart_data_compiled_props 0000000180030fd0 f   sfc_debug:sfcdebug.obj
 0001:00030320       sf_debug_set_chart_data_props 0000000180031320 f   sfc_debug:sfcdebug.obj
 0001:00030640       sf_debug_check_fi_license  0000000180031640 f   sfc_debug:sfcdebug.obj
 0001:00030830       sf_debug_symbol_scope_push 0000000180031830 f   sfc_debug:sfcdebug.obj
 0001:00030870       sf_debug_symbol_scope_push_eml 0000000180031870 f   sfc_debug:sfcdebug.obj
 0001:000308c0       sf_debug_symbol_scope_pop  00000001800318c0 f   sfc_debug:sfcdebug.obj
 0001:00030900       sf_debug_symbol_scope_add_importable 0000000180031900 f   sfc_debug:sfcdebug.obj
 0001:00030980       sf_debug_symbol_scope_add  0000000180031980 f   sfc_debug:sfcdebug.obj
 0001:00030a00       sf_debug_symbol_scope_add_dyn_importable 0000000180031a00 f   sfc_debug:sfcdebug.obj
 0001:00030ac0       sf_debug_symbol_scope_add_dyn 0000000180031ac0 f   sfc_debug:sfcdebug.obj
 0001:00030af0       sf_debug_symbol_scope_add_eml_importable 0000000180031af0 f   sfc_debug:sfcdebug.obj
 0001:00030b30       sf_debug_symbol_scope_add_eml 0000000180031b30 f   sfc_debug:sfcdebug.obj
 0001:00030b70       sf_debug_symbol_scope_add_eml_dyn_importable 0000000180031b70 f   sfc_debug:sfcdebug.obj
 0001:00030be0       sf_debug_symbol_scope_add_eml_dyn 0000000180031be0 f   sfc_debug:sfcdebug.obj
 0001:00030c40       sf_debug_symbol_switch     0000000180031c40 f   sfc_debug:sfcdebug.obj
 0001:00030c60       sf_debug_symbol_scope_add_verbose 0000000180031c60 f   sfc_debug:sfcdebug.obj
 0001:00030d30       sf_debug_set_machine_data_value_ptr 0000000180031d30 f   sfc_debug:sfcdebug.obj
 0001:00030d70       sf_debug_set_instance_data_value_ptr 0000000180031d70 f   sfc_debug:sfcdebug.obj
 0001:00030e30       sf_debug_unset_instance_data_value_ptr 0000000180031e30 f   sfc_debug:sfcdebug.obj
 0001:00030ee0       sf_debug_set_chart_event_scope 0000000180031ee0 f   sfc_debug:sfcdebug.obj
 0001:00030f60       sf_debug_set_chart_transition_coverage_maps 0000000180031f60 f   sfc_debug:sfcdebug.obj
 0001:00031070       sf_debug_set_chart_state_coverage_maps 0000000180032070 f   sfc_debug:sfcdebug.obj
 0001:00031150       sf_debug_set_instance_transition_coverage_weights 0000000180032150 f   sfc_debug:sfcdebug.obj
 0001:000311f0       sf_debug_set_instance_state_coverage_weights 00000001800321f0 f   sfc_debug:sfcdebug.obj
 0001:00031440       sf_debug_unload_machine    0000000180032440 f   sfc_debug:sfcdebug.obj
 0001:00031490       sf_debug_load_machine      0000000180032490 f   sfc_debug:sfcdebug.obj
 0001:00031590       sf_debug_set_active_instance_in_data_dictionary 0000000180032590 f   sfc_debug:sfcdebug.obj
 0001:00031770       sf_debug_set_active_instance 0000000180032770 f   sfc_debug:sfcdebug.obj
 0001:000318b0       sf_debug_chart_visiblity_change 00000001800328b0 f   sfc_debug:sfcdebug.obj
 0001:00031990       sf_debug_select_chart      0000000180032990 f   sfc_debug:sfcdebug.obj
 0001:00031a60       sf_debug_set_instance_cv_ids 0000000180032a60 f   sfc_debug:sfcdebug.obj
 0001:00031d70       sf_debug_select_charts     0000000180032d70 f   sfc_debug:sfcdebug.obj
 0001:00031eb0       sf_debug_initialized       0000000180032eb0 f   sfc_debug:sfcdebug.obj
 0001:00031ec0       sf_debug_is_uninterruptible 0000000180032ec0 f   sfc_debug:sfcdebug.obj
 0001:00031ef0       sf_debug_initialize_debugger_gui 0000000180032ef0 f   sfc_debug:sfcdebug.obj
 0001:000322e0       sf_debug_resume            00000001800332e0 f   sfc_debug:sfcdebug.obj
 0001:00032300       sf_debug_go                0000000180033300 f   sfc_debug:sfcdebug.obj
 0001:00032310       sf_debug_break             0000000180033310 f   sfc_debug:sfcdebug.obj
 0001:00032320       sf_debug_step_over         0000000180033320 f   sfc_debug:sfcdebug.obj
 0001:00032330       sf_debug_step_out          0000000180033330 f   sfc_debug:sfcdebug.obj
 0001:00032340       sf_debug_set_disable_all_breakpoints 0000000180033340 f   sfc_debug:sfcdebug.obj
 0001:00032350       sf_debug_disable_all_breakpoints_and_go 0000000180033350 f   sfc_debug:sfcdebug.obj
 0001:00032360       sf_debug_break_on_chart_entry 0000000180033360 f   sfc_debug:sfcdebug.obj
 0001:00032370       sf_debug_break_on_event_broadcast 0000000180033370 f   sfc_debug:sfcdebug.obj
 0001:00032380       sf_debug_break_on_state_entry 0000000180033380 f   sfc_debug:sfcdebug.obj
 0001:00032390       sf_debug_break_between_times 0000000180033390 f   sfc_debug:sfcdebug.obj
 0001:000323b0       sf_debug_browse_data       00000001800333b0 f   sfc_debug:sfcdebug.obj
 0001:000323d0       sf_debug_watch_data        00000001800333d0 f   sfc_debug:sfcdebug.obj
 0001:000323f0       sf_debug_assign_data       00000001800333f0 f   sfc_debug:sfcdebug.obj
 0001:00032410       sf_debug_whos              0000000180033410 f   sfc_debug:sfcdebug.obj
 0001:00032430       sf_debug_get_consistency_info 0000000180033430 f   sfc_debug:sfcdebug.obj
 0001:00032440       sf_debug_browse_trace      0000000180033440 f   sfc_debug:sfcdebug.obj
 0001:00032450       sf_debug_set_breakpoints   0000000180033450 f   sfc_debug:sfcdebug.obj
 0001:000325b0       sf_debug_set_eml_breakpoints 00000001800335b0 f   sfc_debug:sfcdebug.obj
 0001:00032710       sf_debug_set_script_breakpoints 0000000180033710 f   sfc_debug:sfcdebug.obj
 0001:00032790       sf_debug_add_script_breakpoints 0000000180033790 f   sfc_debug:sfcdebug.obj
 0001:00032800       sf_debug_clear_script_breakpoints 0000000180033800 f   sfc_debug:sfcdebug.obj
 0001:00032870       sf_debug_query_script_breakpoints 0000000180033870 f   sfc_debug:sfcdebug.obj
 0001:00032930       sf_debug_get_eml_script_id 0000000180033930 f   sfc_debug:sfcdebug.obj
 0001:00032980       sf_debug_set_watch         0000000180033980 f   sfc_debug:sfcdebug.obj
 0001:00032bb0       sf_debug_get_instance_handle 0000000180033bb0 f   sfc_debug:sfcdebug.obj
 0001:00032c40       sf_debug_get_active_states 0000000180033c40 f   sfc_debug:sfcdebug.obj
 0001:00032c50       sf_debug_get_animation     0000000180033c50 f   sfc_debug:sfcdebug.obj
 0001:00032c60       sf_debug_set_animation     0000000180033c60 f   sfc_debug:sfcdebug.obj
 0001:00032c70       sf_debug_animate           0000000180033c70 f   sfc_debug:sfcdebug.obj
 0001:00032ca0       sf_debug_cycle_detection_check 0000000180033ca0 f   sfc_debug:sfcdebug.obj
 0001:00032cb0       sf_debug_data_range_check  0000000180033cb0 f   sfc_debug:sfcdebug.obj
 0001:00032cc0       sf_debug_transition_conflict_check 0000000180033cc0 f   sfc_debug:sfcdebug.obj
 0001:00032cd0       sf_debug_state_consistency_check 0000000180033cd0 f   sfc_debug:sfcdebug.obj
 0001:00032ce0       sf_debug_data_range_check_enabled 0000000180033ce0 f   sfc_debug:sfcdebug.obj
 0001:00032d00       sf_debug_transition_conflict_check_enabled 0000000180033d00 f   sfc_debug:sfcdebug.obj
 0001:00032d20       sf_debug_transition_conflict_check_begin 0000000180033d20 f   sfc_debug:sfcdebug.obj
 0001:00032d40       sf_debug_transition_conflict_check_end 0000000180033d40 f   sfc_debug:sfcdebug.obj
 0001:00032d60       sf_debug_stop_debugging    0000000180033d60 f   sfc_debug:sfcdebug.obj
 0001:00032d90       sf_debug_is_cycle_detected 0000000180033d90 f   sfc_debug:sfcdebug.obj
 0001:00032da0       sf_debug_is_array_bounds_detected 0000000180033da0 f   sfc_debug:sfcdebug.obj
 0001:00032db0       sf_debug_get_state_vectors_data_size 0000000180033db0 f   sfc_debug:sfcdebug.obj
 0001:00032df0       sf_debug_get_state_vectors_data 0000000180033df0 f   sfc_debug:sfcdebug.obj
 0001:00032ef0       sf_debug_set_state_vectors_data 0000000180033ef0 f   sfc_debug:sfcdebug.obj
 0001:000331b0       sf_debug_get_script_index  00000001800341b0 f   sfc_debug:sfcdebug.obj
 0001:00033340       sf_debug_add_script        0000000180034340 f   sfc_debug:sfcdebug.obj
 0001:000334d0       cv_eval_point              00000001800344d0 f   sfc_debug:sfcdebug.obj
 0001:00033640       cv_eval_testobjective      0000000180034640 f   sfc_debug:sfcdebug.obj
 0001:00033760       sf_debug_cv_init_state     0000000180034760 f   sfc_debug:sfcdebug.obj
 0001:00033880       sf_debug_cv_init_chart     0000000180034880 f   sfc_debug:sfcdebug.obj
 0001:00033960       sf_debug_cv_init_trans     0000000180034960 f   sfc_debug:sfcdebug.obj
 0001:00033a60       sf_debug_cv_init_testobjectives 0000000180034a60 f   sfc_debug:sfcdebug.obj
 0001:00033c40       cv_eml_init_script         0000000180034c40 f   sfc_debug:sfcdebug.obj
 0001:00033d40       cv_eml_init_fcn            0000000180034d40 f   sfc_debug:sfcdebug.obj
 0001:00033df0       cv_eml_init_testobjective  0000000180034df0 f   sfc_debug:sfcdebug.obj
 0001:00033ec0       cv_eml_init_if             0000000180034ec0 f   sfc_debug:sfcdebug.obj
 0001:00033f90       cv_eml_init_for            0000000180034f90 f   sfc_debug:sfcdebug.obj
 0001:00034050       cv_eml_init_while          0000000180035050 f   sfc_debug:sfcdebug.obj
 0001:00034110       cv_eml_init_mcdc           0000000180035110 f   sfc_debug:sfcdebug.obj
 0001:00034220       cv_eml_init_switch         0000000180035220 f   sfc_debug:sfcdebug.obj
 0001:00034310       cv_eml_eval                0000000180035310 f   sfc_debug:sfcdebug.obj
 0001:000343f0       sf_debug_bm_is_a_eml_breakpoint 00000001800353f0 f   sfc_debug:sfcdebug.obj
 0001:00034540       sf_debug_temporal_threshold 0000000180035540 f   sfc_debug:sfcdebug.obj
 0001:000348a0       sf_debug_transition_conflict_error 00000001800358a0 f   sfc_debug:sfcdebug.obj
 0001:00034c20       sf_debug_state_inconsistency_error 0000000180035c20 f   sfc_debug:sfcdebug.obj
 0001:00034d40       sf_debug_check_for_state_inconsistency 0000000180035d40 f   sfc_debug:sfcdebug.obj
 0001:00034d70       sf_debug_cycle_detecton_error 0000000180035d70 f   sfc_debug:sfcdebug.obj
 0001:00035560       sf_debug_size_eq_check_1d  0000000180036560 f   sfc_debug:sfcdebug.obj
 0001:00035580       sf_debug_size_eq_check_nd  0000000180036580 f   sfc_debug:sfcdebug.obj
 0001:00035760       sf_debug_dim_size_eq_check 0000000180036760 f   sfc_debug:sfcdebug.obj
 0001:00035790       sf_debug_dim_size_geq_check 0000000180036790 f   sfc_debug:sfcdebug.obj
 0001:000357c0       sf_debug_sub_assign_size_check_nd 00000001800367c0 f   sfc_debug:sfcdebug.obj
 0001:00035a00       sf_debug_matrix_matrix_index_check 0000000180036a00 f   sfc_debug:sfcdebug.obj
 0001:00035a30       sf_debug_vector_vector_index_check 0000000180036a30 f   sfc_debug:sfcdebug.obj
 0001:00035a60       sf_debug_for_loop_vector_check 0000000180036a60 f   sfc_debug:sfcdebug.obj
 0001:00035ae0       sf_debug_runtime_error_msgid 0000000180036ae0 f   sfc_debug:sfcdebug.obj
 0001:00035b70       sf_debug_data_array_bounds_error_check 0000000180036b70 f   sfc_debug:sfcdebug.obj
 0001:00035c80       sf_debug_eml_data_array_bounds_error_check 0000000180036c80 f   sfc_debug:sfcdebug.obj
 0001:00036160       sf_debug_integer_check     0000000180037160 f   sfc_debug:sfcdebug.obj
 0001:00036240       sf_debug_not_nan_check     0000000180037240 f   sfc_debug:sfcdebug.obj
 0001:00036300       sf_debug_non_negative_check 0000000180037300 f   sfc_debug:sfcdebug.obj
 0001:000363c0       sf_debug_overflow_detection 00000001800373c0 f   sfc_debug:sfcdebug.obj
 0001:00036ab0       sf_debug_cast_to_real32_T  0000000180037ab0 f   sfc_debug:sfcdebug.obj
 0001:00036b70       sf_debug_cast_to_int8_T    0000000180037b70 f   sfc_debug:sfcdebug.obj
 0001:00036c30       sf_debug_cast_to_uint8_T   0000000180037c30 f   sfc_debug:sfcdebug.obj
 0001:00036cf0       sf_debug_cast_to_int16_T   0000000180037cf0 f   sfc_debug:sfcdebug.obj
 0001:00036db0       sf_debug_cast_to_uint16_T  0000000180037db0 f   sfc_debug:sfcdebug.obj
 0001:00036e70       sf_debug_cast_to_int32_T   0000000180037e70 f   sfc_debug:sfcdebug.obj
 0001:00036f30       sf_debug_cast_to_uint32_T  0000000180037f30 f   sfc_debug:sfcdebug.obj
 0001:00036ff0       sf_debug_data_range_error  0000000180037ff0 f   sfc_debug:sfcdebug.obj
 0001:00037340       sf_debug_read_before_write_check 0000000180038340 f   sfc_debug:sfcdebug.obj
 0001:00037730       sf_debug_data_range_error_wrapper_min_max 0000000180038730 f   sfc_debug:sfcdebug.obj
 0001:00037820       sf_debug_data_range_error_wrapper_min 0000000180038820 f   sfc_debug:sfcdebug.obj
 0001:00037900       sf_debug_data_range_error_wrapper_max 0000000180038900 f   sfc_debug:sfcdebug.obj
 0001:000379e0       sf_debug_data_range_wrapper 00000001800389e0 f   sfc_debug:sfcdebug.obj
 0001:00037a90       sf_debug_set_current_status_info 0000000180038a90 f   sfc_debug:sfcdebug.obj
 0001:00037e40       sf_debug_register_message_post_receive_info 0000000180038e40 f   sfc_debug:sfcdebug.obj
 0001:000380b0       sf_debug_call              00000001800390b0 f   sfc_debug:sfcdebug.obj
 0001:00038f70       sf_debug_initialize_machine 0000000180039f70 f   sfc_debug:sfcdebug.obj
 0001:00039280       sf_debug_initialize_chart  000000018003a280 f   sfc_debug:sfcdebug.obj
 0001:00039760       sf_debug_ensure_script     000000018003a760 f   sfc_debug:sfcdebug.obj
 0001:00039820       cv_script_init_script      000000018003a820 f   sfc_debug:sfcdebug.obj
 0001:00039900       cv_script_init_fcn         000000018003a900 f   sfc_debug:sfcdebug.obj
 0001:000399b0       cv_script_init_testobjective 000000018003a9b0 f   sfc_debug:sfcdebug.obj
 0001:00039a60       cv_script_init_if          000000018003aa60 f   sfc_debug:sfcdebug.obj
 0001:00039b10       cv_script_init_for         000000018003ab10 f   sfc_debug:sfcdebug.obj
 0001:00039bc0       cv_script_init_while       000000018003abc0 f   sfc_debug:sfcdebug.obj
 0001:00039c70       cv_script_init_mcdc        000000018003ac70 f   sfc_debug:sfcdebug.obj
 0001:00039d70       cv_script_init_switch      000000018003ad70 f   sfc_debug:sfcdebug.obj
 0001:00039e50       cv_script_eval             000000018003ae50 f   sfc_debug:sfcdebug.obj
 0001:00039f30       eml_debug_line_call        000000018003af30 f   sfc_debug:sfcdebug.obj
 0001:0003a0e0       sf_debug_terminate         000000018003b0e0 f   sfc_debug:sfcdebug.obj
 0001:0003a250       sf_debug_set_script_cv_ids 000000018003b250 f   sfc_debug:sfcdebug.obj
 0001:0003a380       sf_debug_api               000000018003b380 f   sfc_debug:sfc_api.obj
 0001:0003bb60       sf_debug_sm_terminate      000000018003cb60 f   sfc_debug:sfdb_animation.obj
 0001:0003bd20       sf_debug_reset_path_objects 000000018003cd20 f   sfc_debug:sfdb_animation.obj
 0001:0003bda0       sf_debug_sm_reset_object_selection_status 000000018003cda0 f   sfc_debug:sfdb_animation.obj
 0001:0003be40       sf_debug_sm_reset_state_buffer 000000018003ce40 f   sfc_debug:sfdb_animation.obj
 0001:0003bf10       sf_debug_sm_store_state_buffer 000000018003cf10 f   sfc_debug:sfdb_animation.obj
 0001:0003bf90       sf_debug_sm_restore_state_buffer1 000000018003cf90 f   sfc_debug:sfdb_animation.obj
 0001:0003c000       sf_debug_sm_restore_state_buffer2 000000018003d000 f   sfc_debug:sfdb_animation.obj
 0001:0003c070       sf_debug_sm_chart_active   000000018003d070 f   sfc_debug:sfdb_animation.obj
 0001:0003c0c0       sf_debug_sm_select_active_objects 000000018003d0c0 f   sfc_debug:sfdb_animation.obj
 0001:0003c570       sf_debug_sm_is_chart_active 000000018003d570 f   sfc_debug:sfdb_animation.obj
 0001:0003c5b0       sf_debug_sm_is_state_active 000000018003d5b0 f   sfc_debug:sfdb_animation.obj
 0001:0003c7f0       sf_debug_sm_get_active_states 000000018003d7f0 f   sfc_debug:sfdb_animation.obj
 0001:0003cdb0       sf_debug_sm_initialize_instance 000000018003ddb0 f   sfc_debug:sfdb_animation.obj
 0001:0003d000       sf_debug_sm_change_object_selection_status 000000018003e000 f   sfc_debug:sfdb_animation.obj
 0001:0003d2f0       cv_create_interface        000000018003e2f0 f   sfc_debug:cv_sfinterface.obj
 0001:0003d650       cv_init_trans              000000018003e650 f   sfc_debug:cv_sfinterface.obj
 0001:0003d6a0       cv_init_testobjective      000000018003e6a0 f   sfc_debug:cv_sfinterface.obj
 0001:0003d6e0       cv_init_state              000000018003e6e0 f   sfc_debug:cv_sfinterface.obj
 0001:0003d750       cv_init_chart              000000018003e750 f   sfc_debug:cv_sfinterface.obj
 0001:0003d7a0       cv_dec_update_call         000000018003e7a0 f   sfc_debug:cv_sfinterface.obj
 0001:0003d7e0       cv_cond_update_call        000000018003e7e0 f   sfc_debug:cv_sfinterface.obj
 0001:0003d820       cv_testobjective_update_call 000000018003e820 f   sfc_debug:cv_sfinterface.obj
 0001:0003d860       cv_sigrange_update         000000018003e860 f   sfc_debug:cv_sfinterface.obj
 0001:0003d8a0       cvsf_eml_eval              000000018003e8a0 f   sfc_debug:cv_sfinterface.obj
 0001:0003d980       cvsf_eml_init_script       000000018003e980 f   sfc_debug:cv_sfinterface.obj
 0001:0003da00       cvsf_eml_init_fcn          000000018003ea00 f   sfc_debug:cv_sfinterface.obj
 0001:0003da60       cvsf_eml_init_testobjective 000000018003ea60 f   sfc_debug:cv_sfinterface.obj
 0001:0003dac0       cvsf_eml_init_if           000000018003eac0 f   sfc_debug:cv_sfinterface.obj
 0001:0003db20       cvsf_eml_init_for          000000018003eb20 f   sfc_debug:cv_sfinterface.obj
 0001:0003db70       cvsf_eml_init_while        000000018003eb70 f   sfc_debug:cv_sfinterface.obj
 0001:0003dbc0       cvsf_eml_init_mcdc         000000018003ebc0 f   sfc_debug:cv_sfinterface.obj
 0001:0003dc50       cvsf_eml_init_switch       000000018003ec50 f   sfc_debug:cv_sfinterface.obj
 0001:0003dcc0       cvsf_script_eval           000000018003ecc0 f   sfc_debug:cv_sfinterface.obj
 0001:0003dda0       cvsf_script_init_script    000000018003eda0 f   sfc_debug:cv_sfinterface.obj
 0001:0003de20       cvsf_script_init_fcn       000000018003ee20 f   sfc_debug:cv_sfinterface.obj
 0001:0003de80       cvsf_script_init_testobjective 000000018003ee80 f   sfc_debug:cv_sfinterface.obj
 0001:0003dee0       cvsf_script_init_if        000000018003eee0 f   sfc_debug:cv_sfinterface.obj
 0001:0003df40       cvsf_script_init_for       000000018003ef40 f   sfc_debug:cv_sfinterface.obj
 0001:0003df90       cvsf_script_init_while     000000018003ef90 f   sfc_debug:cv_sfinterface.obj
 0001:0003dfe0       cvsf_script_init_mcdc      000000018003efe0 f   sfc_debug:cv_sfinterface.obj
 0001:0003e070       cvsf_script_init_switch    000000018003f070 f   sfc_debug:cv_sfinterface.obj
 0001:0003e0e0       cv_destroy_interface       000000018003f0e0 f   sfc_debug:cv_sfinterface.obj
 0001:0003e100       cv_create_instance_objects 000000018003f100 f   sfc_debug:cv_sfinterface.obj
 0001:0003e5b0       cv_is_enabled              000000018003f5b0 f   sfc_debug:cv_sfinterface.obj
 0001:0003e5c0       sf_debug_cv_initialize_script 000000018003f5c0 f   sfc_debug:cv_sfinterface.obj
 0001:0003e770       sf_debug_cv_initialize_instance 000000018003f770 f   sfc_debug:cv_sfinterface.obj
 0001:0003eb10       sf_debug_cv_terminate_chart 000000018003fb10 f   sfc_debug:cv_sfinterface.obj
 0001:0003ec50       cv_call_trans_test         000000018003fc50 f   sfc_debug:cv_sfinterface.obj
 0001:0003ec60       cv_call_sub_cond_test      000000018003fc60 f   sfc_debug:cv_sfinterface.obj
 0001:0003eca0       sf_debug_st_initialize_machine 000000018003fca0 f   sfc_debug:sfdb_data_browse.obj
 0001:0003ed60       sf_debug_st_initialize_instance 000000018003fd60 f   sfc_debug:sfdb_data_browse.obj
 0001:0003ef90       sf_debug_st_terminate      000000018003ff90 f   sfc_debug:sfdb_data_browse.obj
 0001:0003f330       sf_debug_st_set_data_value_ptr_in_machine 0000000180040330 f   sfc_debug:sfdb_data_browse.obj
 0001:0003f3c0       sf_debug_st_set_data_value_ptr_in_instance 00000001800403c0 f   sfc_debug:sfdb_data_browse.obj
 0001:0003f4a0       sf_debug_st_unset_data_value_ptr_in_machine 00000001800404a0 f   sfc_debug:sfdb_data_browse.obj
 0001:0003f510       sf_debug_st_unset_data_value_ptr_in_instance 0000000180040510 f   sfc_debug:sfdb_data_browse.obj
 0001:0003f820       sf_debug_mx_value          0000000180040820 f   sfc_debug:sfdb_data_browse.obj
 0001:0003f880       sf_debug_mx_packed_vector  0000000180040880 f   sfc_debug:sfdb_data_browse.obj
 0001:0003f960       sf_debug_mx_uint_vector    0000000180040960 f   sfc_debug:sfdb_data_browse.obj
 0001:0003fa20       sf_debug_st_get_double_value_from_void_ptr_vector 0000000180040a20 f   sfc_debug:sfdb_data_browse.obj
 0001:00040510       sf_debug_st_browse_data    0000000180041510 f   sfc_debug:sfdb_data_browse.obj
 0001:00040da0       sf_debug_hm_initialize_instance 0000000180041da0 f   sfc_debug:sfdb_handle_management.obj
 0001:00041320       sf_debug_hm_get_object_id  0000000180042320 f   sfc_debug:sfdb_handle_management.obj
 0001:00043290       sf_debug_object_is_eml_function 0000000180044290 f   sfc_debug:sfdb_handle_management.obj
 0001:00043300       sf_debug_hm_initialize_ids_in_machine 0000000180044300 f   sfc_debug:sfdb_handle_management.obj
 0001:00043470       sf_debug_hm_initialize_ids_in_chart 0000000180044470 f   sfc_debug:sfdb_handle_management.obj
 0001:000435b0       sf_debug_hm_initialize_chart 00000001800445b0 f   sfc_debug:sfdb_handle_management.obj
 0001:00043d60       sf_debug_hm_terminate      0000000180044d60 f   sfc_debug:sfdb_handle_management.obj
 0001:00043dc0       sf_debug_hm_initialize_machine 0000000180044dc0 f   sfc_debug:sfdb_handle_management.obj
 0001:00044570       sf_debug_ss_initialize     0000000180045570 f   sfc_debug:sfdb_symbol_scope.obj
 0001:00044590       sf_debug_ss_terminate      0000000180045590 f   sfc_debug:sfdb_symbol_scope.obj
 0001:00044620       sf_debug_ss_push_symbol_scope 0000000180045620 f   sfc_debug:sfdb_symbol_scope.obj
 0001:00044720       sf_debug_ss_push_symbol_scope_eml 0000000180045720 f   sfc_debug:sfdb_symbol_scope.obj
 0001:00044780       sf_debug_ss_pop_symbol_scope 0000000180045780 f   sfc_debug:sfdb_symbol_scope.obj
 0001:00044830       sf_debug_ss_add_symbol     0000000180045830 f   sfc_debug:sfdb_symbol_scope.obj
 0001:00044990       sf_debug_ss_add_symbol_eml 0000000180045990 f   sfc_debug:sfdb_symbol_scope.obj
 0001:00045670       sf_debug_ss_set_data_value 0000000180046670 f   sfc_debug:sfdb_symbol_scope.obj
 0001:00045b10       sf_debug_ss_watch_data     0000000180046b10 f   sfc_debug:sfdb_symbol_scope.obj
 0001:00045bb0       sf_debug_ss_assign_data    0000000180046bb0 f   sfc_debug:sfdb_symbol_scope.obj
 0001:000465b0       get_data_entry_name        00000001800475b0 f   sfc_debug:sfdb_symbol_scope.obj
 0001:00046600       sf_debug_ss_whos           0000000180047600 f   sfc_debug:sfdb_symbol_scope.obj
 0001:00046d10       sf_debug_cc_initialize_chart 0000000180047d10 f   sfc_debug:sfdb_coverage.obj
 0001:00047700       sf_debug_cc_initialize_instance 0000000180048700 f   sfc_debug:sfdb_coverage.obj
 0001:00048500       sf_debug_cc_terminate      0000000180049500 f   sfc_debug:sfdb_coverage.obj
 0001:000485f0       sf_debug_cc_set_transition_maps 00000001800495f0 f   sfc_debug:sfdb_coverage.obj
 0001:00048720       sf_debug_cc_set_state_maps 0000000180049720 f   sfc_debug:sfdb_coverage.obj
 0001:00048800       sf_debug_cc_set_transition_weights 0000000180049800 f   sfc_debug:sfdb_coverage.obj
 0001:00048ad0       sf_debug_cc_set_state_weights 0000000180049ad0 f   sfc_debug:sfdb_coverage.obj
 0001:00048da0       sf_debug_cc_mark_transition_guard 0000000180049da0 f   sfc_debug:sfdb_coverage.obj
 0001:00048e30       sf_debug_cc_mark_transition_trigger 0000000180049e30 f   sfc_debug:sfdb_coverage.obj
 0001:00048ec0       sf_debug_cc_mark_transition_decision 0000000180049ec0 f   sfc_debug:sfdb_coverage.obj
 0001:00048f30       sf_debug_cc_mark_transition_condition_action 0000000180049f30 f   sfc_debug:sfdb_coverage.obj
 0001:00048f80       sf_debug_cc_mark_transition_transition_action 0000000180049f80 f   sfc_debug:sfdb_coverage.obj
 0001:00048fd0       sf_debug_cc_mark_state_entry 0000000180049fd0 f   sfc_debug:sfdb_coverage.obj
 0001:00049020       sf_debug_cc_mark_state_during 000000018004a020 f   sfc_debug:sfdb_coverage.obj
 0001:00049070       sf_debug_cc_mark_state_exit 000000018004a070 f   sfc_debug:sfdb_coverage.obj
 0001:000490c0       sf_debug_bm_clear_script_breakpoints 000000018004a0c0 f   sfc_debug:sfdb_breakpoints.obj
 0001:000490f0       sf_debug_bm_set_script_breakpoint 000000018004a0f0 f   sfc_debug:sfdb_breakpoints.obj
 0001:00049170       sf_debug_bm_clear_single_script_breakpoint 000000018004a170 f   sfc_debug:sfdb_breakpoints.obj
 0001:000491f0       sf_debug_bm_query_script_breakpoint 000000018004a1f0 f   sfc_debug:sfdb_breakpoints.obj
 0001:00049240       sf_debug_bm_initialize_scripts 000000018004a240 f   sfc_debug:sfdb_breakpoints.obj
 0001:00049960       sf_debug_bm_terminate      000000018004a960 f   sfc_debug:sfdb_breakpoints.obj
 0001:00049c50       sf_debug_bm_remove_all_breakpoints_in_machine 000000018004ac50 f   sfc_debug:sfdb_breakpoints.obj
 0001:00049cc0       sf_debug_bm_remove_all_breakpoints_in_chart 000000018004acc0 f   sfc_debug:sfdb_breakpoints.obj
 0001:00049e10       sf_debug_bm_initialize_global_breakpoints 000000018004ae10 f   sfc_debug:sfdb_breakpoints.obj
 0001:00049f90       sf_debug_bm_set_breakpoint 000000018004af90 f   sfc_debug:sfdb_breakpoints.obj
 0001:0004a5c0       sf_debug_bm_set_eml_breakpoint 000000018004b5c0 f   sfc_debug:sfdb_breakpoints.obj
 0001:0004a660       sf_debug_bm_initialize_machine_breakpoint_map 000000018004b660 f   sfc_debug:sfdb_breakpoints.obj
 0001:0004aa80       sf_debug_bm_is_a_breakpoint 000000018004ba80 f   sfc_debug:sfdb_breakpoints.obj
 0001:0004afa0       sf_debug_bm_get_all_breakpoints_in_machine 000000018004bfa0 f   sfc_debug:sfdb_breakpoints.obj
 0001:0004b2a0       sf_debug_bm_get_all_breakpoints_in_chart 000000018004c2a0 f   sfc_debug:sfdb_breakpoints.obj
 0001:0004bf60       sf_debug_bm_initialize_machine 000000018004cf60 f   sfc_debug:sfdb_breakpoints.obj
 0001:0004c030       sf_debug_bm_initialize_chart 000000018004d030 f   sfc_debug:sfdb_breakpoints.obj
 0001:0004c450       sf_debug_sc_terminate      000000018004d450 f   sfc_debug:sfdb_state_consistency.obj
 0001:0004c780       sf_debug_sc_is_chart_consistent 000000018004d780 f   sfc_debug:sfdb_state_consistency.obj
 0001:0004ca30       sf_debug_sc_get_consistency_error_info 000000018004da30 f   sfc_debug:sfdb_state_consistency.obj
 0001:0004ce80       sf_debug_tm_terminate      000000018004de80 f   sfc_debug:sfdb_call_stack.obj
 0001:0004cf40       sf_debug_tm_push_chart_instance 000000018004df40 f   sfc_debug:sfdb_call_stack.obj
 0001:0004d090       sf_debug_tm_pop_chart_instance 000000018004e090 f   sfc_debug:sfdb_call_stack.obj
 0001:0004d0f0       sf_debug_tm_push_trace_node 000000018004e0f0 f   sfc_debug:sfdb_call_stack.obj
 0001:0004d280       sf_debug_tm_pop_trace_node 000000018004e280 f   sfc_debug:sfdb_call_stack.obj
 0001:0004d300       sf_debug_tm_get_current_global_trace_index 000000018004e300 f   sfc_debug:sfdb_call_stack.obj
 0001:0004d310       sf_debug_tm_get_current_local_trace_index 000000018004e310 f   sfc_debug:sfdb_call_stack.obj
 0001:0004d340       sf_debug_tm_set_cycle_detected_flag 000000018004e340 f   sfc_debug:sfdb_call_stack.obj
 0001:0004d380       sf_debug_tm_set_cycle_started_flag 000000018004e380 f   sfc_debug:sfdb_call_stack.obj
 0001:0004d3c0       sf_debug_tm_get_chart_number_from_stack 000000018004e3c0 f   sfc_debug:sfdb_call_stack.obj
 0001:0004d5c0       sf_debug_tm_browse_trace   000000018004e5c0 f   sfc_debug:sfdb_call_stack.obj
 0001:0004d900       sf_debug_cd_initialize_instance 000000018004e900 f   sfc_debug:sfdb_cycle_detection.obj
 0001:0004dbb0       sf_debug_cd_mark_processed_transition_in_instance 000000018004ebb0 f   sfc_debug:sfdb_cycle_detection.obj
 0001:0004dc50       sf_debug_cd_checksum_push  000000018004ec50 f   sfc_debug:sfdb_cycle_detection.obj
 0001:0004df10       sf_debug_cd_checksum_pop   000000018004ef10 f   sfc_debug:sfdb_cycle_detection.obj
 0001:0004df80       sf_debug_cd_turn_off_cycle_detection 000000018004ef80 f   sfc_debug:sfdb_cycle_detection.obj
 0001:0004dfd0       sf_debug_cd_terminate      000000018004efd0 f   sfc_debug:sfdb_cycle_detection.obj
 0001:0004e210       md5_initialize_state       000000018004f210 f   sfc_debug:ckmd5.obj
 0001:0004ec80       md5_update_state           000000018004fc80 f   sfc_debug:ckmd5.obj
 0001:0004eca0       md5_get_hash               000000018004fca0 f   sfc_debug:ckmd5.obj
 0001:0004ecd0       md5_get_hash_for_a_single_string 000000018004fcd0 f   sfc_debug:ckmd5.obj
 0001:0004ed34       mxGetPr                    000000018004fd34 f   libmx:libmx.dll
 0001:0004ed3a       mxCreateDoubleScalar       000000018004fd3a f   libmx:libmx.dll
 0001:0004ed40       mxCreateDoubleMatrix_730   000000018004fd40 f   libmx:libmx.dll
 0001:0004ed46       mxSetField_730             000000018004fd46 f   libmx:libmx.dll
 0001:0004ed4c       mxCreateString             000000018004fd4c f   libmx:libmx.dll
 0001:0004ed52       mxCreateStructMatrix_730   000000018004fd52 f   libmx:libmx.dll
 0001:0004ed58       mxDestroyArray             000000018004fd58 f   libmx:libmx.dll
 0001:0004ed5e       mxDuplicateArray           000000018004fd5e f   libmx:libmx.dll
 0001:0004ed64       mxGetString_730            000000018004fd64 f   libmx:libmx.dll
 0001:0004ed6a       mxIsChar                   000000018004fd6a f   libmx:libmx.dll
 0001:0004ed70       mxGetClassID               000000018004fd70 f   libmx:libmx.dll
 0001:0004ed76       mxIsNumeric                000000018004fd76 f   libmx:libmx.dll
 0001:0004ed7c       mxIsComplex                000000018004fd7c f   libmx:libmx.dll
 0001:0004ed82       mxGetN                     000000018004fd82 f   libmx:libmx.dll
 0001:0004ed88       mxGetM                     000000018004fd88 f   libmx:libmx.dll
 0001:0004ed8e       mxCalloc                   000000018004fd8e f   libmx:libmx.dll
 0001:0004ed94       mxGetScalar                000000018004fd94 f   libmx:libmx.dll
 0001:0004ed9a       mxIsLogical                000000018004fd9a f   libmx:libmx.dll
 0001:0004eda0       mxCreateDoubleMatrix_700   000000018004fda0 f   libmx:libmx.dll
 0001:0004eda6       mxFree                     000000018004fda6 f   libmx:libmx.dll
 0001:0004edac       mxArrayToString            000000018004fdac f   libmx:libmx.dll
 0001:0004edb2       mxCreateCellMatrix_700     000000018004fdb2 f   libmx:libmx.dll
 0001:0004edb8       mxSetCell_700              000000018004fdb8 f   libmx:libmx.dll
 0001:0004edbe       mxGetCell_700              000000018004fdbe f   libmx:libmx.dll
 0001:0004edc4       mxGetClassName             000000018004fdc4 f   libmx:libmx.dll
 0001:0004edca       mxSetField_700             000000018004fdca f   libmx:libmx.dll
 0001:0004edd0       mxAddField                 000000018004fdd0 f   libmx:libmx.dll
 0001:0004edd6       mxGetField_700             000000018004fdd6 f   libmx:libmx.dll
 0001:0004eddc       mxGetNumberOfElements      000000018004fddc f   libmx:libmx.dll
 0001:0004ede2       mxIsStruct                 000000018004fde2 f   libmx:libmx.dll
 0001:0004ede8       mxIsA                      000000018004fde8 f   libmx:libmx.dll
 0001:0004edee       mxIsClass                  000000018004fdee f   libmx:libmx.dll
 0001:0004edf4       mxGetLogicals              000000018004fdf4 f   libmx:libmx.dll
 0001:0004edfa       mxIsSparse                 000000018004fdfa f   libmx:libmx.dll
 0001:0004ee00       mxSetFieldByNumber_700     000000018004fe00 f   libmx:libmx.dll
 0001:0004ee06       mxGetFieldByNumber_700     000000018004fe06 f   libmx:libmx.dll
 0001:0004ee0c       mxGetFieldNameByNumber     000000018004fe0c f   libmx:libmx.dll
 0001:0004ee12       mxGetNumberOfFields        000000018004fe12 f   libmx:libmx.dll
 0001:0004ee18       mxCreateStructMatrix_700   000000018004fe18 f   libmx:libmx.dll
 0001:0004ee1e       mxGetFieldNumber           000000018004fe1e f   libmx:libmx.dll
 0001:0004ee24       mxIsNaN                    000000018004fe24 f   libmx:libmx.dll
 0001:0004ee2a       mxIsEmpty                  000000018004fe2a f   libmx:libmx.dll
 0001:0004ee30       mxGetData                  000000018004fe30 f   libmx:libmx.dll
 0001:0004ee36       mxGetImagData              000000018004fe36 f   libmx:libmx.dll
 0001:0004ee3c       mxArrayClassIDName         000000018004fe3c f   libmx:libmx.dll
 0001:0004ee42       mxCreateNumericMatrix_700  000000018004fe42 f   libmx:libmx.dll
 0001:0004ee48       mxCreateStructArray_700    000000018004fe48 f   libmx:libmx.dll
 0001:0004ee4e       mxCalcSingleSubscript_700  000000018004fe4e f   libmx:libmx.dll
 0001:0004ee54       mxGetDimensions_700        000000018004fe54 f   libmx:libmx.dll
 0001:0004ee5a       mxGetNumberOfDimensions_700 000000018004fe5a f   libmx:libmx.dll
 0001:0004ee60       mxCreateNumericArray_700   000000018004fe60 f   libmx:libmx.dll
 0001:0004ee66       mxGetElementSize           000000018004fe66 f   libmx:libmx.dll
 0001:0004ee6c       mxCreateStringFromNChars_700 000000018004fe6c f   libmx:libmx.dll
 0001:0004ee72       mxGetString_700            000000018004fe72 f   libmx:libmx.dll
 0001:0004ee78       mxIsLogicalScalarTrue      000000018004fe78 f   libmx:libmx.dll
 0001:0004ee7e       mxCreateLogicalScalar      000000018004fe7e f   libmx:libmx.dll
 0001:0004ee84       mexUnlock                  000000018004fe84 f   libmex:libmex.dll
 0001:0004ee8a       mexIsLocked                000000018004fe8a f   libmex:libmex.dll
 0001:0004ee90       mexWarnMsgTxt              000000018004fe90 f   libmex:libmex.dll
 0001:0004ee96       mexCallMATLAB              000000018004fe96 f   libmex:libmex.dll
 0001:0004ee9c       mexErrMsgTxt               000000018004fe9c f   libmex:libmex.dll
 0001:0004eea2       mexMakeArrayPersistent     000000018004fea2 f   libmex:libmex.dll
 0001:0004eea8       mexSetTrapFlag             000000018004fea8 f   libmex:libmex.dll
 0001:0004eeae       mexPutVariable             000000018004feae f   libmex:libmex.dll
 0001:0004eeb4       mexGetVariable             000000018004feb4 f   libmex:libmex.dll
 0001:0004eeba       mexLock                    000000018004feba f   libmex:libmex.dll
 0001:0004eec0       mexMakeMemoryPersistent    000000018004fec0 f   libmex:libmex.dll
 0001:0004eec6       mexFunctionName            000000018004fec6 f   libmex:libmex.dll
 0001:0004eecc       ssRegisterDataTypeFxpFSlopeFixExpBias 000000018004fecc f   libfixedpoint:libfixedpoint.dll
 0001:0004eed2       utVSNprintf                000000018004fed2 f   libut:libut.dll
 0001:0004eed8       utCPUtime                  000000018004fed8 f   libut:libut.dll
 0001:0004eede       utFree                     000000018004fede f   libut:libut.dll
 0001:0004eee4       utMalloc                   000000018004fee4 f   libut:libut.dll
 0001:0004eeea       muDoubleScalarFloor        000000018004feea f   libmwmathutil:libmwmathutil.dll
 0001:0004eef0       muDoubleScalarAbs          000000018004fef0 f   libmwmathutil:libmwmathutil.dll
 0001:0004eef6       muDoubleScalarRound        000000018004fef6 f   libmwmathutil:libmwmathutil.dll
 0001:0004eefc       muDoubleScalarSin          000000018004fefc f   libmwmathutil:libmwmathutil.dll
 0001:0004ef02       muDoubleScalarCos          000000018004ff02 f   libmwmathutil:libmwmathutil.dll
 0001:0004ef08       muDoubleScalarAtan2        000000018004ff08 f   libmwmathutil:libmwmathutil.dll
 0001:0004ef0e       emlrtCheckBuiltInCtxR2011a 000000018004ff0e f   libemlrt:libemlrt.dll
 0001:0004ef14       emlrtCheckVsBuiltInCtxR2011a 000000018004ff14 f   libemlrt:libemlrt.dll
 0001:0004ef1a       emlrtCheckEnumR2009a       000000018004ff1a f   libemlrt:libemlrt.dll
 0001:0004ef20       emlrtCreateEnumR2010a      000000018004ff20 f   libemlrt:libemlrt.dll
 0001:0004ef26       emlrtGetEnumElementR2009a  000000018004ff26 f   libemlrt:libemlrt.dll
 0001:0004ef2c       emlrtCreateReference       000000018004ff2c f   libemlrt:libemlrt.dll
 0001:0004ef32       emlrtImportVsFiArrayR2009b 000000018004ff32 f   libemlrt:libemlrt.dll
 0001:0004ef38       emlrtNameCapturePostProcessR2012a 000000018004ff38 f   libemlrt:libemlrt.dll
 0001:0004ef3e       emlrtExtractMessageId      000000018004ff3e f   libemlrt:libemlrt.dll
 0001:0004ef44       emlrtTranslateMessageIDtoLCPstring 000000018004ff44 f   libemlrt:libemlrt.dll
 0001:0004ef4a       emlrtForLoopVectorIsValidR2011b 000000018004ff4a f   libemlrt:libemlrt.dll
 0001:0004ef50       emlrtTranslateUTF16MessagetoLCPstring 000000018004ff50 f   libemlrt:libemlrt.dll
 0001:0004ef56       emlrtGetEnumUnderlyingArrayR2009a 000000018004ff56 f   libemlrt:libemlrt.dll
 0001:0004ef5c       emlrtIsEnumR2009a          000000018004ff5c f   libemlrt:libemlrt.dll
 0001:0004ef64       __GSHandlerCheckCommon     000000018004ff64 f   MSVCRT:gshandler.obj
 0001:0004efc8       __GSHandlerCheck           000000018004ffc8 f   MSVCRT:gshandler.obj
 0001:0004efe6       strlen                     000000018004ffe6 f   MSVCRT:MSVCR100.dll
 0001:0004f000       __security_check_cookie    0000000180050000 f   MSVCRT:amdsecgs.obj
 0001:0004f020       memset                     0000000180050020 f   MSVCRT:MSVCR100.dll
 0001:0004f026       malloc                     0000000180050026 f   MSVCRT:MSVCR100.dll
 0001:0004f02c       free                       000000018005002c f   MSVCRT:MSVCR100.dll
 0001:0004f032       strcmp                     0000000180050032 f   MSVCRT:MSVCR100.dll
 0001:0004f038       sprintf                    0000000180050038 f   MSVCRT:MSVCR100.dll
 0001:0004f03e       strcat                     000000018005003e f   MSVCRT:MSVCR100.dll
 0001:0004f044       memcpy                     0000000180050044 f   MSVCRT:MSVCR100.dll
 0001:0004f04c       NtCurrentTeb               000000018005004c f i MSVCRT:crtdll.obj
 0001:0004f0b8       _CRT_INIT                  00000001800500b8 f   MSVCRT:crtdll.obj
 0001:0004f450       _DllMainCRTStartup         0000000180050450 f   MSVCRT:crtdll.obj
 0001:0004f48e       strncpy                    000000018005048e f   MSVCRT:MSVCR100.dll
 0001:0004f4b0       _alloca_probe              00000001800504b0     MSVCRT:chkstk.obj
 0001:0004f4b0       __chkstk                   00000001800504b0 f   MSVCRT:chkstk.obj
 0001:0004f4fe       longjmp                    00000001800504fe f   MSVCRT:MSVCR100.dll
 0001:0004f504       strncmp                    0000000180050504 f   MSVCRT:MSVCR100.dll
 0001:0004f50a       ceil                       000000018005050a f   MSVCRT:MSVCR100.dll
 0001:0004f510       strrchr                    0000000180050510 f   MSVCRT:MSVCR100.dll
 0001:0004f516       _setjmp                    0000000180050516 f   MSVCRT:MSVCR100.dll
 0001:0004f51c       calloc                     000000018005051c f   MSVCRT:MSVCR100.dll
 0001:0004f522       realloc                    0000000180050522 f   MSVCRT:MSVCR100.dll
 0001:0004f528       ldexp                      0000000180050528 f   MSVCRT:MSVCR100.dll
 0001:0004f530       __report_gsfailure         0000000180050530 f   MSVCRT:gs_report.obj
 0001:0004f67c       __clean_type_info_names    000000018005067c f   MSVCRT:tncleanup.obj
 0001:0004f688       _onexit                    0000000180050688 f   MSVCRT:atonexit.obj
 0001:0004f738       atexit                     0000000180050738 f   MSVCRT:atonexit.obj
 0001:0004f750       _RTC_Initialize            0000000180050750 f   MSVCRT:_initsect_.obj
 0001:0004f788       _RTC_Terminate             0000000180050788 f   MSVCRT:_initsect_.obj
 0001:0004f7c0       _malloc_crt                00000001800507c0 f   MSVCRT:MSVCR100.dll
 0001:0004f7d0       _ValidateImageBase         00000001800507d0 f   MSVCRT:pesect.obj
 0001:0004f800       _FindPESection             0000000180050800 f   MSVCRT:pesect.obj
 0001:0004f850       _IsNonwritableInCurrentImage 0000000180050850 f   MSVCRT:pesect.obj
 0001:0004f892       _initterm                  0000000180050892 f   MSVCRT:MSVCR100.dll
 0001:0004f898       _initterm_e                0000000180050898 f   MSVCRT:MSVCR100.dll
 0001:0004f89e       _encoded_null              000000018005089e f   MSVCRT:MSVCR100.dll
 0001:0004f8a4       _amsg_exit                 00000001800508a4 f   MSVCRT:MSVCR100.dll
 0001:0004f8aa       __C_specific_handler       00000001800508aa f   MSVCRT:MSVCR100.dll
 0001:0004f8b0       __CppXcptFilter            00000001800508b0 f   MSVCRT:MSVCR100.dll
 0001:0004f8b8       DllMain                    00000001800508b8 f   MSVCRT:dllmain.obj
 0001:0004f8dc       __security_init_cookie     00000001800508dc f   MSVCRT:gs_support.obj
 0001:0004f990       __crt_debugger_hook        0000000180050990 f   MSVCRT:MSVCR100.dll
 0001:0004f996       __clean_type_info_names_internal 0000000180050996 f   MSVCRT:MSVCR100.dll
 0001:0004f99c       _unlock                    000000018005099c f   MSVCRT:MSVCR100.dll
 0001:0004f9a2       __dllonexit                00000001800509a2 f   MSVCRT:MSVCR100.dll
 0001:0004f9a8       _lock                      00000001800509a8 f   MSVCRT:MSVCR100.dll
 0001:0004f9ae       EncodePointer              00000001800509ae f   kernel32:KERNEL32.dll
 0001:0004f9b4       DecodePointer              00000001800509b4 f   kernel32:KERNEL32.dll
 0001:0004f9ba       Sleep                      00000001800509ba f   kernel32:KERNEL32.dll
 0001:0004f9c0       TerminateProcess           00000001800509c0 f   kernel32:KERNEL32.dll
 0001:0004f9c6       GetCurrentProcess          00000001800509c6 f   kernel32:KERNEL32.dll
 0001:0004f9cc       UnhandledExceptionFilter   00000001800509cc f   kernel32:KERNEL32.dll
 0001:0004f9d2       SetUnhandledExceptionFilter 00000001800509d2 f   kernel32:KERNEL32.dll
 0001:0004f9d8       IsDebuggerPresent          00000001800509d8 f   kernel32:KERNEL32.dll
 0001:0004f9de       RtlVirtualUnwind           00000001800509de f   kernel32:KERNEL32.dll
 0001:0004f9e4       RtlLookupFunctionEntry     00000001800509e4 f   kernel32:KERNEL32.dll
 0001:0004f9ea       RtlCaptureContext          00000001800509ea f   kernel32:KERNEL32.dll
 0001:0004f9f0       DisableThreadLibraryCalls  00000001800509f0 f   kernel32:KERNEL32.dll
 0001:0004f9f6       QueryPerformanceCounter    00000001800509f6 f   kernel32:KERNEL32.dll
 0001:0004f9fc       GetTickCount               00000001800509fc f   kernel32:KERNEL32.dll
 0001:0004fa02       GetCurrentThreadId         0000000180050a02 f   kernel32:KERNEL32.dll
 0001:0004fa08       GetCurrentProcessId        0000000180050a08 f   kernel32:KERNEL32.dll
 0001:0004fa0e       GetSystemTimeAsFileTime    0000000180050a0e f   kernel32:KERNEL32.dll
 0002:00000000       __imp_DisableThreadLibraryCalls 0000000180051000     kernel32:KERNEL32.dll
 0002:00000008       __imp_RtlCaptureContext    0000000180051008     kernel32:KERNEL32.dll
 0002:00000010       __imp_RtlLookupFunctionEntry 0000000180051010     kernel32:KERNEL32.dll
 0002:00000018       __imp_RtlVirtualUnwind     0000000180051018     kernel32:KERNEL32.dll
 0002:00000020       __imp_IsDebuggerPresent    0000000180051020     kernel32:KERNEL32.dll
 0002:00000028       __imp_SetUnhandledExceptionFilter 0000000180051028     kernel32:KERNEL32.dll
 0002:00000030       __imp_UnhandledExceptionFilter 0000000180051030     kernel32:KERNEL32.dll
 0002:00000038       __imp_GetCurrentProcess    0000000180051038     kernel32:KERNEL32.dll
 0002:00000040       __imp_TerminateProcess     0000000180051040     kernel32:KERNEL32.dll
 0002:00000048       __imp_Sleep                0000000180051048     kernel32:KERNEL32.dll
 0002:00000050       __imp_DecodePointer        0000000180051050     kernel32:KERNEL32.dll
 0002:00000058       __imp_EncodePointer        0000000180051058     kernel32:KERNEL32.dll
 0002:00000060       __imp_GetTickCount         0000000180051060     kernel32:KERNEL32.dll
 0002:00000068       __imp_GetCurrentThreadId   0000000180051068     kernel32:KERNEL32.dll
 0002:00000070       __imp_GetCurrentProcessId  0000000180051070     kernel32:KERNEL32.dll
 0002:00000078       __imp_GetSystemTimeAsFileTime 0000000180051078     kernel32:KERNEL32.dll
 0002:00000080       __imp_QueryPerformanceCounter 0000000180051080     kernel32:KERNEL32.dll
 0002:00000088       \177KERNEL32_NULL_THUNK_DATA 0000000180051088     kernel32:KERNEL32.dll
 0002:00000090       __imp_realloc              0000000180051090     MSVCRT:MSVCR100.dll
 0002:00000098       __imp__onexit              0000000180051098     MSVCRT:MSVCR100.dll
 0002:000000a0       __imp__lock                00000001800510a0     MSVCRT:MSVCR100.dll
 0002:000000a8       __imp___dllonexit          00000001800510a8     MSVCRT:MSVCR100.dll
 0002:000000b0       __imp__unlock              00000001800510b0     MSVCRT:MSVCR100.dll
 0002:000000b8       __imp___clean_type_info_names_internal 00000001800510b8     MSVCRT:MSVCR100.dll
 0002:000000c0       __imp___crt_debugger_hook  00000001800510c0     MSVCRT:MSVCR100.dll
 0002:000000c8       __imp___CppXcptFilter      00000001800510c8     MSVCRT:MSVCR100.dll
 0002:000000d0       __imp___C_specific_handler 00000001800510d0     MSVCRT:MSVCR100.dll
 0002:000000d8       __imp__amsg_exit           00000001800510d8     MSVCRT:MSVCR100.dll
 0002:000000e0       __imp__encoded_null        00000001800510e0     MSVCRT:MSVCR100.dll
 0002:000000e8       __imp__initterm_e          00000001800510e8     MSVCRT:MSVCR100.dll
 0002:000000f0       __imp__initterm            00000001800510f0     MSVCRT:MSVCR100.dll
 0002:000000f8       __imp__malloc_crt          00000001800510f8     MSVCRT:MSVCR100.dll
 0002:00000100       __imp_ldexp                0000000180051100     MSVCRT:MSVCR100.dll
 0002:00000108       __imp_strlen               0000000180051108     MSVCRT:MSVCR100.dll
 0002:00000110       __imp_calloc               0000000180051110     MSVCRT:MSVCR100.dll
 0002:00000118       __imp__setjmp              0000000180051118     MSVCRT:MSVCR100.dll
 0002:00000120       __imp_strrchr              0000000180051120     MSVCRT:MSVCR100.dll
 0002:00000128       __imp_ceil                 0000000180051128     MSVCRT:MSVCR100.dll
 0002:00000130       __imp_strncmp              0000000180051130     MSVCRT:MSVCR100.dll
 0002:00000138       __imp_longjmp              0000000180051138     MSVCRT:MSVCR100.dll
 0002:00000140       __imp_strncpy              0000000180051140     MSVCRT:MSVCR100.dll
 0002:00000148       __imp_memcpy               0000000180051148     MSVCRT:MSVCR100.dll
 0002:00000150       __imp_strcat               0000000180051150     MSVCRT:MSVCR100.dll
 0002:00000158       __imp_sprintf              0000000180051158     MSVCRT:MSVCR100.dll
 0002:00000160       __imp_strcmp               0000000180051160     MSVCRT:MSVCR100.dll
 0002:00000168       __imp_free                 0000000180051168     MSVCRT:MSVCR100.dll
 0002:00000170       __imp_malloc               0000000180051170     MSVCRT:MSVCR100.dll
 0002:00000178       __imp_memset               0000000180051178     MSVCRT:MSVCR100.dll
 0002:00000180       \177MSVCR100_NULL_THUNK_DATA 0000000180051180     MSVCRT:MSVCR100.dll
 0002:00000188       __imp_emlrtGetEnumUnderlyingArrayR2009a 0000000180051188     libemlrt:libemlrt.dll
 0002:00000190       __imp_emlrtIsEnumR2009a    0000000180051190     libemlrt:libemlrt.dll
 0002:00000198       __imp_emlrtCheckVsBuiltInCtxR2011a 0000000180051198     libemlrt:libemlrt.dll
 0002:000001a0       __imp_emlrtTranslateUTF16MessagetoLCPstring 00000001800511a0     libemlrt:libemlrt.dll
 0002:000001a8       __imp_emlrtForLoopVectorIsValidR2011b 00000001800511a8     libemlrt:libemlrt.dll
 0002:000001b0       __imp_emlrtTranslateMessageIDtoLCPstring 00000001800511b0     libemlrt:libemlrt.dll
[...]
 0001:000270b0       sf_numeric_value_to_double 00000001800280b0 f   sfc_mex:sfc_mex.obj
 0001:00027100       ml_generic_out_of_bounds_check 0000000180028100 f   sfc_mex:sfc_mex.obj
 0001:000272d0       ml_get_element_value_from_array 00000001800282d0 f   sfc_mex:sfc_mex.obj
 0001:00027670       _ml_generic_castability_check 0000000180028670 f   sfc_mex:sfc_mex.obj
 0001:000283d0       ml_generic_castability_check 00000001800293d0 f   sfc_mex:sfc_mex.obj
 0001:00028470       ml_check_mx_array_for_single_castability 0000000180029470 f   sfc_mex:sfc_mex.obj
 0001:00028510       ml_check_mx_array_for_logical_castability 0000000180029510 f   sfc_mex:sfc_mex.obj
 0001:000285b0       ml_check_mx_array_for_int8_castability 00000001800295b0 f   sfc_mex:sfc_mex.obj
 0001:00028660       ml_check_mx_array_for_uint8_castability 0000000180029660 f   sfc_mex:sfc_mex.obj
 0001:000286c0       ml_check_mx_array_for_int16_castability 00000001800296c0 f   sfc_mex:sfc_mex.obj
 0001:00028720       ml_check_mx_array_for_uint16_castability 0000000180029720 f   sfc_mex:sfc_mex.obj
 0001:00028780       ml_check_mx_array_for_int32_castability 0000000180029780 f   sfc_mex:sfc_mex.obj
 0001:000287e0       ml_check_mx_array_for_uint32_castability 00000001800297e0 f   sfc_mex:sfc_mex.obj
 0001:00028840       ml_check_mx_array_for_castability 0000000180029840 f   sfc_mex:sfc_mex.obj
 0001:00029170       set_data_value             000000018002a170 f   sfc_mex:sfc_mex.obj
 0001:000294e0       get_data_value             000000018002a4e0 f   sfc_mex:sfc_mex.obj
 0001:000295f0       get_next_element_address   000000018002a5f0 f   sfc_mex:sfc_mex.obj
 0001:000296c0       sf_normalize_index         000000018002a6c0 f   sfc_mex:sfc_mex.obj
 0001:00029a50       ml_array_index_bound_check 000000018002aa50 f   sfc_mex:sfc_mex.obj
 0001:0002a570       mx_value                   000000018002b570 f   sfc_mex:sfc_mex.obj
 0001:0002a5c0       sf_create_numeric_array    000000018002b5c0 f   sfc_mex:sfc_mex.obj
 0001:0002a660       sf_mex_assign_to_mx_array  000000018002b660 f   sfc_mex:sfc_mex.obj
 0001:0002a9b0       assign_from_mx_array       000000018002b9b0 f   sfc_mex:sfc_mex.obj
 0001:0002b1e0       sf_mex_import_v            000000018002c1e0 f   sfc_mex:sfc_mex.obj
 0001:0002b8e0       get_machine_and_chart_file_number 000000018002c8e0 f   sfc_mex:sfc_sf.obj
 0001:0002b9d0       get_sfun_block_specialization 000000018002c9d0 f   sfc_mex:sfc_sf.obj
 0001:0002ba80       call_sf_machine_global_method_dispatcher 000000018002ca80 f   sfc_mex:sfc_sf.obj
 0001:0002bcd0       mdl_zeroCrossings_processing 000000018002ccd0 f   sfc_mex:sfc_sf.obj
 0001:0002bda0       mdl_derivatives_processing 000000018002cda0 f   sfc_mex:sfc_sf.obj
 0001:0002c060       mdl_outputs_continuous_legacy 000000018002d060 f   sfc_mex:sfc_sf.obj
 0001:0002c0e0       mdl_outputs_processing     000000018002d0e0 f   sfc_mex:sfc_sf.obj
 0001:0002c310       mdl_enable_processing      000000018002d310 f   sfc_mex:sfc_sf.obj
 0001:0002c3e0       mdl_disable_processing     000000018002d3e0 f   sfc_mex:sfc_sf.obj
 0001:0002d150       sf_call_output_fcn_enable_disable 000000018002e150 f   sfc_mex:sfc_sf.obj
 0001:0002d3d0       set_dwork_information_from_mx_array 000000018002e3d0 f   sfc_mex:sfc_sf.obj
 0001:0002dc90       ptr2mxStruct               000000018002ec90 f   sfc_mex:sfc_sf.obj
 0001:0002dfa0       SNPRINTF_WRAPPER           000000018002efa0 f   sfc_debug:sfcdebug.obj
 0001:0002dfc0       sf_debug_chart_instance_initialized_quick 000000018002efc0 f   sfc_debug:sfcdebug.obj
 0001:0002dfd0       sf_debug_chart_instance_initialized 000000018002efd0 f   sfc_debug:sfcdebug.obj
 0001:0002e170       sfrtAddSize                000000018002f170 f   sfc_debug:sfcdebug.obj
 0001:0002e230       sfrtGenSizeString          000000018002f230 f   sfc_debug:sfcdebug.obj
 0001:0002e940       fill_single_message_info   000000018002f940 f   sfc_debug:sfcdebug.obj
 0001:0002eb00       sf_debug_sim_status_listener 000000018002fb00 f   sfc_debug:sfcdebug.obj
 0001:0002f070       sf_debug_form_mask_bits    0000000180030070 f   sfc_debug:sfcdebug.obj
 0001:0002f0b0       sf_debug_form_sf_data_type_offsets 00000001800300b0 f   sfc_debug:sfcdebug.obj
 0001:0002f170       sf_debug_free_all          0000000180030170 f   sfc_debug:sfcdebug.obj
 0001:0002f320       sf_debug_append_debugger_context 0000000180030320 f   sfc_debug:sfcdebug.obj
 0001:0002f5e0       local_strdup               00000001800305e0 f   sfc_debug:sfcdebug.obj
 0001:000304c0       sf_debug_em_terminate      00000001800314c0 f   sfc_debug:sfcdebug.obj
 0001:00030500       sf_debug_push_eml_function 0000000180031500 f   sfc_debug:sfcdebug.obj
 0001:000305a0       sf_debug_pop_eml_function  00000001800315a0 f   sfc_debug:sfcdebug.obj
 0001:000312a0       sf_debug_get_machine_number_from_id_or_name 00000001800322a0 f   sfc_debug:sfcdebug.obj
 0001:000313f0       sf_debug_get_chart_number_from_id 00000001800323f0 f   sfc_debug:sfcdebug.obj
 0001:00032060       sf_debug_transfer_control_to_debugger_GUI 0000000180033060 f   sfc_debug:sfcdebug.obj
 0001:00032ff0       sf_debug_scripts_rehash    0000000180033ff0 f   sfc_debug:sfcdebug.obj
 0001:00033230       sf_debug_get_script_line_count 0000000180034230 f   sfc_debug:sfcdebug.obj
 0001:00033b60       cv_eml_state_cvId          0000000180034b60 f   sfc_debug:sfcdebug.obj
 0001:00033bd0       cv_eml_trans_cvId          0000000180034bd0 f   sfc_debug:sfcdebug.obj
 0001:00034e90       sf_debug_data_array_bounds_error 0000000180035e90 f   sfc_debug:sfcdebug.obj
 0001:000352c0       eml_debug_runtime_error_doclink 00000001800362c0 f   sfc_debug:sfcdebug.obj
 0001:00035440       sf_debug_runtime_error     0000000180036440 f   sfc_debug:sfcdebug.obj
 0001:000354b0       sf_debug_matlab_error      00000001800364b0 f   sfc_debug:sfcdebug.obj
 0001:00035de0       sf_debug_data_value_error  0000000180036de0 f   sfc_debug:sfcdebug.obj
 0001:000366e0       sf_debug_data_loss_error   00000001800376e0 f   sfc_debug:sfcdebug.obj
 0001:00037600       call_cv_range_check        0000000180038600 f   sfc_debug:sfcdebug.obj
 0001:00037dd0       sf_debug_invoke_cycle_detection_code 0000000180038dd0 f   sfc_debug:sfcdebug.obj
 0001:00038eb0       sf_reset_debug_info_struct 0000000180039eb0 f   sfc_debug:sfcdebug.obj
 0001:000397a0       cv_script_cvId             000000018003a7a0 f   sfc_debug:sfcdebug.obj
 0001:0003a4f0       sfc_api_chart_visible      000000018003b4f0 f   sfc_debug:sfc_api.obj
 0001:0003a570       sfc_api_active_instance    000000018003b570 f   sfc_debug:sfc_api.obj
 0001:0003a5f0       sfc_api_machine_load       000000018003b5f0 f   sfc_debug:sfc_api.obj
 0001:0003a6c0       sfc_api_debugger_alive     000000018003b6c0 f   sfc_debug:sfc_api.obj
 0001:0003a6d0       sfc_api_go                 000000018003b6d0 f   sfc_debug:sfc_api.obj
 0001:0003a6e0       sfc_api_step_over          000000018003b6e0 f   sfc_debug:sfc_api.obj
 0001:0003a6f0       sfc_api_step_out           000000018003b6f0 f   sfc_debug:sfc_api.obj
 0001:0003a700       sfc_api_resume             000000018003b700 f   sfc_debug:sfc_api.obj
 0001:0003a710       sfc_api_break              000000018003b710 f   sfc_debug:sfc_api.obj
 0001:0003a720       sfc_api_stop_debugging     000000018003b720 f   sfc_debug:sfc_api.obj
 0001:0003a770       sfc_api_is_cycle_detected  000000018003b770 f   sfc_debug:sfc_api.obj
 0001:0003a7c0       sfc_api_is_array_bounds_detected 000000018003b7c0 f   sfc_debug:sfc_api.obj
 0001:0003a810       sfc_api_set_disable_all_breakpoints 000000018003b810 f   sfc_debug:sfc_api.obj
 0001:0003a880       sfc_api_disable_all_breakpoints_and_go 000000018003b880 f   sfc_debug:sfc_api.obj
 0001:0003a890       sfc_api_close              000000018003b890 f   sfc_debug:sfc_api.obj
 0001:0003a8a0       sfc_api_browse_data        000000018003b8a0 f   sfc_debug:sfc_api.obj
 0001:0003a910       sfc_api_watch_data         000000018003b910 f   sfc_debug:sfc_api.obj
 0001:0003a9b0       sfc_api_extract_message_post_receive_info 000000018003b9b0 f   sfc_debug:sfc_api.obj
 0001:0003a9d0       sfc_api_assign_data        000000018003b9d0 f   sfc_debug:sfc_api.obj
 0001:0003aa70       sfc_api_whos               000000018003ba70 f   sfc_debug:sfc_api.obj
 0001:0003ab00       sfc_api_get_consistency_info 000000018003bb00 f   sfc_debug:sfc_api.obj
 0001:0003ab10       sfc_api_browse_trace       000000018003bb10 f   sfc_debug:sfc_api.obj
 0001:0003ab20       sfc_api_break_on_chart_entry 000000018003bb20 f   sfc_debug:sfc_api.obj
 0001:0003ab40       sfc_api_break_on_event_broadcast 000000018003bb40 f   sfc_debug:sfc_api.obj
 0001:0003ab60       sfc_api_break_on_state_entry 000000018003bb60 f   sfc_debug:sfc_api.obj
 0001:0003ab80       sfc_api_set_watch          000000018003bb80 f   sfc_debug:sfc_api.obj
 0001:0003ac20       sfc_api_set_breakpoints    000000018003bc20 f   sfc_debug:sfc_api.obj
 0001:0003acc0       sfc_api_set_eml_breakpoints 000000018003bcc0 f   sfc_debug:sfc_api.obj
 0001:0003ad40       sfc_api_set_script_breakpoints 000000018003bd40 f   sfc_debug:sfc_api.obj
 0001:0003ad90       sfc_api_add_script_breakpoints 000000018003bd90 f   sfc_debug:sfc_api.obj
 0001:0003ade0       sfc_api_clear_script_breakpoints 000000018003bde0 f   sfc_debug:sfc_api.obj
 0001:0003ae30       sfc_api_query_script_breakpoints 000000018003be30 f   sfc_debug:sfc_api.obj
 0001:0003ae90       sfc_api_get_script_id      000000018003be90 f   sfc_debug:sfc_api.obj
 0001:0003af50       sfc_api_get_active_states  000000018003bf50 f   sfc_debug:sfc_api.obj
 0001:0003afd0       sfc_api_break_between_times 000000018003bfd0 f   sfc_debug:sfc_api.obj
 0001:0003b030       sfc_api_get_instance_handle 000000018003c030 f   sfc_debug:sfc_api.obj
 0001:0003b0e0       sfc_api_set_animation      000000018003c0e0 f   sfc_debug:sfc_api.obj
 0001:0003b130       sfc_api_select_chart       000000018003c130 f   sfc_debug:sfc_api.obj
 0001:0003b190       sfc_api_select_charts      000000018003c190 f   sfc_debug:sfc_api.obj
 0001:0003b1c0       sfc_api_cycle_detection_check 000000018003c1c0 f   sfc_debug:sfc_api.obj
 0001:0003b210       sfc_api_data_range_check   000000018003c210 f   sfc_debug:sfc_api.obj
 0001:0003b260       sfc_api_transition_conflict_check 000000018003c260 f   sfc_debug:sfc_api.obj
 0001:0003b2b0       sfc_api_state_consistency_check 000000018003c2b0 f   sfc_debug:sfc_api.obj
 0001:0003b300       sfc_api_set_instance_cv_ids 000000018003c300 f   sfc_debug:sfc_api.obj
 0001:0003b410       sfc_api_set_script_cv_ids  000000018003c410 f   sfc_debug:sfc_api.obj
 0001:0003b4c0       sfc_api_get_current_machine_id 000000018003c4c0 f   sfc_debug:sfc_api.obj
 0001:0003b4f0       sfc_api_get_current_machine_number 000000018003c4f0 f   sfc_debug:sfc_api.obj
 0001:0003b520       sfc_api_get_current_chart_number 000000018003c520 f   sfc_debug:sfc_api.obj
 0001:0003b550       sfc_api_get_current_instance_number 000000018003c550 f   sfc_debug:sfc_api.obj
 0001:0003b580       sfc_api_get_current_instance_handle 000000018003c580 f   sfc_debug:sfc_api.obj
 0001:0003b5a0       sfc_api_get_current_is_minor_time_step 000000018003c5a0 f   sfc_debug:sfc_api.obj
 0001:0003b5d0       sfc_api_get_current_machine_name 000000018003c5d0 f   sfc_debug:sfc_api.obj
 0001:0003b5f0       sfc_api_get_current_chart_id 000000018003c5f0 f   sfc_debug:sfc_api.obj
 0001:0003b620       sfc_api_get_current_object_type 000000018003c620 f   sfc_debug:sfc_api.obj
 0001:0003b650       sfc_api_get_current_event_type 000000018003c650 f   sfc_debug:sfc_api.obj
 0001:0003b680       sfc_api_get_current_object_id 000000018003c680 f   sfc_debug:sfc_api.obj
 0001:0003b6b0       sfc_get_current_active_event_type 000000018003c6b0 f   sfc_debug:sfc_api.obj
 0001:0003b6e0       sfc_api_get_current_active_event_id 000000018003c6e0 f   sfc_debug:sfc_api.obj
 0001:0003b710       sfc_api_get_current_simulation_time 000000018003c710 f   sfc_debug:sfc_api.obj
 0001:0003b730       sfc_get_current_tag_type   000000018003c730 f   sfc_debug:sfc_api.obj
 0001:0003b760       sfc_get_current_coverage_percentage 000000018003c760 f   sfc_debug:sfc_api.obj
 0001:0003b780       sfc_get_current_statement_context 000000018003c780 f   sfc_debug:sfc_api.obj
 0001:0003b7a0       sfc_get_current_optional_integer 000000018003c7a0 f   sfc_debug:sfc_api.obj
 0001:0003b7d0       sfc_get_current_statement_info 000000018003c7d0 f   sfc_debug:sfc_api.obj
 0001:0003b870       sfc_api_get                000000018003c870 f   sfc_debug:sfc_api.obj
 0001:0003b9d0       sf_debug_sm_is_using_unified_editors 000000018003c9d0 f   sfc_debug:sfdb_animation.obj
 0001:0003ba70       sf_debug_sm_is_chart_visible_in_unified_editors 000000018003ca70 f   sfc_debug:sfdb_animation.obj
 0001:0003bb30       sf_debug_sm_check_if_chart_is_visible 000000018003cb30 f   sfc_debug:sfdb_animation.obj
 0001:0003c630       sf_debug_sm_fill_state_activity_data 000000018003d630 f   sfc_debug:sfdb_animation.obj
 0001:0003ee60       void_ptr_stack_vector_free_total 000000018003fe60 f   sfc_debug:sfdb_data_browse.obj
 0001:0003eef0       sf_debug_st_terminate_machine 000000018003fef0 f   sfc_debug:sfdb_data_browse.obj
 0001:0003ef30       sf_debug_st_terminate_instance 000000018003ff30 f   sfc_debug:sfdb_data_browse.obj
 0001:0003f2e0       push_on_to_void_ptr_stack  00000001800402e0 f   sfc_debug:sfdb_data_browse.obj
 0001:0003f470       pop_from_void_ptr_stack    0000000180040470 f   sfc_debug:sfdb_data_browse.obj
 0001:0003f5a0       sf_debug_st_get_data_value 00000001800405a0 f   sfc_debug:sfdb_data_browse.obj
 0001:0003fb30       mx_value                   0000000180040b30 f   sfc_debug:sfdb_data_browse.obj
 0001:0003fb70       sf_debug_st_fill_data_struct 0000000180040b70 f   sfc_debug:sfdb_data_browse.obj
 0001:0003feb0       data_type_format_strings   0000000180040eb0 f   sfc_debug:sfdb_data_browse.obj
 0001:0003ff60       sf_debug_st_fill_data      0000000180040f60 f   sfc_debug:sfdb_data_browse.obj
 0001:00040cb0       sf_debug_hm_get_simulink_handle 0000000180041cb0 f   sfc_debug:sfdb_handle_management.obj
 0001:00041800       sf_debug_hm_initialize_globals 0000000180042800 f   sfc_debug:sfdb_handle_management.obj
 0001:00041900       sf_debug_hm_get_machine_debug_flag 0000000180042900 f   sfc_debug:sfdb_handle_management.obj
 0001:00041a70       sf_debug_hm_get_machine_id 0000000180042a70 f   sfc_debug:sfdb_handle_management.obj
 0001:00041b90       sf_debug_hm_get_chart_id   0000000180042b90 f   sfc_debug:sfdb_handle_management.obj
 0001:00041d30       sf_debug_hm_register_executing_SFunction 0000000180042d30 f   sfc_debug:sfdb_handle_management.obj
 0001:00041ed0       sf_debug_hm_get_chart_active_instance 0000000180042ed0 f   sfc_debug:sfdb_handle_management.obj
 0001:00042040       sf_debug_hm_get_chart_visibility 0000000180043040 f   sfc_debug:sfdb_handle_management.obj
 0001:00042190       sf_debug_hm_form_object_boolean_properties 0000000180043190 f   sfc_debug:sfdb_handle_management.obj
 0001:00042460       sf_debug_hm_form_object_properties 0000000180043460 f   sfc_debug:sfdb_handle_management.obj
 0001:000426a0       sf_debug_hm_terminate_charts 00000001800436a0 f   sfc_debug:sfdb_handle_management.obj
 0001:00042e10       sf_debug_hm_terminate_machines 0000000180043e10 f   sfc_debug:sfdb_handle_management.obj
 0001:00044a60       sf_debug_ss_copy_dimension 0000000180045a60 f   sfc_debug:sfdb_symbol_scope.obj
 0001:00044b20       sf_debug_ss_get_number_elements 0000000180045b20 f   sfc_debug:sfdb_symbol_scope.obj
 0001:00044b40       sf_debug_ss_fill_data_struct 0000000180045b40 f   sfc_debug:sfdb_symbol_scope.obj
 0001:00044e90       sf_debug_ss_reset_data_info 0000000180045e90 f   sfc_debug:sfdb_symbol_scope.obj
 0001:00044ef0       sf_debug_fill_data_info_by_symbol_scope_entry 0000000180045ef0 f   sfc_debug:sfdb_symbol_scope.obj
 0001:00044fb0       sf_debug_fill_data_info_by_data_vector 0000000180045fb0 f   sfc_debug:sfdb_symbol_scope.obj
 0001:00045200       sf_debug_ss_get_data_info  0000000180046200 f   sfc_debug:sfdb_symbol_scope.obj
 0001:000454f0       sf_debug_select_mex_function 00000001800464f0 f   sfc_debug:sfdb_symbol_scope.obj
 0001:00045520       sf_debug_is_dyn_matrix_initialized 0000000180046520 f   sfc_debug:sfdb_symbol_scope.obj
 0001:00045540       sf_debug_ss_set_data_value_try 0000000180046540 f   sfc_debug:sfdb_symbol_scope.obj
 0001:00045710       sf_debug_ss_get_data_value 0000000180046710 f   sfc_debug:sfdb_symbol_scope.obj
 0001:00045c60       sf_debug_ss_data_bytes_string 0000000180046c60 f   sfc_debug:sfdb_symbol_scope.obj
 0001:00045d10       sf_debug_ss_data_class_string 0000000180046d10 f   sfc_debug:sfdb_symbol_scope.obj
 0001:000460a0       sf_debug_ss_data_size_string 00000001800470a0 f   sfc_debug:sfdb_symbol_scope.obj
 0001:00046180       sf_debug_ss_data_create_data_info_struct 0000000180047180 f   sfc_debug:sfdb_symbol_scope.obj
 0001:00046450       sf_debug_ss_data_create_name_value_pair 0000000180047450 f   sfc_debug:sfdb_symbol_scope.obj
 0001:000464f0       sf_debug_ss_data_get_whos_info 00000001800474f0 f   sfc_debug:sfdb_symbol_scope.obj
 0001:00046500       same_named_data_in_data_array 0000000180047500 f   sfc_debug:sfdb_symbol_scope.obj
 0001:00047d70       sf_debug_cc_terminate_chart 0000000180048d70 f   sfc_debug:sfdb_coverage.obj
 0001:00048110       sf_debug_cc_terminate_instance 0000000180049110 f   sfc_debug:sfdb_coverage.obj
 0001:00048d00       sf_debug_cc_mark_object_if_needed 0000000180049d00 f   sfc_debug:sfdb_coverage.obj
 0001:00049600       sf_debug_bm_initialize_eml 000000018004a600 f   sfc_debug:sfdb_breakpoints.obj
 0001:0004a770       sf_debug_bm_map_debug_tag_to_breakpoint_tag 000000018004b770 f   sfc_debug:sfdb_breakpoints.obj
 0001:0004a850       sf_debug_bm_is_a_eml_breakpoint_impl 000000018004b850 f   sfc_debug:sfdb_breakpoints.obj
 0001:0004c2d0       sf_debug_sc_push_on_error_stack 000000018004d2d0 f   sfc_debug:sfdb_state_consistency.obj
 0001:0004c400       sf_debug_sc_reset_error_stack 000000018004d400 f   sfc_debug:sfdb_state_consistency.obj
 0001:0004c590       sf_debug_sc_is_state_inconsistent 000000018004d590 f   sfc_debug:sfdb_state_consistency.obj
 0001:0004c890       sf_debug_sc_fill_consistency_info 000000018004d890 f   sfc_debug:sfdb_state_consistency.obj
 0001:0004ce70       void_assertion_fcn         000000018004de70 f   sfc_debug:sfdb_call_stack.obj
 0001:0004d3f0       sf_debug_tm_fill_local_trace 000000018004e3f0 f   sfc_debug:sfdb_call_stack.obj
 0001:0004d9c0       sf_debug_cd_terminate_instance 000000018004e9c0 f   sfc_debug:sfdb_cycle_detection.obj
 0001:0004da20       sf_debug_cd_free_checksum_stack 000000018004ea20 f   sfc_debug:sfdb_cycle_detection.obj
 0001:0004da70       sf_debug_cd_reset_pack_strings 000000018004ea70 f   sfc_debug:sfdb_cycle_detection.obj
 0001:0004e130       md5file_clear              000000018004f130 f   sfc_debug:ckmd5.obj
 0001:0004e160       Encode                     000000018004f160 f   sfc_debug:ckmd5.obj
 0001:0004e1b0       Decode                     000000018004f1b0 f   sfc_debug:ckmd5.obj
 0001:0004e250       MD5Transform               000000018004f250 f   sfc_debug:ckmd5.obj
 0001:0004eaa0       md5file_addn               000000018004faa0 f   sfc_debug:ckmd5.obj
 0001:0004eb70       md5file_hash               000000018004fb70 f   sfc_debug:ckmd5.obj
 0001:0004f058       pre_c_init                 0000000180050058 f   MSVCRT:crtdll.obj
 0001:0004f314       __DllMainCRTStartup        0000000180050314 f   MSVCRT:crtdll.obj
 0001:0004fa20       __DllMainCRTStartup$filt$0 0000000180050a20 f   MSVCRT:crtdll.obj
 0001:0004fa50       __DllMainCRTStartup$fin$1  0000000180050a50 f   MSVCRT:crtdll.obj
 0001:0004fa6a       _onexit$fin$0              0000000180050a6a f   MSVCRT:atonexit.obj
 0001:0004fa90       _IsNonwritableInCurrentImage$filt$0 0000000180050a90 f   MSVCRT:pesect.obj
