 testing_SVM_sfun

 Timestamp is 5465487f (Thu Nov 13 16:10:39 2014)

 Preferred load address is 0000000180000000

 Start         Length     Name                   Class
 0001:00000000 00046ea4H .text                   CODE
 0001:00046eb0 00000092H .text$x                 CODE
 0002:00000000 000004b0H .idata$5                DATA
 0002:000004b0 00000008H .CRT$XCA                DATA
 0002:000004b8 00000008H .CRT$XCZ                DATA
 0002:000004c0 00000008H .CRT$XIA                DATA
 0002:000004c8 00000008H .CRT$XIAA               DATA
 0002:000004d0 00000008H .CRT$XIZ                DATA
 0002:000004e0 00004bbcH .rdata                  DATA
 0002:000050a0 00000008H .rtc$IAA                DATA
 0002:000050a8 00000008H .rtc$IZZ                DATA
 0002:000050b0 00000008H .rtc$TAA                DATA
 0002:000050b8 00000008H .rtc$TZZ                DATA
 0002:000050c0 00004134H .xdata                  DATA
 0002:000091f4 000000a0H .idata$2                DATA
 0002:00009294 00000014H .idata$3                DATA
 0002:000092a8 000004b0H .idata$4                DATA
 0002:00009758 00000af4H .idata$6                DATA
 0002:0000a250 00000056H .edata                  DATA
 0003:00000000 00004f08H .data                   DATA
 0003:00004f20 000026d8H .bss                    DATA
 0004:00000000 00003354H .pdata                  DATA

  Address         Publics by Value              Rva+Base               Lib:Object

 0000:00000000       ___safe_se_handler_count   0000000000000000     <absolute>
 0000:00000000       ___safe_se_handler_table   0000000000000000     <absolute>
 0000:00000000       __ImageBase                0000000180000000     <linker-defined>
 0001:00000000       sf_c3_testing_SVM_get_eml_resolved_functions_info 0000000180001000 f   c3_testing_SVM.obj
 0001:00000bc0       sf_c3_testing_SVM_get_check_sum 0000000180001bc0 f   c3_testing_SVM.obj
 0001:00000c40       sf_c3_testing_SVM_get_autoinheritance_info 0000000180001c40 f   c3_testing_SVM.obj
 0001:00001810       sf_internal_get_sim_state_c3_testing_SVM 0000000180002810 f   c3_testing_SVM.obj
 0001:00001cf0       sf_internal_set_sim_state_c3_testing_SVM 0000000180002cf0 f   c3_testing_SVM.obj
 0001:00002180       c3_testing_SVM_method_dispatcher 0000000180003180 f   c3_testing_SVM.obj
 0001:000060d0       sf_c4_testing_SVM_get_eml_resolved_functions_info 00000001800070d0 f   c4_testing_SVM.obj
 0001:000076f0       sf_c4_testing_SVM_get_check_sum 00000001800086f0 f   c4_testing_SVM.obj
 0001:00007770       sf_c4_testing_SVM_get_autoinheritance_info 0000000180008770 f   c4_testing_SVM.obj
 0001:00008200       sf_internal_get_sim_state_c4_testing_SVM 0000000180009200 f   c4_testing_SVM.obj
 0001:00008790       sf_internal_set_sim_state_c4_testing_SVM 0000000180009790 f   c4_testing_SVM.obj
 0001:00008c70       c4_testing_SVM_method_dispatcher 0000000180009c70 f   c4_testing_SVM.obj
 0001:0000e360       sf_c7_testing_SVM_get_eml_resolved_functions_info 000000018000f360 f   c7_testing_SVM.obj
 0001:0000e830       sf_c7_testing_SVM_get_check_sum 000000018000f830 f   c7_testing_SVM.obj
 0001:0000e8b0       sf_c7_testing_SVM_get_autoinheritance_info 000000018000f8b0 f   c7_testing_SVM.obj
 0001:0000f720       sf_internal_get_sim_state_c7_testing_SVM 0000000180010720 f   c7_testing_SVM.obj
 0001:0000fe40       sf_internal_set_sim_state_c7_testing_SVM 0000000180010e40 f   c7_testing_SVM.obj
 0001:000103c0       c7_testing_SVM_method_dispatcher 00000001800113c0 f   c7_testing_SVM.obj
 0001:00014bc0       sf_process_check_sum_call  0000000180015bc0 f   testing_SVM_sfun_registry.obj
 0001:00014c10       sf_process_autoinheritance_call 0000000180015c10 f   testing_SVM_sfun_registry.obj
 0001:00014db0       sf_process_get_eml_resolved_functions_info_call 0000000180015db0 f   testing_SVM_sfun_registry.obj
 0001:00014f30       sf_mex_unlock_call         0000000180015f30 f   testing_SVM_sfun_registry.obj
 0001:00014fe0       sf_machine_global_initializer_called 0000000180015fe0 f   testing_SVM_sfun_registry.obj
 0001:00015010       sf_machine_global_method_dispatcher 0000000180016010 f   testing_SVM_sfun_registry.obj
 0001:00015070       sf_machine_global_terminator 0000000180016070 f   testing_SVM_sfun_registry.obj
 0001:000150b0       sf_register_machine_exported_symbols 00000001800160b0 f   testing_SVM_sfun_registry.obj
 0001:000150d0       callCustomFcn              00000001800160d0 f   testing_SVM_sfun_registry.obj
 0001:000150e0       sf_machine_global_initializer 00000001800160e0 f   testing_SVM_sfun_registry.obj
 0001:00015150       _ssSetStateAbsTol          0000000180016150 f   testing_SVM_sfun_registry.obj
 0001:00015230       _ssGetAbsTol               0000000180016230 f   testing_SVM_sfun_registry.obj
 0001:000152a0       _ssSetInputPortMatrixDimensions 00000001800162a0 f   testing_SVM_sfun_registry.obj
 0001:000153b0       _ssSetOutputPortMatrixDimensions 00000001800163b0 f   testing_SVM_sfun_registry.obj
 0001:000154c0       _ssSetInputPortVectorDimension 00000001800164c0 f   testing_SVM_sfun_registry.obj
 0001:00015590       _ssSetOutputPortVectorDimension 0000000180016590 f   testing_SVM_sfun_registry.obj
 0001:00015660       ssIsRunTimeParamTunable    0000000180016660 f   testing_SVM_sfun_registry.obj
 0001:000156d0       ssGetSFuncBlockHandle      00000001800166d0 f   testing_SVM_sfun_registry.obj
 0001:00015740       _ssGetCurrentInputPortWidth 0000000180016740 f   testing_SVM_sfun_registry.obj
 0001:00015860       _ssGetCurrentOutputPortWidth 0000000180016860 f   testing_SVM_sfun_registry.obj
 0001:00015980       _ssGetCallSystemNumFcnCallDestinations 0000000180016980 f   testing_SVM_sfun_registry.obj
 0001:000159f0       ssWarning                  00000001800169f0 f   testing_SVM_sfun_registry.obj
 0001:00015b00       ssGetIsZeroCrossControlDisabled 0000000180016b00 f   testing_SVM_sfun_registry.obj
 0001:00015b70       ssSetIsInputPortUsedForContZcSignal 0000000180016b70 f   testing_SVM_sfun_registry.obj
 0001:00015be0       ssSetZcSignalIsZcElementDisc 0000000180016be0 f   testing_SVM_sfun_registry.obj
 0001:00015c90       ssSetZcSignalName          0000000180016c90 f   testing_SVM_sfun_registry.obj
 0001:00015d00       ssSetZcSignalWidth         0000000180016d00 f   testing_SVM_sfun_registry.obj
 0001:00015d70       ssSetZcSignalZcEventType   0000000180016d70 f   testing_SVM_sfun_registry.obj
 0001:00015de0       ssSetZcSignalType          0000000180016de0 f   testing_SVM_sfun_registry.obj
 0001:00015e50       ssSetZcSignalZcTol         0000000180016e50 f   testing_SVM_sfun_registry.obj
 0001:00015ec0       ssSetZcSignalNeedsEventNotification 0000000180016ec0 f   testing_SVM_sfun_registry.obj
 0001:00015f30       ssCreateAndAddZcSignalInfo 0000000180016f30 f   testing_SVM_sfun_registry.obj
 0001:00015fa0       ssCloneAndAddZcSignalInfo  0000000180016fa0 f   testing_SVM_sfun_registry.obj
 0001:00016010       ssGetNumZcSignals          0000000180017010 f   testing_SVM_sfun_registry.obj
 0001:00016080       ssGetZcSignalVector        0000000180017080 f   testing_SVM_sfun_registry.obj
 0001:000160f0       ssGetZcSignalZcEvents      00000001800170f0 f   testing_SVM_sfun_registry.obj
 0001:00016160       ssGetZcSignalName          0000000180017160 f   testing_SVM_sfun_registry.obj
 0001:000161d0       ssGetZcSignalWidth         00000001800171d0 f   testing_SVM_sfun_registry.obj
 0001:00016240       ssGetZcSignalZcEventType   0000000180017240 f   testing_SVM_sfun_registry.obj
 0001:000162b0       ssGetZcSignalType          00000001800172b0 f   testing_SVM_sfun_registry.obj
 0001:00016320       ssGetZcSignalZcTol         0000000180017320 f   testing_SVM_sfun_registry.obj
 0001:000163a0       ssGetZcSignalNeedsEventNotification 00000001800173a0 f   testing_SVM_sfun_registry.obj
 0001:00016410       ssGetZcSignalIsZcElementDisc 0000000180017410 f   testing_SVM_sfun_registry.obj
 0001:000164b0       ssGetIsInputPortElementContinuous 00000001800174b0 f   testing_SVM_sfun_registry.obj
 0001:00016550       _ssGetInputPortSignalPtrsFcn 0000000180017550 f   testing_SVM_sfun_registry.obj
 0001:00016810       _ssGetInputPortSignalFcn   0000000180017810 f   testing_SVM_sfun_registry.obj
 0001:00016a30       _ssSetInputPortDirectFeedThroughFcn 0000000180017a30 f   testing_SVM_sfun_registry.obj
 0001:00016b90       _ssSetInputPortReusableFcn 0000000180017b90 f   testing_SVM_sfun_registry.obj
 0001:00016c80       _ssSetOutputPortReusableFcn 0000000180017c80 f   testing_SVM_sfun_registry.obj
 0001:00016d60       ssGetDTypeIdFromMxArray    0000000180017d60 f   testing_SVM_sfun_registry.obj
 0001:00016e80       ssWriteRTWStr              0000000180017e80 f   testing_SVM_sfun_registry.obj
 0001:00016ee0       ssWriteRTWMxVectParam      0000000180017ee0 f   testing_SVM_sfun_registry.obj
 0001:00016f40       ssWriteRTWMx2dMatParam     0000000180017f40 f   testing_SVM_sfun_registry.obj
 0001:00016fc0       ssWriteRTWNameValuePair    0000000180017fc0 f   testing_SVM_sfun_registry.obj
 0001:000174b0       ssWriteRTWParameters       00000001800184b0 f   testing_SVM_sfun_registry.obj
 0001:00017ab0       ssWriteRTWParamSettings    0000000180018ab0 f   testing_SVM_sfun_registry.obj
 0001:00018180       ssWriteRTWWorkVect         0000000180019180 f   testing_SVM_sfun_registry.obj
 0001:00018680       mexFunction                0000000180019680 f   testing_SVM_sfun_registry.obj
 0001:0001a2c0       ProcessMexSfunctionEveryCall 000000018001b2c0 f   testing_SVM_sfun_registry.obj
 0001:0001a430       testing_SVM_initializer    000000018001b430 f   testing_SVM_sfun.obj
 0001:0001a440       testing_SVM_terminator     000000018001b440 f   testing_SVM_sfun.obj
 0001:0001a450       sf_testing_SVM_method_dispatcher 000000018001b450 f   testing_SVM_sfun.obj
 0001:0001a4e0       sf_testing_SVM_process_check_sum_call 000000018001b4e0 f   testing_SVM_sfun.obj
 0001:0001a920       sf_testing_SVM_autoinheritance_info 000000018001b920 f   testing_SVM_sfun.obj
 0001:0001ab30       sf_testing_SVM_get_eml_resolved_functions_info 000000018001bb30 f   testing_SVM_sfun.obj
 0001:0001ace0       testing_SVM_debug_initialize 000000018001bce0 f   testing_SVM_sfun.obj
 0001:0001ad50       testing_SVM_register_exported_symbols 000000018001bd50 f   testing_SVM_sfun.obj
 0001:0001ad60       load_testing_SVM_optimization_info 000000018001bd60 f   testing_SVM_sfun.obj
 0001:0001adb0       unload_testing_SVM_optimization_info 000000018001bdb0 f   testing_SVM_sfun.obj
 0001:0001ae80       sf_mex_mx_is_numeric       000000018001be80 f   sfc_mex:sfc_mex.obj
 0001:0001aec0       strcmp_ignore_ws           000000018001bec0 f   sfc_mex:sfc_mex.obj
 0001:0001b000       sf_mex_duplicatearraysafe  000000018001c000 f   sfc_mex:sfc_mex.obj
 0001:0001b160       sf_set_error_debugger_context_message_fcn 000000018001c160 f   sfc_mex:sfc_mex.obj
 0001:0001b170       sf_set_debugger_matlab_error_fcn 000000018001c170 f   sfc_mex:sfc_mex.obj
 0001:0001b1a0       sf_set_error_prefix_string 000000018001c1a0 f   sfc_mex:sfc_mex.obj
 0001:0001b1d0       sf_get_error_prefix_string 000000018001c1d0 f   sfc_mex:sfc_mex.obj
 0001:0001b1e0       sf_mex_enter_parallel_region 000000018001c1e0 f   sfc_mex:sfc_mex.obj
 0001:0001b1f0       sf_mex_exit_parallel_region 000000018001c1f0 f   sfc_mex:sfc_mex.obj
 0001:0001b200       sf_get_current_jmp_buf_ptr 000000018001c200 f   sfc_mex:sfc_mex.obj
 0001:0001b210       sf_set_current_jmp_buf_ptr 000000018001c210 f   sfc_mex:sfc_mex.obj
 0001:0001b220       sf_mex_set_halt_simulation 000000018001c220 f   sfc_mex:sfc_mex.obj
 0001:0001b230       sf_mex_get_halt_simulation 000000018001c230 f   sfc_mex:sfc_mex.obj
 0001:0001b240       sf_mex_clear_error_message 000000018001c240 f   sfc_mex:sfc_mex.obj
 0001:0001b260       sf_mex_get_error_message_for_read 000000018001c260 f   sfc_mex:sfc_mex.obj
 0001:0001b270       sf_mex_get_error_message_buffer_length 000000018001c270 f   sfc_mex:sfc_mex.obj
 0001:0001b350       sf_mex_warning_message     000000018001c350 f   sfc_mex:sfc_mex.obj
 0001:0001b3c0       sf_mex_v_errbuf_createf    000000018001c3c0 f   sfc_mex:sfc_mex.obj
 0001:0001b3d0       sf_mex_errbuf_createf      000000018001c3d0 f   sfc_mex:sfc_mex.obj
 0001:0001b400       sf_mex_v_errbuf_catf       000000018001c400 f   sfc_mex:sfc_mex.obj
 0001:0001b440       sf_mex_errbuf_catf         000000018001c440 f   sfc_mex:sfc_mex.obj
 0001:0001b490       sf_mex_errbuf_copy         000000018001c490 f   sfc_mex:sfc_mex.obj
 0001:0001b4a0       sf_mex_errbuf_clear        000000018001c4a0 f   sfc_mex:sfc_mex.obj
 0001:0001b4b0       sf_mex_errbuf_isempty      000000018001c4b0 f   sfc_mex:sfc_mex.obj
 0001:0001b5c0       sf_mex_set_error_status    000000018001c5c0 f   sfc_mex:sfc_mex.obj
 0001:0001b610       sf_mex_error_direct_call   000000018001c610 f   sfc_mex:sfc_mex.obj
 0001:0001b630       sf_mex_error_message_no_long_jump 000000018001c630 f   sfc_mex:sfc_mex.obj
 0001:0001b650       sf_mex_long_jump_on_error  000000018001c650 f   sfc_mex:sfc_mex.obj
 0001:0001b680       sf_mex_call_matlab         000000018001c680 f   sfc_mex:sfc_mex.obj
 0001:0001b7a0       sf_mex_check_builtin       000000018001c7a0 f   sfc_mex:sfc_mex.obj
 0001:0001b7e0       sf_mex_check_builtin_vs    000000018001c7e0 f   sfc_mex:sfc_mex.obj
 0001:0001b840       sf_mex_check_enum          000000018001c840 f   sfc_mex:sfc_mex.obj
 0001:0001b870       sf_mex_create_enum         000000018001c870 f   sfc_mex:sfc_mex.obj
 0001:0001b890       sf_mex_get_enum_element    000000018001c890 f   sfc_mex:sfc_mex.obj
 0001:0001b8a0       sf_mex_createcellarray     000000018001c8a0 f   sfc_mex:sfc_mex.obj
 0001:0001b8b0       sf_mex_setcell             000000018001c8b0 f   sfc_mex:sfc_mex.obj
 0001:0001b8c0       sf_mex_getcell             000000018001c8c0 f   sfc_mex:sfc_mex.obj
 0001:0001b8d0       sf_mex_dup                 000000018001c8d0 f   sfc_mex:sfc_mex.obj
 0001:0001b8f0       sf_mex_assign              000000018001c8f0 f   sfc_mex:sfc_mex.obj
 0001:0001b970       sf_mex_destroy             000000018001c970 f   sfc_mex:sfc_mex.obj
 0001:0001b9a0       mx_array_has_fi_type       000000018001c9a0 f   sfc_mex:sfc_mex.obj
 0001:0001b9d0       sf_mex_convert_from_fi     000000018001c9d0 f   sfc_mex:sfc_mex.obj
 0001:0001ba80       sf_mex_convert_to_double   000000018001ca80 f   sfc_mex:sfc_mex.obj
 0001:0001bba0       sf_mex_import_fi_vs        000000018001cba0 f   sfc_mex:sfc_mex.obj
 0001:0001bd60       sf_matrix_matrix_index_ok  000000018001cd60 f   sfc_mex:sfc_mex.obj
 0001:0001bdf0       sf_vector_vector_index_ok  000000018001cdf0 f   sfc_mex:sfc_mex.obj
 0001:0001be20       ssGetCurrentInputPortDimensions_wrapper 000000018001ce20 f   sfc_mex:sfc_mex.obj
 0001:0001be40       ssGetCurrentOutputPortDimensions_wrapper 000000018001ce40 f   sfc_mex:sfc_mex.obj
 0001:0001be60       sf_mex_emlrt_context_is_debug_mode 000000018001ce60 f   sfc_mex:sfc_mex.obj
 0001:0001be70       sf_mex_emlrt_context_set_debug_mode 000000018001ce70 f   sfc_mex:sfc_mex.obj
 0001:0001be80       sf_mex_emlrtNameCapturePostProcessR2012a 000000018001ce80 f   sfc_mex:sfc_mex.obj
 0001:0001bef0       sf_clear_error_manager_info 000000018001cef0 f   sfc_mex:sfc_mex.obj
 0001:0001bf50       sf_mex_stop_simulation_abruptly_wo_error 000000018001cf50 f   sfc_mex:sfc_mex.obj
 0001:0001bf90       sf_mex_error_message       000000018001cf90 f   sfc_mex:sfc_mex.obj
 0001:0001bff0       sf_react_to_error_in_matlab_call 000000018001cff0 f   sfc_mex:sfc_mex.obj
 0001:0001c020       sf_mex_addfield            000000018001d020 f   sfc_mex:sfc_mex.obj
 0001:0001c0c0       sf_mex_getfield            000000018001d0c0 f   sfc_mex:sfc_mex.obj
 0001:0001c3c0       sf_mex_check_class         000000018001d3c0 f   sfc_mex:sfc_mex.obj
 0001:0001c460       sf_mex_is_real             000000018001d460 f   sfc_mex:sfc_mex.obj
 0001:0001c8d0       sf_mex_decode_encoded_mx_struct_array 000000018001d8d0 f   sfc_mex:sfc_mex.obj
 0001:0001cbb0       sf_mex_lw_bounds_check     000000018001dbb0 f   sfc_mex:sfc_mex.obj
 0001:0001cbe0       sf_mex_lw_size_eq_check_1d 000000018001dbe0 f   sfc_mex:sfc_mex.obj
 0001:0001cc00       sf_mex_lw_size_eq_check_nd 000000018001dc00 f   sfc_mex:sfc_mex.obj
 0001:0001cde0       sf_mex_lw_dim_size_eq_check 000000018001dde0 f   sfc_mex:sfc_mex.obj
 0001:0001ce10       sf_mex_lw_dim_size_geq_check 000000018001de10 f   sfc_mex:sfc_mex.obj
 0001:0001ce40       sf_mex_lw_sub_assign_size_check_nd 000000018001de40 f   sfc_mex:sfc_mex.obj
 0001:0001d070       sf_mex_lw_runtime_error_msgid 000000018001e070 f   sfc_mex:sfc_mex.obj
 0001:0001d160       sf_mex_lw_matrix_matrix_index_check 000000018001e160 f   sfc_mex:sfc_mex.obj
 0001:0001d180       sf_mex_lw_vector_vector_index_check 000000018001e180 f   sfc_mex:sfc_mex.obj
 0001:0001d1c0       sf_mex_lw_for_loop_vector_check 000000018001e1c0 f   sfc_mex:sfc_mex.obj
 0001:0001d240       sf_mex_lw_non_negative_check 000000018001e240 f   sfc_mex:sfc_mex.obj
 0001:0001d280       sf_mex_overflow_error      000000018001e280 f   sfc_mex:sfc_mex.obj
 0001:0001d290       sf_mex_dividebyzero_error  000000018001e290 f   sfc_mex:sfc_mex.obj
 0001:0001d2a0       sf_mex_unsafe_enum_error   000000018001e2a0 f   sfc_mex:sfc_mex.obj
 0001:0001d2b0       sf_emlrtErrHandler         000000018001e2b0 f   sfc_mex:sfc_mex.obj
 0001:0001d390       sf_mex_size_one_check      000000018001e390 f   sfc_mex:sfc_mex.obj
 0001:0001d3b0       sf_mex_printf              000000018001e3b0 f   sfc_mex:sfc_mex.obj
 0001:0001d580       sf_mex_check_size          000000018001e580 f   sfc_mex:sfc_mex.obj
 0001:0001d850       sf_mex_check_struct        000000018001e850 f   sfc_mex:sfc_mex.obj
 0001:0001dab0       sf_mex_check_struct_vs     000000018001eab0 f   sfc_mex:sfc_mex.obj
 0001:0001db40       sf_mex_check_fi            000000018001eb40 f   sfc_mex:sfc_mex.obj
 0001:0001dc40       sf_mex_check_fi_vs         000000018001ec40 f   sfc_mex:sfc_mex.obj
 0001:0001dce0       sf_echo_expression         000000018001ece0 f   sfc_mex:sfc_mex.obj
 0001:0001dd40       sf_assertion_failed        000000018001ed40 f   sfc_mex:sfc_mex.obj
 0001:0001e020       sf_mex_evalin              000000018001f020 f   sfc_mex:sfc_mex.obj
 0001:0001e290       sf_mex_export              000000018001f290 f   sfc_mex:sfc_mex.obj
 0001:0001e350       sf_mex_get_ml_var_no_error 000000018001f350 f   sfc_mex:sfc_mex.obj
 0001:0001e4f0       sf_mex_get_ml_var          000000018001f4f0 f   sfc_mex:sfc_mex.obj
 0001:0001e990       ml_set_element_value_in_array 000000018001f990 f   sfc_mex:sfc_mex.obj
 0001:00020060       sf_mex_call_impl           0000000180021060 f   sfc_mex:sfc_mex.obj
 0001:00020590       sf_mex_call_debug          0000000180021590 f   sfc_mex:sfc_mex.obj
 0001:000205c0       sf_mex_call                00000001800215c0 f   sfc_mex:sfc_mex.obj
 0001:00020c10       sf_mex_createstruct        0000000180021c10 f   sfc_mex:sfc_mex.obj
 0001:00020d00       sf_mex_createstructarray   0000000180021d00 f   sfc_mex:sfc_mex.obj
 0001:00020d80       sf_mex_get_mx_datatype_from_sf_datatype 0000000180021d80 f   sfc_mex:sfc_mex.obj
 0001:00021090       sf_mex_ml_var_sub          0000000180022090 f   sfc_mex:sfc_mex.obj
 0001:00021260       sf_mex_ml_var_subsasgn     0000000180022260 f   sfc_mex:sfc_mex.obj
 0001:00021650       sf_mex_sub                 0000000180022650 f   sfc_mex:sfc_mex.obj
 0001:00021850       sf_mex_subsasgn            0000000180022850 f   sfc_mex:sfc_mex.obj
 0001:00021d30       sf_mex_create              0000000180022d30 f   sfc_mex:sfc_mex.obj
 0001:00022780       sf_mex_import_named        0000000180023780 f   sfc_mex:sfc_mex.obj
 0001:000227e0       sf_mex_import              00000001800237e0 f   sfc_mex:sfc_mex.obj
 0001:00022830       sf_mex_import_vs           0000000180023830 f   sfc_mex:sfc_mex.obj
 0001:00022940       sf_mex_lower_fixpt_mx_array 0000000180023940 f   sfc_mex:sfc_mex.obj
 0001:00022c30       sf_send_message_wrapper    0000000180023c30 f   sfc_mex:sfc_sf.obj
 0001:00022c60       sf_receive_message_wrapper 0000000180023c60 f   sfc_mex:sfc_sf.obj
 0001:00022ca0       sf_check_out_message_wrapper 0000000180023ca0 f   sfc_mex:sfc_sf.obj
 0001:00022ce0       sf_check_in_message_wrapper 0000000180023ce0 f   sfc_mex:sfc_sf.obj
 0001:00022d20       sf_no_message_wrapper      0000000180023d20 f   sfc_mex:sfc_sf.obj
 0001:000230b0       sim_mode_is_rtw_gen        00000001800240b0 f   sfc_mex:sfc_sf.obj
 0001:000230e0       sim_mode_is_external       00000001800240e0 f   sfc_mex:sfc_sf.obj
 0001:000230f0       sim_mode_is_modelref_sim   00000001800240f0 f   sfc_mex:sfc_sf.obj
 0001:00023110       mdlInitializeSizes         0000000180024110 f   sfc_mex:sfc_sf.obj
 0001:00023130       mdlInitializeSampleTimes   0000000180024130 f   sfc_mex:sfc_sf.obj
 0001:00023170       mdlZeroCrossings           0000000180024170 f   sfc_mex:sfc_sf.obj
 0001:00023250       mdlDerivatives             0000000180024250 f   sfc_mex:sfc_sf.obj
 0001:00023300       mdl_initialize_conditions_processing 0000000180024300 f   sfc_mex:sfc_sf.obj
 0001:00023330       mdlInitializeConditions    0000000180024330 f   sfc_mex:sfc_sf.obj
 0001:000233f0       mdlGetSimState             00000001800243f0 f   sfc_mex:sfc_sf.obj
 0001:00023400       mdlSetSimState             0000000180024400 f   sfc_mex:sfc_sf.obj
 0001:00023410       mdl_ext_mode_exec_processing 0000000180024410 f   sfc_mex:sfc_sf.obj
 0001:00023430       mdlExtModeExec             0000000180024430 f   sfc_mex:sfc_sf.obj
 0001:000235c0       mdlTerminate               00000001800245c0 f   sfc_mex:sfc_sf.obj
 0001:00023630       mdlRTW                     0000000180024630 f   sfc_mex:sfc_sf.obj
 0001:00023660       mdlSetWorkWidths           0000000180024660 f   sfc_mex:sfc_sf.obj
 0001:00023670       mdlProcessParameters       0000000180024670 f   sfc_mex:sfc_sf.obj
 0001:00023680       mdl_start_processing       0000000180024680 f   sfc_mex:sfc_sf.obj
 0001:000236c0       mdlStart                   00000001800246c0 f   sfc_mex:sfc_sf.obj
 0001:000237b0       mdlEnable                  00000001800247b0 f   sfc_mex:sfc_sf.obj
 0001:00023880       mdlDisable                 0000000180024880 f   sfc_mex:sfc_sf.obj
 0001:00023930       sf_get_chart_instance_ptr  0000000180024930 f   sfc_mex:sfc_sf.obj
 0001:00023950       sf_load_rtw_optimization_info 0000000180024950 f   sfc_mex:sfc_sf.obj
 0001:00023a20       sf_rtw_info_uint_prop      0000000180024a20 f   sfc_mex:sfc_sf.obj
 0001:00023b60       sf_is_chart_inlinable      0000000180024b60 f   sfc_mex:sfc_sf.obj
 0001:00023b80       sf_mark_output_events_with_multiple_callers 0000000180024b80 f   sfc_mex:sfc_sf.obj
 0001:00023d10       sf_mark_chart_reusable_outputs 0000000180024d10 f   sfc_mex:sfc_sf.obj
 0001:00023f70       sf_mark_chart_expressionable_inputs 0000000180024f70 f   sfc_mex:sfc_sf.obj
 0001:000241d0       sf_get_subchart_simstruct  00000001800251d0 f   sfc_mex:sfc_sf.obj
 0001:00024220       sf_get_fixpt_data_type_id  0000000180025220 f   sfc_mex:sfc_sf.obj
 0001:00024260       sf_get_enum_data_type_id   0000000180025260 f   sfc_mex:sfc_sf.obj
 0001:000242a0       sf_get_param_data_type_id  00000001800252a0 f   sfc_mex:sfc_sf.obj
 0001:000242d0       sf_mex_listen_for_ctrl_c_force 00000001800252d0 f   sfc_mex:sfc_sf.obj
 0001:000243e0       sf_mex_draw_now            00000001800253e0 f   sfc_mex:sfc_sf.obj
 0001:00024420       sf_mex_set_debugger_sim_status_listener_fcn 0000000180025420 f   sfc_mex:sfc_sf.obj
 0001:00024430       sf_mex_listen_for_ctrl_c   0000000180025430 f   sfc_mex:sfc_sf.obj
 0001:000244c0       sf_mex_get_sfun_param      00000001800254c0 f   sfc_mex:sfc_sf.obj
 0001:00024510       sf_get_runtime_param_data  0000000180025510 f   sfc_mex:sfc_sf.obj
 0001:00024550       sf_call_output_fcn_call    0000000180025550 f   sfc_mex:sfc_sf.obj
 0001:00024690       sf_call_output_fcn_enable  0000000180025690 f   sfc_mex:sfc_sf.obj
 0001:00024720       sf_call_output_fcn_disable 0000000180025720 f   sfc_mex:sfc_sf.obj
 0001:000247b0       sf_clear_rtw_identifier    00000001800257b0 f   sfc_mex:sfc_sf.obj
 0001:00024fa0       sf_set_encoded_dwork_info  0000000180025fa0 f   sfc_mex:sfc_sf.obj
 0001:00024ff0       sf_get_dwork_info_from_mat_file 0000000180025ff0 f   sfc_mex:sfc_sf.obj
 0001:000251b0       sf_set_rtw_dwork_info      00000001800261b0 f   sfc_mex:sfc_sf.obj
 0001:00025320       mdlOutputs                 0000000180026320 f   sfc_mex:sfc_sf.obj
 0001:000254c0       sf_debug_disp              00000001800264c0 f   sfc_debug:sfcdebug.obj
 0001:00025720       sf_debug_data_runtime_size_mismatch_error_check 0000000180026720 f   sfc_debug:sfcdebug.obj
 0001:000257c0       sf_debug_try_loading_machine 00000001800267c0 f   sfc_debug:sfcdebug.obj
 0001:000258c0       sf_debug_reset_current_state_configuration 00000001800268c0 f   sfc_debug:sfcdebug.obj
 0001:00025950       sf_debug_store_current_state_configuration 0000000180026950 f   sfc_debug:sfcdebug.obj
 0001:000259e0       sf_debug_restore_previous_state_configuration 00000001800269e0 f   sfc_debug:sfcdebug.obj
 0001:00025a70       sf_debug_restore_previous_state_configuration2 0000000180026a70 f   sfc_debug:sfcdebug.obj
 0001:00025b00       sf_debug_get_event_scope   0000000180026b00 f   sfc_debug:sfcdebug.obj
 0001:00025c70       use_debugger_step_animation 0000000180026c70 f   sfc_debug:sfcdebug.obj
 0001:00025c90       sf_debug_get_script_id     0000000180026c90 f   sfc_debug:sfcdebug.obj
 0001:00025d20       sf_debug_set_script_translation 0000000180026d20 f   sfc_debug:sfcdebug.obj
 0001:00025ea0       sf_debug_extract_message_post_receive_info 0000000180026ea0 f   sfc_debug:sfcdebug.obj
 0001:00025fa0       sf_debug_get_current_machine_id 0000000180026fa0 f   sfc_debug:sfcdebug.obj
 0001:00025fc0       sf_debug_get_current_optional_integer 0000000180026fc0 f   sfc_debug:sfcdebug.obj
 0001:00025fd0       sf_debug_get_current_machine_number 0000000180026fd0 f   sfc_debug:sfcdebug.obj
 0001:00025ff0       sf_debug_get_current_machine_name 0000000180026ff0 f   sfc_debug:sfcdebug.obj
 0001:00026010       sf_debug_get_current_chart_id 0000000180027010 f   sfc_debug:sfcdebug.obj
 0001:00026060       sf_debug_get_current_chart_number 0000000180027060 f   sfc_debug:sfcdebug.obj
 0001:00026070       sf_debug_get_current_instance_number 0000000180027070 f   sfc_debug:sfcdebug.obj
 0001:00026080       sf_debug_get_current_is_minor_time_step 0000000180027080 f   sfc_debug:sfcdebug.obj
 0001:00026100       sf_debug_get_current_object_type 0000000180027100 f   sfc_debug:sfcdebug.obj
 0001:00026110       sf_debug_get_current_instance_handle 0000000180027110 f   sfc_debug:sfcdebug.obj
 0001:00026170       sf_debug_get_current_event_type 0000000180027170 f   sfc_debug:sfcdebug.obj
 0001:00026180       sf_debug_get_current_object_id 0000000180027180 f   sfc_debug:sfcdebug.obj
 0001:000261c0       sf_debug_get_current_active_event_type 00000001800271c0 f   sfc_debug:sfcdebug.obj
 0001:000261d0       sf_debug_get_current_active_event_id 00000001800271d0 f   sfc_debug:sfcdebug.obj
 0001:00026210       sf_debug_get_current_tag_type 0000000180027210 f   sfc_debug:sfcdebug.obj
 0001:00026220       sf_debug_get_current_simulation_time 0000000180027220 f   sfc_debug:sfcdebug.obj
 0001:00026230       sf_debug_get_current_coverage_percentage 0000000180027230 f   sfc_debug:sfcdebug.obj
 0001:00026240       sf_debug_current_statement_context 0000000180027240 f   sfc_debug:sfcdebug.obj
 0001:000262d0       sf_debug_get_current_statement_info 00000001800272d0 f   sfc_debug:sfcdebug.obj
 0001:00026450       sf_debug_terminate_instance 0000000180027450 f   sfc_debug:sfcdebug.obj
 0001:00026790       sf_debug_assertion_failed  0000000180027790 f   sfc_debug:sfcdebug.obj
 0001:00026940       sf_debug_set_number_of_data_with_change_event_for_machine 0000000180027940 f   sfc_debug:sfcdebug.obj
 0001:00026980       sf_debug_set_machine_event_thresholds 0000000180027980 f   sfc_debug:sfcdebug.obj
 0001:000269a0       sf_debug_set_machine_event_scope 00000001800279a0 f   sfc_debug:sfcdebug.obj
 0001:000269e0       sf_debug_set_machine_data_thresholds 00000001800279e0 f   sfc_debug:sfcdebug.obj
 0001:00026a20       sf_debug_set_machine_data_scope 0000000180027a20 f   sfc_debug:sfcdebug.obj
 0001:00026ab0       sf_debug_set_machine_data_name 0000000180027ab0 f   sfc_debug:sfcdebug.obj
 0001:00026b50       sf_debug_set_machine_data_size 0000000180027b50 f   sfc_debug:sfcdebug.obj
 0001:00026c90       sf_debug_set_machine_data_type 0000000180027c90 f   sfc_debug:sfcdebug.obj
 0001:00026e00       sf_debug_get_chart_data_number 0000000180027e00 f   sfc_debug:sfcdebug.obj
 0001:00026e20       sf_debug_get_chart_event_number 0000000180027e20 f   sfc_debug:sfcdebug.obj
 0001:00026e40       sf_debug_set_chart_state_info 0000000180027e40 f   sfc_debug:sfcdebug.obj
 0001:00026ec0       sf_debug_set_chart_decomposition 0000000180027ec0 f   sfc_debug:sfcdebug.obj
 0001:00026f30       sf_debug_set_chart_substate_count 0000000180027f30 f   sfc_debug:sfcdebug.obj
 0001:00027010       sf_debug_set_chart_substate_index 0000000180028010 f   sfc_debug:sfcdebug.obj
 0001:00027080       sf_debug_set_chart_state_substate_count 0000000180028080 f   sfc_debug:sfcdebug.obj
 0001:00027190       sf_debug_set_chart_state_substate_index 0000000180028190 f   sfc_debug:sfcdebug.obj
 0001:00027210       sf_debug_set_number_of_data_with_change_event_for_chart 0000000180028210 f   sfc_debug:sfcdebug.obj
 0001:00027290       sf_debug_set_number_of_states_with_entry_event_for_chart 0000000180028290 f   sfc_debug:sfcdebug.obj
 0001:00027300       sf_debug_set_number_of_states_with_exit_event_for_chart 0000000180028300 f   sfc_debug:sfcdebug.obj
 0001:00027370       sf_debug_set_chart_disable_implicit_casting 0000000180028370 f   sfc_debug:sfcdebug.obj
 0001:000273e0       sf_debug_set_chart_event_thresholds 00000001800283e0 f   sfc_debug:sfcdebug.obj
 0001:00027450       sf_debug_set_chart_data_compiled_props 0000000180028450 f   sfc_debug:sfcdebug.obj
 0001:000277a0       sf_debug_set_chart_data_props 00000001800287a0 f   sfc_debug:sfcdebug.obj
 0001:00027ac0       sf_debug_check_fi_license  0000000180028ac0 f   sfc_debug:sfcdebug.obj
 0001:00027cb0       sf_debug_symbol_scope_push 0000000180028cb0 f   sfc_debug:sfcdebug.obj
 0001:00027cf0       sf_debug_symbol_scope_push_eml 0000000180028cf0 f   sfc_debug:sfcdebug.obj
 0001:00027d40       sf_debug_symbol_scope_pop  0000000180028d40 f   sfc_debug:sfcdebug.obj
 0001:00027d80       sf_debug_symbol_scope_add_importable 0000000180028d80 f   sfc_debug:sfcdebug.obj
 0001:00027e00       sf_debug_symbol_scope_add  0000000180028e00 f   sfc_debug:sfcdebug.obj
 0001:00027e80       sf_debug_symbol_scope_add_dyn_importable 0000000180028e80 f   sfc_debug:sfcdebug.obj
 0001:00027f40       sf_debug_symbol_scope_add_dyn 0000000180028f40 f   sfc_debug:sfcdebug.obj
 0001:00027f70       sf_debug_symbol_scope_add_eml_importable 0000000180028f70 f   sfc_debug:sfcdebug.obj
 0001:00027fb0       sf_debug_symbol_scope_add_eml 0000000180028fb0 f   sfc_debug:sfcdebug.obj
 0001:00027ff0       sf_debug_symbol_scope_add_eml_dyn_importable 0000000180028ff0 f   sfc_debug:sfcdebug.obj
 0001:00028060       sf_debug_symbol_scope_add_eml_dyn 0000000180029060 f   sfc_debug:sfcdebug.obj
 0001:000280c0       sf_debug_symbol_switch     00000001800290c0 f   sfc_debug:sfcdebug.obj
 0001:000280e0       sf_debug_symbol_scope_add_verbose 00000001800290e0 f   sfc_debug:sfcdebug.obj
 0001:000281b0       sf_debug_set_machine_data_value_ptr 00000001800291b0 f   sfc_debug:sfcdebug.obj
 0001:000281f0       sf_debug_set_instance_data_value_ptr 00000001800291f0 f   sfc_debug:sfcdebug.obj
 0001:000282b0       sf_debug_unset_instance_data_value_ptr 00000001800292b0 f   sfc_debug:sfcdebug.obj
 0001:00028360       sf_debug_set_chart_event_scope 0000000180029360 f   sfc_debug:sfcdebug.obj
 0001:000283e0       sf_debug_set_chart_transition_coverage_maps 00000001800293e0 f   sfc_debug:sfcdebug.obj
 0001:000284f0       sf_debug_set_chart_state_coverage_maps 00000001800294f0 f   sfc_debug:sfcdebug.obj
 0001:000285d0       sf_debug_set_instance_transition_coverage_weights 00000001800295d0 f   sfc_debug:sfcdebug.obj
 0001:00028670       sf_debug_set_instance_state_coverage_weights 0000000180029670 f   sfc_debug:sfcdebug.obj
 0001:000288c0       sf_debug_unload_machine    00000001800298c0 f   sfc_debug:sfcdebug.obj
 0001:00028910       sf_debug_load_machine      0000000180029910 f   sfc_debug:sfcdebug.obj
 0001:00028a10       sf_debug_set_active_instance_in_data_dictionary 0000000180029a10 f   sfc_debug:sfcdebug.obj
 0001:00028bf0       sf_debug_set_active_instance 0000000180029bf0 f   sfc_debug:sfcdebug.obj
 0001:00028d30       sf_debug_chart_visiblity_change 0000000180029d30 f   sfc_debug:sfcdebug.obj
 0001:00028e10       sf_debug_select_chart      0000000180029e10 f   sfc_debug:sfcdebug.obj
 0001:00028ee0       sf_debug_set_instance_cv_ids 0000000180029ee0 f   sfc_debug:sfcdebug.obj
 0001:000291f0       sf_debug_select_charts     000000018002a1f0 f   sfc_debug:sfcdebug.obj
 0001:00029330       sf_debug_initialized       000000018002a330 f   sfc_debug:sfcdebug.obj
 0001:00029340       sf_debug_is_uninterruptible 000000018002a340 f   sfc_debug:sfcdebug.obj
 0001:00029370       sf_debug_initialize_debugger_gui 000000018002a370 f   sfc_debug:sfcdebug.obj
 0001:00029760       sf_debug_resume            000000018002a760 f   sfc_debug:sfcdebug.obj
 0001:00029780       sf_debug_go                000000018002a780 f   sfc_debug:sfcdebug.obj
 0001:00029790       sf_debug_break             000000018002a790 f   sfc_debug:sfcdebug.obj
 0001:000297a0       sf_debug_step_over         000000018002a7a0 f   sfc_debug:sfcdebug.obj
 0001:000297b0       sf_debug_step_out          000000018002a7b0 f   sfc_debug:sfcdebug.obj
 0001:000297c0       sf_debug_set_disable_all_breakpoints 000000018002a7c0 f   sfc_debug:sfcdebug.obj
 0001:000297d0       sf_debug_disable_all_breakpoints_and_go 000000018002a7d0 f   sfc_debug:sfcdebug.obj
 0001:000297e0       sf_debug_break_on_chart_entry 000000018002a7e0 f   sfc_debug:sfcdebug.obj
 0001:000297f0       sf_debug_break_on_event_broadcast 000000018002a7f0 f   sfc_debug:sfcdebug.obj
 0001:00029800       sf_debug_break_on_state_entry 000000018002a800 f   sfc_debug:sfcdebug.obj
 0001:00029810       sf_debug_break_between_times 000000018002a810 f   sfc_debug:sfcdebug.obj
 0001:00029830       sf_debug_browse_data       000000018002a830 f   sfc_debug:sfcdebug.obj
 0001:00029850       sf_debug_watch_data        000000018002a850 f   sfc_debug:sfcdebug.obj
 0001:00029870       sf_debug_assign_data       000000018002a870 f   sfc_debug:sfcdebug.obj
 0001:00029890       sf_debug_whos              000000018002a890 f   sfc_debug:sfcdebug.obj
 0001:000298b0       sf_debug_get_consistency_info 000000018002a8b0 f   sfc_debug:sfcdebug.obj
 0001:000298c0       sf_debug_browse_trace      000000018002a8c0 f   sfc_debug:sfcdebug.obj
 0001:000298d0       sf_debug_set_breakpoints   000000018002a8d0 f   sfc_debug:sfcdebug.obj
 0001:00029a30       sf_debug_set_eml_breakpoints 000000018002aa30 f   sfc_debug:sfcdebug.obj
 0001:00029b90       sf_debug_set_script_breakpoints 000000018002ab90 f   sfc_debug:sfcdebug.obj
 0001:00029c10       sf_debug_add_script_breakpoints 000000018002ac10 f   sfc_debug:sfcdebug.obj
 0001:00029c80       sf_debug_clear_script_breakpoints 000000018002ac80 f   sfc_debug:sfcdebug.obj
 0001:00029cf0       sf_debug_query_script_breakpoints 000000018002acf0 f   sfc_debug:sfcdebug.obj
 0001:00029db0       sf_debug_get_eml_script_id 000000018002adb0 f   sfc_debug:sfcdebug.obj
 0001:00029e00       sf_debug_set_watch         000000018002ae00 f   sfc_debug:sfcdebug.obj
 0001:0002a030       sf_debug_get_instance_handle 000000018002b030 f   sfc_debug:sfcdebug.obj
 0001:0002a0c0       sf_debug_get_active_states 000000018002b0c0 f   sfc_debug:sfcdebug.obj
 0001:0002a0d0       sf_debug_get_animation     000000018002b0d0 f   sfc_debug:sfcdebug.obj
 0001:0002a0e0       sf_debug_set_animation     000000018002b0e0 f   sfc_debug:sfcdebug.obj
 0001:0002a0f0       sf_debug_animate           000000018002b0f0 f   sfc_debug:sfcdebug.obj
 0001:0002a120       sf_debug_cycle_detection_check 000000018002b120 f   sfc_debug:sfcdebug.obj
 0001:0002a130       sf_debug_data_range_check  000000018002b130 f   sfc_debug:sfcdebug.obj
 0001:0002a140       sf_debug_transition_conflict_check 000000018002b140 f   sfc_debug:sfcdebug.obj
 0001:0002a150       sf_debug_state_consistency_check 000000018002b150 f   sfc_debug:sfcdebug.obj
 0001:0002a160       sf_debug_data_range_check_enabled 000000018002b160 f   sfc_debug:sfcdebug.obj
 0001:0002a180       sf_debug_transition_conflict_check_enabled 000000018002b180 f   sfc_debug:sfcdebug.obj
 0001:0002a1a0       sf_debug_transition_conflict_check_begin 000000018002b1a0 f   sfc_debug:sfcdebug.obj
 0001:0002a1c0       sf_debug_transition_conflict_check_end 000000018002b1c0 f   sfc_debug:sfcdebug.obj
 0001:0002a1e0       sf_debug_stop_debugging    000000018002b1e0 f   sfc_debug:sfcdebug.obj
 0001:0002a210       sf_debug_is_cycle_detected 000000018002b210 f   sfc_debug:sfcdebug.obj
 0001:0002a220       sf_debug_is_array_bounds_detected 000000018002b220 f   sfc_debug:sfcdebug.obj
 0001:0002a230       sf_debug_get_state_vectors_data_size 000000018002b230 f   sfc_debug:sfcdebug.obj
 0001:0002a270       sf_debug_get_state_vectors_data 000000018002b270 f   sfc_debug:sfcdebug.obj
 0001:0002a370       sf_debug_set_state_vectors_data 000000018002b370 f   sfc_debug:sfcdebug.obj
 0001:0002a630       sf_debug_get_script_index  000000018002b630 f   sfc_debug:sfcdebug.obj
 0001:0002a7c0       sf_debug_add_script        000000018002b7c0 f   sfc_debug:sfcdebug.obj
 0001:0002a950       cv_eval_point              000000018002b950 f   sfc_debug:sfcdebug.obj
 0001:0002aac0       cv_eval_testobjective      000000018002bac0 f   sfc_debug:sfcdebug.obj
 0001:0002abe0       sf_debug_cv_init_state     000000018002bbe0 f   sfc_debug:sfcdebug.obj
 0001:0002ad00       sf_debug_cv_init_chart     000000018002bd00 f   sfc_debug:sfcdebug.obj
 0001:0002ade0       sf_debug_cv_init_trans     000000018002bde0 f   sfc_debug:sfcdebug.obj
 0001:0002aee0       sf_debug_cv_init_testobjectives 000000018002bee0 f   sfc_debug:sfcdebug.obj
 0001:0002b0c0       cv_eml_init_script         000000018002c0c0 f   sfc_debug:sfcdebug.obj
 0001:0002b1c0       cv_eml_init_fcn            000000018002c1c0 f   sfc_debug:sfcdebug.obj
 0001:0002b270       cv_eml_init_testobjective  000000018002c270 f   sfc_debug:sfcdebug.obj
 0001:0002b340       cv_eml_init_if             000000018002c340 f   sfc_debug:sfcdebug.obj
 0001:0002b410       cv_eml_init_for            000000018002c410 f   sfc_debug:sfcdebug.obj
 0001:0002b4d0       cv_eml_init_while          000000018002c4d0 f   sfc_debug:sfcdebug.obj
 0001:0002b590       cv_eml_init_mcdc           000000018002c590 f   sfc_debug:sfcdebug.obj
 0001:0002b6a0       cv_eml_init_switch         000000018002c6a0 f   sfc_debug:sfcdebug.obj
 0001:0002b790       cv_eml_eval                000000018002c790 f   sfc_debug:sfcdebug.obj
 0001:0002b870       sf_debug_bm_is_a_eml_breakpoint 000000018002c870 f   sfc_debug:sfcdebug.obj
 0001:0002b9c0       sf_debug_temporal_threshold 000000018002c9c0 f   sfc_debug:sfcdebug.obj
 0001:0002bd20       sf_debug_transition_conflict_error 000000018002cd20 f   sfc_debug:sfcdebug.obj
 0001:0002c0a0       sf_debug_state_inconsistency_error 000000018002d0a0 f   sfc_debug:sfcdebug.obj
 0001:0002c1c0       sf_debug_check_for_state_inconsistency 000000018002d1c0 f   sfc_debug:sfcdebug.obj
 0001:0002c1f0       sf_debug_cycle_detecton_error 000000018002d1f0 f   sfc_debug:sfcdebug.obj
 0001:0002c9e0       sf_debug_size_eq_check_1d  000000018002d9e0 f   sfc_debug:sfcdebug.obj
 0001:0002ca00       sf_debug_size_eq_check_nd  000000018002da00 f   sfc_debug:sfcdebug.obj
 0001:0002cbe0       sf_debug_dim_size_eq_check 000000018002dbe0 f   sfc_debug:sfcdebug.obj
 0001:0002cc10       sf_debug_dim_size_geq_check 000000018002dc10 f   sfc_debug:sfcdebug.obj
 0001:0002cc40       sf_debug_sub_assign_size_check_nd 000000018002dc40 f   sfc_debug:sfcdebug.obj
 0001:0002ce80       sf_debug_matrix_matrix_index_check 000000018002de80 f   sfc_debug:sfcdebug.obj
 0001:0002ceb0       sf_debug_vector_vector_index_check 000000018002deb0 f   sfc_debug:sfcdebug.obj
 0001:0002cee0       sf_debug_for_loop_vector_check 000000018002dee0 f   sfc_debug:sfcdebug.obj
 0001:0002cf60       sf_debug_runtime_error_msgid 000000018002df60 f   sfc_debug:sfcdebug.obj
 0001:0002cff0       sf_debug_data_array_bounds_error_check 000000018002dff0 f   sfc_debug:sfcdebug.obj
 0001:0002d100       sf_debug_eml_data_array_bounds_error_check 000000018002e100 f   sfc_debug:sfcdebug.obj
 0001:0002d5e0       sf_debug_integer_check     000000018002e5e0 f   sfc_debug:sfcdebug.obj
 0001:0002d6c0       sf_debug_not_nan_check     000000018002e6c0 f   sfc_debug:sfcdebug.obj
 0001:0002d780       sf_debug_non_negative_check 000000018002e780 f   sfc_debug:sfcdebug.obj
 0001:0002d840       sf_debug_overflow_detection 000000018002e840 f   sfc_debug:sfcdebug.obj
 0001:0002df30       sf_debug_cast_to_real32_T  000000018002ef30 f   sfc_debug:sfcdebug.obj
 0001:0002dff0       sf_debug_cast_to_int8_T    000000018002eff0 f   sfc_debug:sfcdebug.obj
 0001:0002e0b0       sf_debug_cast_to_uint8_T   000000018002f0b0 f   sfc_debug:sfcdebug.obj
 0001:0002e170       sf_debug_cast_to_int16_T   000000018002f170 f   sfc_debug:sfcdebug.obj
 0001:0002e230       sf_debug_cast_to_uint16_T  000000018002f230 f   sfc_debug:sfcdebug.obj
 0001:0002e2f0       sf_debug_cast_to_int32_T   000000018002f2f0 f   sfc_debug:sfcdebug.obj
 0001:0002e3b0       sf_debug_cast_to_uint32_T  000000018002f3b0 f   sfc_debug:sfcdebug.obj
 0001:0002e470       sf_debug_data_range_error  000000018002f470 f   sfc_debug:sfcdebug.obj
 0001:0002e7c0       sf_debug_read_before_write_check 000000018002f7c0 f   sfc_debug:sfcdebug.obj
 0001:0002ebb0       sf_debug_data_range_error_wrapper_min_max 000000018002fbb0 f   sfc_debug:sfcdebug.obj
 0001:0002eca0       sf_debug_data_range_error_wrapper_min 000000018002fca0 f   sfc_debug:sfcdebug.obj
 0001:0002ed80       sf_debug_data_range_error_wrapper_max 000000018002fd80 f   sfc_debug:sfcdebug.obj
 0001:0002ee60       sf_debug_data_range_wrapper 000000018002fe60 f   sfc_debug:sfcdebug.obj
 0001:0002ef10       sf_debug_set_current_status_info 000000018002ff10 f   sfc_debug:sfcdebug.obj
 0001:0002f2c0       sf_debug_register_message_post_receive_info 00000001800302c0 f   sfc_debug:sfcdebug.obj
 0001:0002f530       sf_debug_call              0000000180030530 f   sfc_debug:sfcdebug.obj
 0001:000303f0       sf_debug_initialize_machine 00000001800313f0 f   sfc_debug:sfcdebug.obj
 0001:00030700       sf_debug_initialize_chart  0000000180031700 f   sfc_debug:sfcdebug.obj
 0001:00030be0       sf_debug_ensure_script     0000000180031be0 f   sfc_debug:sfcdebug.obj
 0001:00030ca0       cv_script_init_script      0000000180031ca0 f   sfc_debug:sfcdebug.obj
 0001:00030d80       cv_script_init_fcn         0000000180031d80 f   sfc_debug:sfcdebug.obj
 0001:00030e30       cv_script_init_testobjective 0000000180031e30 f   sfc_debug:sfcdebug.obj
 0001:00030ee0       cv_script_init_if          0000000180031ee0 f   sfc_debug:sfcdebug.obj
 0001:00030f90       cv_script_init_for         0000000180031f90 f   sfc_debug:sfcdebug.obj
 0001:00031040       cv_script_init_while       0000000180032040 f   sfc_debug:sfcdebug.obj
 0001:000310f0       cv_script_init_mcdc        00000001800320f0 f   sfc_debug:sfcdebug.obj
 0001:000311f0       cv_script_init_switch      00000001800321f0 f   sfc_debug:sfcdebug.obj
 0001:000312d0       cv_script_eval             00000001800322d0 f   sfc_debug:sfcdebug.obj
 0001:000313b0       eml_debug_line_call        00000001800323b0 f   sfc_debug:sfcdebug.obj
 0001:00031560       sf_debug_terminate         0000000180032560 f   sfc_debug:sfcdebug.obj
 0001:000316d0       sf_debug_set_script_cv_ids 00000001800326d0 f   sfc_debug:sfcdebug.obj
 0001:00031800       sf_debug_api               0000000180032800 f   sfc_debug:sfc_api.obj
 0001:00032fe0       sf_debug_sm_terminate      0000000180033fe0 f   sfc_debug:sfdb_animation.obj
 0001:000331a0       sf_debug_reset_path_objects 00000001800341a0 f   sfc_debug:sfdb_animation.obj
 0001:00033220       sf_debug_sm_reset_object_selection_status 0000000180034220 f   sfc_debug:sfdb_animation.obj
 0001:000332c0       sf_debug_sm_reset_state_buffer 00000001800342c0 f   sfc_debug:sfdb_animation.obj
 0001:00033390       sf_debug_sm_store_state_buffer 0000000180034390 f   sfc_debug:sfdb_animation.obj
 0001:00033410       sf_debug_sm_restore_state_buffer1 0000000180034410 f   sfc_debug:sfdb_animation.obj
 0001:00033480       sf_debug_sm_restore_state_buffer2 0000000180034480 f   sfc_debug:sfdb_animation.obj
 0001:000334f0       sf_debug_sm_chart_active   00000001800344f0 f   sfc_debug:sfdb_animation.obj
 0001:00033540       sf_debug_sm_select_active_objects 0000000180034540 f   sfc_debug:sfdb_animation.obj
 0001:000339f0       sf_debug_sm_is_chart_active 00000001800349f0 f   sfc_debug:sfdb_animation.obj
 0001:00033a30       sf_debug_sm_is_state_active 0000000180034a30 f   sfc_debug:sfdb_animation.obj
 0001:00033c70       sf_debug_sm_get_active_states 0000000180034c70 f   sfc_debug:sfdb_animation.obj
 0001:00034230       sf_debug_sm_initialize_instance 0000000180035230 f   sfc_debug:sfdb_animation.obj
 0001:00034480       sf_debug_sm_change_object_selection_status 0000000180035480 f   sfc_debug:sfdb_animation.obj
 0001:00034770       cv_create_interface        0000000180035770 f   sfc_debug:cv_sfinterface.obj
 0001:00034ad0       cv_init_trans              0000000180035ad0 f   sfc_debug:cv_sfinterface.obj
 0001:00034b20       cv_init_testobjective      0000000180035b20 f   sfc_debug:cv_sfinterface.obj
 0001:00034b60       cv_init_state              0000000180035b60 f   sfc_debug:cv_sfinterface.obj
 0001:00034bd0       cv_init_chart              0000000180035bd0 f   sfc_debug:cv_sfinterface.obj
 0001:00034c20       cv_dec_update_call         0000000180035c20 f   sfc_debug:cv_sfinterface.obj
 0001:00034c60       cv_cond_update_call        0000000180035c60 f   sfc_debug:cv_sfinterface.obj
 0001:00034ca0       cv_testobjective_update_call 0000000180035ca0 f   sfc_debug:cv_sfinterface.obj
 0001:00034ce0       cv_sigrange_update         0000000180035ce0 f   sfc_debug:cv_sfinterface.obj
 0001:00034d20       cvsf_eml_eval              0000000180035d20 f   sfc_debug:cv_sfinterface.obj
 0001:00034e00       cvsf_eml_init_script       0000000180035e00 f   sfc_debug:cv_sfinterface.obj
 0001:00034e80       cvsf_eml_init_fcn          0000000180035e80 f   sfc_debug:cv_sfinterface.obj
 0001:00034ee0       cvsf_eml_init_testobjective 0000000180035ee0 f   sfc_debug:cv_sfinterface.obj
 0001:00034f40       cvsf_eml_init_if           0000000180035f40 f   sfc_debug:cv_sfinterface.obj
 0001:00034fa0       cvsf_eml_init_for          0000000180035fa0 f   sfc_debug:cv_sfinterface.obj
 0001:00034ff0       cvsf_eml_init_while        0000000180035ff0 f   sfc_debug:cv_sfinterface.obj
 0001:00035040       cvsf_eml_init_mcdc         0000000180036040 f   sfc_debug:cv_sfinterface.obj
 0001:000350d0       cvsf_eml_init_switch       00000001800360d0 f   sfc_debug:cv_sfinterface.obj
 0001:00035140       cvsf_script_eval           0000000180036140 f   sfc_debug:cv_sfinterface.obj
 0001:00035220       cvsf_script_init_script    0000000180036220 f   sfc_debug:cv_sfinterface.obj
 0001:000352a0       cvsf_script_init_fcn       00000001800362a0 f   sfc_debug:cv_sfinterface.obj
 0001:00035300       cvsf_script_init_testobjective 0000000180036300 f   sfc_debug:cv_sfinterface.obj
 0001:00035360       cvsf_script_init_if        0000000180036360 f   sfc_debug:cv_sfinterface.obj
 0001:000353c0       cvsf_script_init_for       00000001800363c0 f   sfc_debug:cv_sfinterface.obj
 0001:00035410       cvsf_script_init_while     0000000180036410 f   sfc_debug:cv_sfinterface.obj
 0001:00035460       cvsf_script_init_mcdc      0000000180036460 f   sfc_debug:cv_sfinterface.obj
 0001:000354f0       cvsf_script_init_switch    00000001800364f0 f   sfc_debug:cv_sfinterface.obj
 0001:00035560       cv_destroy_interface       0000000180036560 f   sfc_debug:cv_sfinterface.obj
 0001:00035580       cv_create_instance_objects 0000000180036580 f   sfc_debug:cv_sfinterface.obj
 0001:00035a30       cv_is_enabled              0000000180036a30 f   sfc_debug:cv_sfinterface.obj
 0001:00035a40       sf_debug_cv_initialize_script 0000000180036a40 f   sfc_debug:cv_sfinterface.obj
 0001:00035bf0       sf_debug_cv_initialize_instance 0000000180036bf0 f   sfc_debug:cv_sfinterface.obj
 0001:00035f90       sf_debug_cv_terminate_chart 0000000180036f90 f   sfc_debug:cv_sfinterface.obj
 0001:000360d0       cv_call_trans_test         00000001800370d0 f   sfc_debug:cv_sfinterface.obj
 0001:000360e0       cv_call_sub_cond_test      00000001800370e0 f   sfc_debug:cv_sfinterface.obj
 0001:00036120       sf_debug_st_initialize_machine 0000000180037120 f   sfc_debug:sfdb_data_browse.obj
 0001:000361e0       sf_debug_st_initialize_instance 00000001800371e0 f   sfc_debug:sfdb_data_browse.obj
 0001:00036410       sf_debug_st_terminate      0000000180037410 f   sfc_debug:sfdb_data_browse.obj
 0001:000367b0       sf_debug_st_set_data_value_ptr_in_machine 00000001800377b0 f   sfc_debug:sfdb_data_browse.obj
 0001:00036840       sf_debug_st_set_data_value_ptr_in_instance 0000000180037840 f   sfc_debug:sfdb_data_browse.obj
 0001:00036920       sf_debug_st_unset_data_value_ptr_in_machine 0000000180037920 f   sfc_debug:sfdb_data_browse.obj
 0001:00036990       sf_debug_st_unset_data_value_ptr_in_instance 0000000180037990 f   sfc_debug:sfdb_data_browse.obj
 0001:00036ca0       sf_debug_mx_value          0000000180037ca0 f   sfc_debug:sfdb_data_browse.obj
 0001:00036d00       sf_debug_mx_packed_vector  0000000180037d00 f   sfc_debug:sfdb_data_browse.obj
 0001:00036de0       sf_debug_mx_uint_vector    0000000180037de0 f   sfc_debug:sfdb_data_browse.obj
 0001:00036ea0       sf_debug_st_get_double_value_from_void_ptr_vector 0000000180037ea0 f   sfc_debug:sfdb_data_browse.obj
 0001:00037990       sf_debug_st_browse_data    0000000180038990 f   sfc_debug:sfdb_data_browse.obj
 0001:00038220       sf_debug_hm_initialize_instance 0000000180039220 f   sfc_debug:sfdb_handle_management.obj
 0001:000387a0       sf_debug_hm_get_object_id  00000001800397a0 f   sfc_debug:sfdb_handle_management.obj
 0001:0003a710       sf_debug_object_is_eml_function 000000018003b710 f   sfc_debug:sfdb_handle_management.obj
 0001:0003a780       sf_debug_hm_initialize_ids_in_machine 000000018003b780 f   sfc_debug:sfdb_handle_management.obj
 0001:0003a8f0       sf_debug_hm_initialize_ids_in_chart 000000018003b8f0 f   sfc_debug:sfdb_handle_management.obj
 0001:0003aa30       sf_debug_hm_initialize_chart 000000018003ba30 f   sfc_debug:sfdb_handle_management.obj
 0001:0003b1e0       sf_debug_hm_terminate      000000018003c1e0 f   sfc_debug:sfdb_handle_management.obj
 0001:0003b240       sf_debug_hm_initialize_machine 000000018003c240 f   sfc_debug:sfdb_handle_management.obj
 0001:0003b9f0       sf_debug_ss_initialize     000000018003c9f0 f   sfc_debug:sfdb_symbol_scope.obj
 0001:0003ba10       sf_debug_ss_terminate      000000018003ca10 f   sfc_debug:sfdb_symbol_scope.obj
 0001:0003baa0       sf_debug_ss_push_symbol_scope 000000018003caa0 f   sfc_debug:sfdb_symbol_scope.obj
 0001:0003bba0       sf_debug_ss_push_symbol_scope_eml 000000018003cba0 f   sfc_debug:sfdb_symbol_scope.obj
 0001:0003bc00       sf_debug_ss_pop_symbol_scope 000000018003cc00 f   sfc_debug:sfdb_symbol_scope.obj
 0001:0003bcb0       sf_debug_ss_add_symbol     000000018003ccb0 f   sfc_debug:sfdb_symbol_scope.obj
 0001:0003be10       sf_debug_ss_add_symbol_eml 000000018003ce10 f   sfc_debug:sfdb_symbol_scope.obj
 0001:0003caf0       sf_debug_ss_set_data_value 000000018003daf0 f   sfc_debug:sfdb_symbol_scope.obj
 0001:0003cf90       sf_debug_ss_watch_data     000000018003df90 f   sfc_debug:sfdb_symbol_scope.obj
 0001:0003d030       sf_debug_ss_assign_data    000000018003e030 f   sfc_debug:sfdb_symbol_scope.obj
 0001:0003da30       get_data_entry_name        000000018003ea30 f   sfc_debug:sfdb_symbol_scope.obj
 0001:0003da80       sf_debug_ss_whos           000000018003ea80 f   sfc_debug:sfdb_symbol_scope.obj
 0001:0003e190       sf_debug_cc_initialize_chart 000000018003f190 f   sfc_debug:sfdb_coverage.obj
 0001:0003eb80       sf_debug_cc_initialize_instance 000000018003fb80 f   sfc_debug:sfdb_coverage.obj
 0001:0003f980       sf_debug_cc_terminate      0000000180040980 f   sfc_debug:sfdb_coverage.obj
 0001:0003fa70       sf_debug_cc_set_transition_maps 0000000180040a70 f   sfc_debug:sfdb_coverage.obj
 0001:0003fba0       sf_debug_cc_set_state_maps 0000000180040ba0 f   sfc_debug:sfdb_coverage.obj
 0001:0003fc80       sf_debug_cc_set_transition_weights 0000000180040c80 f   sfc_debug:sfdb_coverage.obj
 0001:0003ff50       sf_debug_cc_set_state_weights 0000000180040f50 f   sfc_debug:sfdb_coverage.obj
 0001:00040220       sf_debug_cc_mark_transition_guard 0000000180041220 f   sfc_debug:sfdb_coverage.obj
 0001:000402b0       sf_debug_cc_mark_transition_trigger 00000001800412b0 f   sfc_debug:sfdb_coverage.obj
 0001:00040340       sf_debug_cc_mark_transition_decision 0000000180041340 f   sfc_debug:sfdb_coverage.obj
 0001:000403b0       sf_debug_cc_mark_transition_condition_action 00000001800413b0 f   sfc_debug:sfdb_coverage.obj
 0001:00040400       sf_debug_cc_mark_transition_transition_action 0000000180041400 f   sfc_debug:sfdb_coverage.obj
 0001:00040450       sf_debug_cc_mark_state_entry 0000000180041450 f   sfc_debug:sfdb_coverage.obj
 0001:000404a0       sf_debug_cc_mark_state_during 00000001800414a0 f   sfc_debug:sfdb_coverage.obj
 0001:000404f0       sf_debug_cc_mark_state_exit 00000001800414f0 f   sfc_debug:sfdb_coverage.obj
 0001:00040540       sf_debug_bm_clear_script_breakpoints 0000000180041540 f   sfc_debug:sfdb_breakpoints.obj
 0001:00040570       sf_debug_bm_set_script_breakpoint 0000000180041570 f   sfc_debug:sfdb_breakpoints.obj
 0001:000405f0       sf_debug_bm_clear_single_script_breakpoint 00000001800415f0 f   sfc_debug:sfdb_breakpoints.obj
 0001:00040670       sf_debug_bm_query_script_breakpoint 0000000180041670 f   sfc_debug:sfdb_breakpoints.obj
 0001:000406c0       sf_debug_bm_initialize_scripts 00000001800416c0 f   sfc_debug:sfdb_breakpoints.obj
 0001:00040de0       sf_debug_bm_terminate      0000000180041de0 f   sfc_debug:sfdb_breakpoints.obj
 0001:000410d0       sf_debug_bm_remove_all_breakpoints_in_machine 00000001800420d0 f   sfc_debug:sfdb_breakpoints.obj
 0001:00041140       sf_debug_bm_remove_all_breakpoints_in_chart 0000000180042140 f   sfc_debug:sfdb_breakpoints.obj
 0001:00041290       sf_debug_bm_initialize_global_breakpoints 0000000180042290 f   sfc_debug:sfdb_breakpoints.obj
 0001:00041410       sf_debug_bm_set_breakpoint 0000000180042410 f   sfc_debug:sfdb_breakpoints.obj
 0001:00041a40       sf_debug_bm_set_eml_breakpoint 0000000180042a40 f   sfc_debug:sfdb_breakpoints.obj
 0001:00041ae0       sf_debug_bm_initialize_machine_breakpoint_map 0000000180042ae0 f   sfc_debug:sfdb_breakpoints.obj
 0001:00041f00       sf_debug_bm_is_a_breakpoint 0000000180042f00 f   sfc_debug:sfdb_breakpoints.obj
 0001:00042420       sf_debug_bm_get_all_breakpoints_in_machine 0000000180043420 f   sfc_debug:sfdb_breakpoints.obj
 0001:00042720       sf_debug_bm_get_all_breakpoints_in_chart 0000000180043720 f   sfc_debug:sfdb_breakpoints.obj
 0001:000433e0       sf_debug_bm_initialize_machine 00000001800443e0 f   sfc_debug:sfdb_breakpoints.obj
 0001:000434b0       sf_debug_bm_initialize_chart 00000001800444b0 f   sfc_debug:sfdb_breakpoints.obj
 0001:000438d0       sf_debug_sc_terminate      00000001800448d0 f   sfc_debug:sfdb_state_consistency.obj
 0001:00043c00       sf_debug_sc_is_chart_consistent 0000000180044c00 f   sfc_debug:sfdb_state_consistency.obj
 0001:00043eb0       sf_debug_sc_get_consistency_error_info 0000000180044eb0 f   sfc_debug:sfdb_state_consistency.obj
 0001:00044300       sf_debug_tm_terminate      0000000180045300 f   sfc_debug:sfdb_call_stack.obj
 0001:000443c0       sf_debug_tm_push_chart_instance 00000001800453c0 f   sfc_debug:sfdb_call_stack.obj
 0001:00044510       sf_debug_tm_pop_chart_instance 0000000180045510 f   sfc_debug:sfdb_call_stack.obj
 0001:00044570       sf_debug_tm_push_trace_node 0000000180045570 f   sfc_debug:sfdb_call_stack.obj
 0001:00044700       sf_debug_tm_pop_trace_node 0000000180045700 f   sfc_debug:sfdb_call_stack.obj
 0001:00044780       sf_debug_tm_get_current_global_trace_index 0000000180045780 f   sfc_debug:sfdb_call_stack.obj
 0001:00044790       sf_debug_tm_get_current_local_trace_index 0000000180045790 f   sfc_debug:sfdb_call_stack.obj
 0001:000447c0       sf_debug_tm_set_cycle_detected_flag 00000001800457c0 f   sfc_debug:sfdb_call_stack.obj
 0001:00044800       sf_debug_tm_set_cycle_started_flag 0000000180045800 f   sfc_debug:sfdb_call_stack.obj
 0001:00044840       sf_debug_tm_get_chart_number_from_stack 0000000180045840 f   sfc_debug:sfdb_call_stack.obj
 0001:00044a40       sf_debug_tm_browse_trace   0000000180045a40 f   sfc_debug:sfdb_call_stack.obj
 0001:00044d80       sf_debug_cd_initialize_instance 0000000180045d80 f   sfc_debug:sfdb_cycle_detection.obj
 0001:00045030       sf_debug_cd_mark_processed_transition_in_instance 0000000180046030 f   sfc_debug:sfdb_cycle_detection.obj
 0001:000450d0       sf_debug_cd_checksum_push  00000001800460d0 f   sfc_debug:sfdb_cycle_detection.obj
 0001:00045390       sf_debug_cd_checksum_pop   0000000180046390 f   sfc_debug:sfdb_cycle_detection.obj
 0001:00045400       sf_debug_cd_turn_off_cycle_detection 0000000180046400 f   sfc_debug:sfdb_cycle_detection.obj
 0001:00045450       sf_debug_cd_terminate      0000000180046450 f   sfc_debug:sfdb_cycle_detection.obj
 0001:00045690       md5_initialize_state       0000000180046690 f   sfc_debug:ckmd5.obj
 0001:00046100       md5_update_state           0000000180047100 f   sfc_debug:ckmd5.obj
 0001:00046120       md5_get_hash               0000000180047120 f   sfc_debug:ckmd5.obj
 0001:00046150       md5_get_hash_for_a_single_string 0000000180047150 f   sfc_debug:ckmd5.obj
 0001:000461b4       mxGetPr                    00000001800471b4 f   libmx:libmx.dll
 0001:000461ba       mxCreateDoubleScalar       00000001800471ba f   libmx:libmx.dll
 0001:000461c0       mxCreateDoubleMatrix_730   00000001800471c0 f   libmx:libmx.dll
 0001:000461c6       mxSetField_730             00000001800471c6 f   libmx:libmx.dll
 0001:000461cc       mxCreateString             00000001800471cc f   libmx:libmx.dll
 0001:000461d2       mxCreateStructMatrix_730   00000001800471d2 f   libmx:libmx.dll
 0001:000461d8       mxDestroyArray             00000001800471d8 f   libmx:libmx.dll
 0001:000461de       mxDuplicateArray           00000001800471de f   libmx:libmx.dll
 0001:000461e4       mxGetString_730            00000001800471e4 f   libmx:libmx.dll
 0001:000461ea       mxIsChar                   00000001800471ea f   libmx:libmx.dll
 0001:000461f0       mxGetClassID               00000001800471f0 f   libmx:libmx.dll
 0001:000461f6       mxIsNumeric                00000001800471f6 f   libmx:libmx.dll
 0001:000461fc       mxIsComplex                00000001800471fc f   libmx:libmx.dll
 0001:00046202       mxGetN                     0000000180047202 f   libmx:libmx.dll
 0001:00046208       mxGetM                     0000000180047208 f   libmx:libmx.dll
 0001:0004620e       mxCalloc                   000000018004720e f   libmx:libmx.dll
 0001:00046214       mxGetScalar                0000000180047214 f   libmx:libmx.dll
 0001:0004621a       mxIsLogical                000000018004721a f   libmx:libmx.dll
 0001:00046220       mxCreateDoubleMatrix_700   0000000180047220 f   libmx:libmx.dll
 0001:00046226       mxFree                     0000000180047226 f   libmx:libmx.dll
 0001:0004622c       mxArrayToString            000000018004722c f   libmx:libmx.dll
 0001:00046232       mxCreateCellMatrix_700     0000000180047232 f   libmx:libmx.dll
 0001:00046238       mxSetCell_700              0000000180047238 f   libmx:libmx.dll
 0001:0004623e       mxGetCell_700              000000018004723e f   libmx:libmx.dll
 0001:00046244       mxGetClassName             0000000180047244 f   libmx:libmx.dll
 0001:0004624a       mxSetField_700             000000018004724a f   libmx:libmx.dll
 0001:00046250       mxAddField                 0000000180047250 f   libmx:libmx.dll
 0001:00046256       mxGetField_700             0000000180047256 f   libmx:libmx.dll
 0001:0004625c       mxGetNumberOfElements      000000018004725c f   libmx:libmx.dll
 0001:00046262       mxIsStruct                 0000000180047262 f   libmx:libmx.dll
 0001:00046268       mxIsA                      0000000180047268 f   libmx:libmx.dll
 0001:0004626e       mxIsClass                  000000018004726e f   libmx:libmx.dll
 0001:00046274       mxGetLogicals              0000000180047274 f   libmx:libmx.dll
 0001:0004627a       mxIsSparse                 000000018004727a f   libmx:libmx.dll
 0001:00046280       mxSetFieldByNumber_700     0000000180047280 f   libmx:libmx.dll
 0001:00046286       mxGetFieldByNumber_700     0000000180047286 f   libmx:libmx.dll
 0001:0004628c       mxGetFieldNameByNumber     000000018004728c f   libmx:libmx.dll
 0001:00046292       mxGetNumberOfFields        0000000180047292 f   libmx:libmx.dll
 0001:00046298       mxCreateStructMatrix_700   0000000180047298 f   libmx:libmx.dll
 0001:0004629e       mxGetFieldNumber           000000018004729e f   libmx:libmx.dll
 0001:000462a4       mxIsNaN                    00000001800472a4 f   libmx:libmx.dll
 0001:000462aa       mxIsEmpty                  00000001800472aa f   libmx:libmx.dll
 0001:000462b0       mxGetData                  00000001800472b0 f   libmx:libmx.dll
 0001:000462b6       mxGetImagData              00000001800472b6 f   libmx:libmx.dll
 0001:000462bc       mxArrayClassIDName         00000001800472bc f   libmx:libmx.dll
 0001:000462c2       mxCreateNumericMatrix_700  00000001800472c2 f   libmx:libmx.dll
 0001:000462c8       mxCreateStructArray_700    00000001800472c8 f   libmx:libmx.dll
 0001:000462ce       mxCalcSingleSubscript_700  00000001800472ce f   libmx:libmx.dll
 0001:000462d4       mxGetDimensions_700        00000001800472d4 f   libmx:libmx.dll
 0001:000462da       mxGetNumberOfDimensions_700 00000001800472da f   libmx:libmx.dll
 0001:000462e0       mxCreateNumericArray_700   00000001800472e0 f   libmx:libmx.dll
 0001:000462e6       mxGetElementSize           00000001800472e6 f   libmx:libmx.dll
 0001:000462ec       mxCreateStringFromNChars_700 00000001800472ec f   libmx:libmx.dll
 0001:000462f2       mxGetString_700            00000001800472f2 f   libmx:libmx.dll
 0001:000462f8       mxIsLogicalScalarTrue      00000001800472f8 f   libmx:libmx.dll
 0001:000462fe       mxCreateLogicalScalar      00000001800472fe f   libmx:libmx.dll
 0001:00046304       mexUnlock                  0000000180047304 f   libmex:libmex.dll
 0001:0004630a       mexIsLocked                000000018004730a f   libmex:libmex.dll
 0001:00046310       mexWarnMsgTxt              0000000180047310 f   libmex:libmex.dll
 0001:00046316       mexCallMATLAB              0000000180047316 f   libmex:libmex.dll
 0001:0004631c       mexErrMsgTxt               000000018004731c f   libmex:libmex.dll
 0001:00046322       mexMakeArrayPersistent     0000000180047322 f   libmex:libmex.dll
 0001:00046328       mexSetTrapFlag             0000000180047328 f   libmex:libmex.dll
 0001:0004632e       mexPutVariable             000000018004732e f   libmex:libmex.dll
 0001:00046334       mexGetVariable             0000000180047334 f   libmex:libmex.dll
 0001:0004633a       mexLock                    000000018004733a f   libmex:libmex.dll
 0001:00046340       mexMakeMemoryPersistent    0000000180047340 f   libmex:libmex.dll
 0001:00046346       mexFunctionName            0000000180047346 f   libmex:libmex.dll
 0001:0004634c       ssRegisterDataTypeFxpFSlopeFixExpBias 000000018004734c f   libfixedpoint:libfixedpoint.dll
 0001:00046352       utVSNprintf                0000000180047352 f   libut:libut.dll
 0001:00046358       utCPUtime                  0000000180047358 f   libut:libut.dll
 0001:0004635e       utFree                     000000018004735e f   libut:libut.dll
 0001:00046364       utMalloc                   0000000180047364 f   libut:libut.dll
 0001:0004636a       muDoubleScalarSqrt         000000018004736a f   libmwmathutil:libmwmathutil.dll
 0001:00046370       muDoubleScalarFloor        0000000180047370 f   libmwmathutil:libmwmathutil.dll
 0001:00046376       muDoubleScalarPower        0000000180047376 f   libmwmathutil:libmwmathutil.dll
 0001:0004637c       muDoubleScalarAtan2        000000018004737c f   libmwmathutil:libmwmathutil.dll
 0001:00046382       muDoubleScalarAbs          0000000180047382 f   libmwmathutil:libmwmathutil.dll
 0001:00046388       muDoubleScalarRound        0000000180047388 f   libmwmathutil:libmwmathutil.dll
 0001:0004638e       muDoubleScalarSin          000000018004738e f   libmwmathutil:libmwmathutil.dll
 0001:00046394       muDoubleScalarCos          0000000180047394 f   libmwmathutil:libmwmathutil.dll
 0001:0004639a       emlrtCheckBuiltInCtxR2011a 000000018004739a f   libemlrt:libemlrt.dll
 0001:000463a0       emlrtCheckVsBuiltInCtxR2011a 00000001800473a0 f   libemlrt:libemlrt.dll
 0001:000463a6       emlrtCheckEnumR2009a       00000001800473a6 f   libemlrt:libemlrt.dll
 0001:000463ac       emlrtCreateEnumR2010a      00000001800473ac f   libemlrt:libemlrt.dll
 0001:000463b2       emlrtGetEnumElementR2009a  00000001800473b2 f   libemlrt:libemlrt.dll
 0001:000463b8       emlrtCreateReference       00000001800473b8 f   libemlrt:libemlrt.dll
 0001:000463be       emlrtImportVsFiArrayR2009b 00000001800473be f   libemlrt:libemlrt.dll
 0001:000463c4       emlrtNameCapturePostProcessR2012a 00000001800473c4 f   libemlrt:libemlrt.dll
 0001:000463ca       emlrtExtractMessageId      00000001800473ca f   libemlrt:libemlrt.dll
 0001:000463d0       emlrtTranslateMessageIDtoLCPstring 00000001800473d0 f   libemlrt:libemlrt.dll
 0001:000463d6       emlrtForLoopVectorIsValidR2011b 00000001800473d6 f   libemlrt:libemlrt.dll
 0001:000463dc       emlrtTranslateUTF16MessagetoLCPstring 00000001800473dc f   libemlrt:libemlrt.dll
 0001:000463e2       emlrtGetEnumUnderlyingArrayR2009a 00000001800473e2 f   libemlrt:libemlrt.dll
 0001:000463e8       emlrtIsEnumR2009a          00000001800473e8 f   libemlrt:libemlrt.dll
 0001:000463f0       __GSHandlerCheckCommon     00000001800473f0 f   MSVCRT:gshandler.obj
 0001:00046454       __GSHandlerCheck           0000000180047454 f   MSVCRT:gshandler.obj
 0001:00046472       strlen                     0000000180047472 f   MSVCRT:MSVCR100.dll
 0001:00046490       __security_check_cookie    0000000180047490 f   MSVCRT:amdsecgs.obj
 0001:000464b0       memset                     00000001800474b0 f   MSVCRT:MSVCR100.dll
 0001:000464b6       malloc                     00000001800474b6 f   MSVCRT:MSVCR100.dll
 0001:000464bc       free                       00000001800474bc f   MSVCRT:MSVCR100.dll
 0001:000464c2       strcmp                     00000001800474c2 f   MSVCRT:MSVCR100.dll
 0001:000464c8       sprintf                    00000001800474c8 f   MSVCRT:MSVCR100.dll
 0001:000464ce       strcat                     00000001800474ce f   MSVCRT:MSVCR100.dll
 0001:000464d4       memcpy                     00000001800474d4 f   MSVCRT:MSVCR100.dll
 0001:000464dc       NtCurrentTeb               00000001800474dc f i MSVCRT:crtdll.obj
 0001:00046548       _CRT_INIT                  0000000180047548 f   MSVCRT:crtdll.obj
 0001:000468e0       _DllMainCRTStartup         00000001800478e0 f   MSVCRT:crtdll.obj
 0001:0004691e       strncpy                    000000018004791e f   MSVCRT:MSVCR100.dll
 0001:00046940       _alloca_probe              0000000180047940     MSVCRT:chkstk.obj
 0001:00046940       __chkstk                   0000000180047940 f   MSVCRT:chkstk.obj
 0001:0004698e       longjmp                    000000018004798e f   MSVCRT:MSVCR100.dll
 0001:00046994       strncmp                    0000000180047994 f   MSVCRT:MSVCR100.dll
 0001:0004699a       ceil                       000000018004799a f   MSVCRT:MSVCR100.dll
 0001:000469a0       strrchr                    00000001800479a0 f   MSVCRT:MSVCR100.dll
 0001:000469a6       _setjmp                    00000001800479a6 f   MSVCRT:MSVCR100.dll
 0001:000469ac       calloc                     00000001800479ac f   MSVCRT:MSVCR100.dll
 0001:000469b2       realloc                    00000001800479b2 f   MSVCRT:MSVCR100.dll
 0001:000469b8       ldexp                      00000001800479b8 f   MSVCRT:MSVCR100.dll
 0001:000469c0       __report_gsfailure         00000001800479c0 f   MSVCRT:gs_report.obj
 0001:00046b0c       __clean_type_info_names    0000000180047b0c f   MSVCRT:tncleanup.obj
 0001:00046b18       _onexit                    0000000180047b18 f   MSVCRT:atonexit.obj
 0001:00046bc8       atexit                     0000000180047bc8 f   MSVCRT:atonexit.obj
 0001:00046be0       _RTC_Initialize            0000000180047be0 f   MSVCRT:_initsect_.obj
 0001:00046c18       _RTC_Terminate             0000000180047c18 f   MSVCRT:_initsect_.obj
 0001:00046c50       _malloc_crt                0000000180047c50 f   MSVCRT:MSVCR100.dll
 0001:00046c60       _ValidateImageBase         0000000180047c60 f   MSVCRT:pesect.obj
 0001:00046c90       _FindPESection             0000000180047c90 f   MSVCRT:pesect.obj
 0001:00046ce0       _IsNonwritableInCurrentImage 0000000180047ce0 f   MSVCRT:pesect.obj
 0001:00046d22       _initterm                  0000000180047d22 f   MSVCRT:MSVCR100.dll
 0001:00046d28       _initterm_e                0000000180047d28 f   MSVCRT:MSVCR100.dll
 0001:00046d2e       _encoded_null              0000000180047d2e f   MSVCRT:MSVCR100.dll
 0001:00046d34       _amsg_exit                 0000000180047d34 f   MSVCRT:MSVCR100.dll
 0001:00046d3a       __C_specific_handler       0000000180047d3a f   MSVCRT:MSVCR100.dll
 0001:00046d40       __CppXcptFilter            0000000180047d40 f   MSVCRT:MSVCR100.dll
 0001:00046d48       DllMain                    0000000180047d48 f   MSVCRT:dllmain.obj
 0001:00046d6c       __security_init_cookie     0000000180047d6c f   MSVCRT:gs_support.obj
 0001:00046e20       __crt_debugger_hook        0000000180047e20 f   MSVCRT:MSVCR100.dll
 0001:00046e26       __clean_type_info_names_internal 0000000180047e26 f   MSVCRT:MSVCR100.dll
 0001:00046e2c       _unlock                    0000000180047e2c f   MSVCRT:MSVCR100.dll
 0001:00046e32       __dllonexit                0000000180047e32 f   MSVCRT:MSVCR100.dll
 0001:00046e38       _lock                      0000000180047e38 f   MSVCRT:MSVCR100.dll
 0001:00046e3e       EncodePointer              0000000180047e3e f   kernel32:KERNEL32.dll
 0001:00046e44       DecodePointer              0000000180047e44 f   kernel32:KERNEL32.dll
 0001:00046e4a       Sleep                      0000000180047e4a f   kernel32:KERNEL32.dll
 0001:00046e50       TerminateProcess           0000000180047e50 f   kernel32:KERNEL32.dll
 0001:00046e56       GetCurrentProcess          0000000180047e56 f   kernel32:KERNEL32.dll
 0001:00046e5c       UnhandledExceptionFilter   0000000180047e5c f   kernel32:KERNEL32.dll
 0001:00046e62       SetUnhandledExceptionFilter 0000000180047e62 f   kernel32:KERNEL32.dll
 0001:00046e68       IsDebuggerPresent          0000000180047e68 f   kernel32:KERNEL32.dll
 0001:00046e6e       RtlVirtualUnwind           0000000180047e6e f   kernel32:KERNEL32.dll
 0001:00046e74       RtlLookupFunctionEntry     0000000180047e74 f   kernel32:KERNEL32.dll
 0001:00046e7a       RtlCaptureContext          0000000180047e7a f   kernel32:KERNEL32.dll
 0001:00046e80       DisableThreadLibraryCalls  0000000180047e80 f   kernel32:KERNEL32.dll
 0001:00046e86       QueryPerformanceCounter    0000000180047e86 f   kernel32:KERNEL32.dll
 0001:00046e8c       GetTickCount               0000000180047e8c f   kernel32:KERNEL32.dll
 0001:00046e92       GetCurrentThreadId         0000000180047e92 f   kernel32:KERNEL32.dll
 0001:00046e98       GetCurrentProcessId        0000000180047e98 f   kernel32:KERNEL32.dll
 0001:00046e9e       GetSystemTimeAsFileTime    0000000180047e9e f   kernel32:KERNEL32.dll
 0002:00000000       __imp_DisableThreadLibraryCalls 0000000180048000     kernel32:KERNEL32.dll
 0002:00000008       __imp_RtlCaptureContext    0000000180048008     kernel32:KERNEL32.dll
 0002:00000010       __imp_RtlLookupFunctionEntry 0000000180048010     kernel32:KERNEL32.dll
 0002:00000018       __imp_RtlVirtualUnwind     0000000180048018     kernel32:KERNEL32.dll
 0002:00000020       __imp_IsDebuggerPresent    0000000180048020     kernel32:KERNEL32.dll
 0002:00000028       __imp_SetUnhandledExceptionFilter 0000000180048028     kernel32:KERNEL32.dll
 0002:00000030       __imp_UnhandledExceptionFilter 0000000180048030     kernel32:KERNEL32.dll
 0002:00000038       __imp_GetCurrentProcess    0000000180048038     kernel32:KERNEL32.dll
 0002:00000040       __imp_TerminateProcess     0000000180048040     kernel32:KERNEL32.dll
 0002:00000048       __imp_Sleep                0000000180048048     kernel32:KERNEL32.dll
 0002:00000050       __imp_DecodePointer        0000000180048050     kernel32:KERNEL32.dll
 0002:00000058       __imp_EncodePointer        0000000180048058     kernel32:KERNEL32.dll
 0002:00000060       __imp_GetTickCount         0000000180048060     kernel32:KERNEL32.dll
 0002:00000068       __imp_GetCurrentThreadId   0000000180048068     kernel32:KERNEL32.dll
 0002:00000070       __imp_GetCurrentProcessId  0000000180048070     kernel32:KERNEL32.dll
 0002:00000078       __imp_GetSystemTimeAsFileTime 0000000180048078     kernel32:KERNEL32.dll
 0002:00000080       __imp_QueryPerformanceCounter 0000000180048080     kernel32:KERNEL32.dll
 0002:00000088       \177KERNEL32_NULL_THUNK_DATA 0000000180048088     kernel32:KERNEL32.dll
 0002:00000090       __imp__onexit              0000000180048090     MSVCRT:MSVCR100.dll
 0002:00000098       __imp__lock                0000000180048098     MSVCRT:MSVCR100.dll
 0002:000000a0       __imp___dllonexit          00000001800480a0     MSVCRT:MSVCR100.dll
 0002:000000a8       __imp__unlock              00000001800480a8     MSVCRT:MSVCR100.dll
 0002:000000b0       __imp___clean_type_info_names_internal 00000001800480b0     MSVCRT:MSVCR100.dll
 0002:000000b8       __imp___crt_debugger_hook  00000001800480b8     MSVCRT:MSVCR100.dll
 0002:000000c0       __imp___CppXcptFilter      00000001800480c0     MSVCRT:MSVCR100.dll
 0002:000000c8       __imp___C_specific_handler 00000001800480c8     MSVCRT:MSVCR100.dll
 0002:000000d0       __imp__amsg_exit           00000001800480d0     MSVCRT:MSVCR100.dll
 0002:000000d8       __imp__encoded_null        00000001800480d8     MSVCRT:MSVCR100.dll
 0002:000000e0       __imp__initterm_e          00000001800480e0     MSVCRT:MSVCR100.dll
 0002:000000e8       __imp__initterm            00000001800480e8     MSVCRT:MSVCR100.dll
 0002:000000f0       __imp__malloc_crt          00000001800480f0     MSVCRT:MSVCR100.dll
 0002:000000f8       __imp_ldexp                00000001800480f8     MSVCRT:MSVCR100.dll
 0002:00000100       __imp_realloc              0000000180048100     MSVCRT:MSVCR100.dll
 0002:00000108       __imp_calloc               0000000180048108     MSVCRT:MSVCR100.dll
 0002:00000110       __imp__setjmp              0000000180048110     MSVCRT:MSVCR100.dll
 0002:00000118       __imp_strrchr              0000000180048118     MSVCRT:MSVCR100.dll
 0002:00000120       __imp_ceil                 0000000180048120     MSVCRT:MSVCR100.dll
 0002:00000128       __imp_strncmp              0000000180048128     MSVCRT:MSVCR100.dll
 0002:00000130       __imp_longjmp              0000000180048130     MSVCRT:MSVCR100.dll
 0002:00000138       __imp_strncpy              0000000180048138     MSVCRT:MSVCR100.dll
 0002:00000140       __imp_memcpy               0000000180048140     MSVCRT:MSVCR100.dll
 0002:00000148       __imp_strcat               0000000180048148     MSVCRT:MSVCR100.dll
 0002:00000150       __imp_sprintf              0000000180048150     MSVCRT:MSVCR100.dll
 0002:00000158       __imp_strcmp               0000000180048158     MSVCRT:MSVCR100.dll
 0002:00000160       __imp_free                 0000000180048160     MSVCRT:MSVCR100.dll
 0002:00000168       __imp_malloc               0000000180048168     MSVCRT:MSVCR100.dll
 0002:00000170       __imp_memset               0000000180048170     MSVCRT:MSVCR100.dll
 0002:00000178       __imp_strlen               0000000180048178     MSVCRT:MSVCR100.dll
 0002:00000180       \177MSVCR100_NULL_THUNK_DATA 0000000180048180     MSVCRT:MSVCR100.dll
 0002:00000188       __imp_emlrtIsEnumR2009a    0000000180048188     libemlrt:libemlrt.dll
 0002:00000190       __imp_emlrtGetEnumUnderlyingArrayR2009a 0000000180048190     libemlrt:libemlrt.dll
 0002:00000198       __imp_emlrtTranslateUTF16MessagetoLCPstring 0000000180048198     libemlrt:libemlrt.dll
 0002:000001a0       __imp_emlrtForLoopVectorIsValidR2011b 00000001800481a0     libemlrt:libemlrt.dll
 0002:000001a8       __imp_emlrtTranslateMessageIDtoLCPstring 00000001800481a8     libemlrt:libemlrt.dll
 0002:000001b0       __imp_emlrtExtractMessageId 00000001800481b0     libemlrt:libemlrt.dll
 0002:000001b8       __imp_emlrtNameCapturePostProcessR2012a 00000001800481b8     libemlrt:libemlrt.dll
 0002:000001c0       __imp_emlrtCheckBuiltInCtxR2011a 00000001800481c0     libemlrt:libemlrt.dll
 0002:000001c8       __imp_emlrtCheckEnumR2009a 00000001800481c8     libemlrt:libemlrt.dll
 0002:000001d0       __imp_emlrtCreateEnumR2010a 00000001800481d0     libemlrt:libemlrt.dll
 0002:000001d8       __imp_emlrtGetEnumElementR2009a 00000001800481d8     libemlrt:libemlrt.dll
 0002:000001e0       __imp_emlrtCreateReference 00000001800481e0     libemlrt:libemlrt.dll
 0002:000001e8       __imp_emlrtImportVsFiArrayR2009b 00000001800481e8     libemlrt:libemlrt.dll
 0002:000001f0       __imp_emlrtCheckVsBuiltInCtxR2011a 00000001800481f0     libemlrt:libemlrt.dll
 0002:000001f8       \177libemlrt_NULL_THUNK_DATA 00000001800481f8     libemlrt:libemlrt.dll
 0002:00000200       __imp_ssRegisterDataTypeFxpFSlopeFixExpBias 0000000180048200     libfixedpoint:libfixedpoint.dll
 0002:00000208       \177libfixedpoint_NULL_THUNK_DATA 0000000180048208     libfixedpoint:libfixedpoint.dll
 0002:00000210       __imp_mexGetVariable       0000000180048210     libmex:libmex.dll
 0002:00000218       __imp_mexFunctionName      0000000180048218     libmex:libmex.dll
 0002:00000220       __imp_mexPutVariable       0000000180048220     libmex:libmex.dll
 0002:00000228       __imp_mexMakeMemoryPersistent 0000000180048228     libmex:libmex.dll
 0002:00000230       __imp_mexLock              0000000180048230     libmex:libmex.dll
 0002:00000238       __imp_mexMakeArrayPersistent 0000000180048238     libmex:libmex.dll
 0002:00000240       __imp_mexErrMsgTxt         0000000180048240     libmex:libmex.dll
 0002:00000248       __imp_mexCallMATLAB        0000000180048248     libmex:libmex.dll
 0002:00000250       __imp_mexWarnMsgTxt        0000000180048250     libmex:libmex.dll
 0002:00000258       __imp_mexIsLocked          0000000180048258     libmex:libmex.dll
 0002:00000260       __imp_mexUnlock            0000000180048260     libmex:libmex.dll
 0002:00000268       __imp_mexSetTrapFlag       0000000180048268     libmex:libmex.dll
 0002:00000270       \177libmex_NULL_THUNK_DATA 0000000180048270     libmex:libmex.dll
[...]
 0001:0001e530       sf_numeric_value_to_double 000000018001f530 f   sfc_mex:sfc_mex.obj
 0001:0001e580       ml_generic_out_of_bounds_check 000000018001f580 f   sfc_mex:sfc_mex.obj
 0001:0001e750       ml_get_element_value_from_array 000000018001f750 f   sfc_mex:sfc_mex.obj
 0001:0001eaf0       _ml_generic_castability_check 000000018001faf0 f   sfc_mex:sfc_mex.obj
 0001:0001f850       ml_generic_castability_check 0000000180020850 f   sfc_mex:sfc_mex.obj
 0001:0001f8f0       ml_check_mx_array_for_single_castability 00000001800208f0 f   sfc_mex:sfc_mex.obj
 0001:0001f990       ml_check_mx_array_for_logical_castability 0000000180020990 f   sfc_mex:sfc_mex.obj
 0001:0001fa30       ml_check_mx_array_for_int8_castability 0000000180020a30 f   sfc_mex:sfc_mex.obj
 0001:0001fae0       ml_check_mx_array_for_uint8_castability 0000000180020ae0 f   sfc_mex:sfc_mex.obj
 0001:0001fb40       ml_check_mx_array_for_int16_castability 0000000180020b40 f   sfc_mex:sfc_mex.obj
 0001:0001fba0       ml_check_mx_array_for_uint16_castability 0000000180020ba0 f   sfc_mex:sfc_mex.obj
 0001:0001fc00       ml_check_mx_array_for_int32_castability 0000000180020c00 f   sfc_mex:sfc_mex.obj
 0001:0001fc60       ml_check_mx_array_for_uint32_castability 0000000180020c60 f   sfc_mex:sfc_mex.obj
 0001:0001fcc0       ml_check_mx_array_for_castability 0000000180020cc0 f   sfc_mex:sfc_mex.obj
 0001:000205f0       set_data_value             00000001800215f0 f   sfc_mex:sfc_mex.obj
 0001:00020960       get_data_value             0000000180021960 f   sfc_mex:sfc_mex.obj
 0001:00020a70       get_next_element_address   0000000180021a70 f   sfc_mex:sfc_mex.obj
 0001:00020b40       sf_normalize_index         0000000180021b40 f   sfc_mex:sfc_mex.obj
 0001:00020ed0       ml_array_index_bound_check 0000000180021ed0 f   sfc_mex:sfc_mex.obj
 0001:000219f0       mx_value                   00000001800229f0 f   sfc_mex:sfc_mex.obj
 0001:00021a40       sf_create_numeric_array    0000000180022a40 f   sfc_mex:sfc_mex.obj
 0001:00021ae0       sf_mex_assign_to_mx_array  0000000180022ae0 f   sfc_mex:sfc_mex.obj
 0001:00021e30       assign_from_mx_array       0000000180022e30 f   sfc_mex:sfc_mex.obj
 0001:00022660       sf_mex_import_v            0000000180023660 f   sfc_mex:sfc_mex.obj
 0001:00022d60       get_machine_and_chart_file_number 0000000180023d60 f   sfc_mex:sfc_sf.obj
 0001:00022e50       get_sfun_block_specialization 0000000180023e50 f   sfc_mex:sfc_sf.obj
 0001:00022f00       call_sf_machine_global_method_dispatcher 0000000180023f00 f   sfc_mex:sfc_sf.obj
 0001:00023150       mdl_zeroCrossings_processing 0000000180024150 f   sfc_mex:sfc_sf.obj
 0001:00023220       mdl_derivatives_processing 0000000180024220 f   sfc_mex:sfc_sf.obj
 0001:000234e0       mdl_outputs_continuous_legacy 00000001800244e0 f   sfc_mex:sfc_sf.obj
 0001:00023560       mdl_outputs_processing     0000000180024560 f   sfc_mex:sfc_sf.obj
 0001:00023790       mdl_enable_processing      0000000180024790 f   sfc_mex:sfc_sf.obj
 0001:00023860       mdl_disable_processing     0000000180024860 f   sfc_mex:sfc_sf.obj
 0001:000245d0       sf_call_output_fcn_enable_disable 00000001800255d0 f   sfc_mex:sfc_sf.obj
 0001:00024850       set_dwork_information_from_mx_array 0000000180025850 f   sfc_mex:sfc_sf.obj
 0001:00025110       ptr2mxStruct               0000000180026110 f   sfc_mex:sfc_sf.obj
 0001:00025420       SNPRINTF_WRAPPER           0000000180026420 f   sfc_debug:sfcdebug.obj
 0001:00025440       sf_debug_chart_instance_initialized_quick 0000000180026440 f   sfc_debug:sfcdebug.obj
 0001:00025450       sf_debug_chart_instance_initialized 0000000180026450 f   sfc_debug:sfcdebug.obj
 0001:000255f0       sfrtAddSize                00000001800265f0 f   sfc_debug:sfcdebug.obj
 0001:000256b0       sfrtGenSizeString          00000001800266b0 f   sfc_debug:sfcdebug.obj
 0001:00025dc0       fill_single_message_info   0000000180026dc0 f   sfc_debug:sfcdebug.obj
 0001:00025f80       sf_debug_sim_status_listener 0000000180026f80 f   sfc_debug:sfcdebug.obj
 0001:000264f0       sf_debug_form_mask_bits    00000001800274f0 f   sfc_debug:sfcdebug.obj
 0001:00026530       sf_debug_form_sf_data_type_offsets 0000000180027530 f   sfc_debug:sfcdebug.obj
 0001:000265f0       sf_debug_free_all          00000001800275f0 f   sfc_debug:sfcdebug.obj
 0001:000267a0       sf_debug_append_debugger_context 00000001800277a0 f   sfc_debug:sfcdebug.obj
 0001:00026a60       local_strdup               0000000180027a60 f   sfc_debug:sfcdebug.obj
 0001:00027940       sf_debug_em_terminate      0000000180028940 f   sfc_debug:sfcdebug.obj
 0001:00027980       sf_debug_push_eml_function 0000000180028980 f   sfc_debug:sfcdebug.obj
 0001:00027a20       sf_debug_pop_eml_function  0000000180028a20 f   sfc_debug:sfcdebug.obj
 0001:00028720       sf_debug_get_machine_number_from_id_or_name 0000000180029720 f   sfc_debug:sfcdebug.obj
 0001:00028870       sf_debug_get_chart_number_from_id 0000000180029870 f   sfc_debug:sfcdebug.obj
 0001:000294e0       sf_debug_transfer_control_to_debugger_GUI 000000018002a4e0 f   sfc_debug:sfcdebug.obj
 0001:0002a470       sf_debug_scripts_rehash    000000018002b470 f   sfc_debug:sfcdebug.obj
 0001:0002a6b0       sf_debug_get_script_line_count 000000018002b6b0 f   sfc_debug:sfcdebug.obj
 0001:0002afe0       cv_eml_state_cvId          000000018002bfe0 f   sfc_debug:sfcdebug.obj
 0001:0002b050       cv_eml_trans_cvId          000000018002c050 f   sfc_debug:sfcdebug.obj
 0001:0002c310       sf_debug_data_array_bounds_error 000000018002d310 f   sfc_debug:sfcdebug.obj
 0001:0002c740       eml_debug_runtime_error_doclink 000000018002d740 f   sfc_debug:sfcdebug.obj
 0001:0002c8c0       sf_debug_runtime_error     000000018002d8c0 f   sfc_debug:sfcdebug.obj
 0001:0002c930       sf_debug_matlab_error      000000018002d930 f   sfc_debug:sfcdebug.obj
 0001:0002d260       sf_debug_data_value_error  000000018002e260 f   sfc_debug:sfcdebug.obj
 0001:0002db60       sf_debug_data_loss_error   000000018002eb60 f   sfc_debug:sfcdebug.obj
 0001:0002ea80       call_cv_range_check        000000018002fa80 f   sfc_debug:sfcdebug.obj
 0001:0002f250       sf_debug_invoke_cycle_detection_code 0000000180030250 f   sfc_debug:sfcdebug.obj
 0001:00030330       sf_reset_debug_info_struct 0000000180031330 f   sfc_debug:sfcdebug.obj
 0001:00030c20       cv_script_cvId             0000000180031c20 f   sfc_debug:sfcdebug.obj
 0001:00031970       sfc_api_chart_visible      0000000180032970 f   sfc_debug:sfc_api.obj
 0001:000319f0       sfc_api_active_instance    00000001800329f0 f   sfc_debug:sfc_api.obj
 0001:00031a70       sfc_api_machine_load       0000000180032a70 f   sfc_debug:sfc_api.obj
 0001:00031b40       sfc_api_debugger_alive     0000000180032b40 f   sfc_debug:sfc_api.obj
 0001:00031b50       sfc_api_go                 0000000180032b50 f   sfc_debug:sfc_api.obj
 0001:00031b60       sfc_api_step_over          0000000180032b60 f   sfc_debug:sfc_api.obj
 0001:00031b70       sfc_api_step_out           0000000180032b70 f   sfc_debug:sfc_api.obj
 0001:00031b80       sfc_api_resume             0000000180032b80 f   sfc_debug:sfc_api.obj
 0001:00031b90       sfc_api_break              0000000180032b90 f   sfc_debug:sfc_api.obj
 0001:00031ba0       sfc_api_stop_debugging     0000000180032ba0 f   sfc_debug:sfc_api.obj
 0001:00031bf0       sfc_api_is_cycle_detected  0000000180032bf0 f   sfc_debug:sfc_api.obj
 0001:00031c40       sfc_api_is_array_bounds_detected 0000000180032c40 f   sfc_debug:sfc_api.obj
 0001:00031c90       sfc_api_set_disable_all_breakpoints 0000000180032c90 f   sfc_debug:sfc_api.obj
 0001:00031d00       sfc_api_disable_all_breakpoints_and_go 0000000180032d00 f   sfc_debug:sfc_api.obj
 0001:00031d10       sfc_api_close              0000000180032d10 f   sfc_debug:sfc_api.obj
 0001:00031d20       sfc_api_browse_data        0000000180032d20 f   sfc_debug:sfc_api.obj
 0001:00031d90       sfc_api_watch_data         0000000180032d90 f   sfc_debug:sfc_api.obj
 0001:00031e30       sfc_api_extract_message_post_receive_info 0000000180032e30 f   sfc_debug:sfc_api.obj
 0001:00031e50       sfc_api_assign_data        0000000180032e50 f   sfc_debug:sfc_api.obj
 0001:00031ef0       sfc_api_whos               0000000180032ef0 f   sfc_debug:sfc_api.obj
 0001:00031f80       sfc_api_get_consistency_info 0000000180032f80 f   sfc_debug:sfc_api.obj
 0001:00031f90       sfc_api_browse_trace       0000000180032f90 f   sfc_debug:sfc_api.obj
 0001:00031fa0       sfc_api_break_on_chart_entry 0000000180032fa0 f   sfc_debug:sfc_api.obj
 0001:00031fc0       sfc_api_break_on_event_broadcast 0000000180032fc0 f   sfc_debug:sfc_api.obj
 0001:00031fe0       sfc_api_break_on_state_entry 0000000180032fe0 f   sfc_debug:sfc_api.obj
 0001:00032000       sfc_api_set_watch          0000000180033000 f   sfc_debug:sfc_api.obj
 0001:000320a0       sfc_api_set_breakpoints    00000001800330a0 f   sfc_debug:sfc_api.obj
 0001:00032140       sfc_api_set_eml_breakpoints 0000000180033140 f   sfc_debug:sfc_api.obj
 0001:000321c0       sfc_api_set_script_breakpoints 00000001800331c0 f   sfc_debug:sfc_api.obj
 0001:00032210       sfc_api_add_script_breakpoints 0000000180033210 f   sfc_debug:sfc_api.obj
 0001:00032260       sfc_api_clear_script_breakpoints 0000000180033260 f   sfc_debug:sfc_api.obj
 0001:000322b0       sfc_api_query_script_breakpoints 00000001800332b0 f   sfc_debug:sfc_api.obj
 0001:00032310       sfc_api_get_script_id      0000000180033310 f   sfc_debug:sfc_api.obj
 0001:000323d0       sfc_api_get_active_states  00000001800333d0 f   sfc_debug:sfc_api.obj
 0001:00032450       sfc_api_break_between_times 0000000180033450 f   sfc_debug:sfc_api.obj
 0001:000324b0       sfc_api_get_instance_handle 00000001800334b0 f   sfc_debug:sfc_api.obj
 0001:00032560       sfc_api_set_animation      0000000180033560 f   sfc_debug:sfc_api.obj
 0001:000325b0       sfc_api_select_chart       00000001800335b0 f   sfc_debug:sfc_api.obj
 0001:00032610       sfc_api_select_charts      0000000180033610 f   sfc_debug:sfc_api.obj
 0001:00032640       sfc_api_cycle_detection_check 0000000180033640 f   sfc_debug:sfc_api.obj
 0001:00032690       sfc_api_data_range_check   0000000180033690 f   sfc_debug:sfc_api.obj
 0001:000326e0       sfc_api_transition_conflict_check 00000001800336e0 f   sfc_debug:sfc_api.obj
 0001:00032730       sfc_api_state_consistency_check 0000000180033730 f   sfc_debug:sfc_api.obj
 0001:00032780       sfc_api_set_instance_cv_ids 0000000180033780 f   sfc_debug:sfc_api.obj
 0001:00032890       sfc_api_set_script_cv_ids  0000000180033890 f   sfc_debug:sfc_api.obj
 0001:00032940       sfc_api_get_current_machine_id 0000000180033940 f   sfc_debug:sfc_api.obj
 0001:00032970       sfc_api_get_current_machine_number 0000000180033970 f   sfc_debug:sfc_api.obj
 0001:000329a0       sfc_api_get_current_chart_number 00000001800339a0 f   sfc_debug:sfc_api.obj
 0001:000329d0       sfc_api_get_current_instance_number 00000001800339d0 f   sfc_debug:sfc_api.obj
 0001:00032a00       sfc_api_get_current_instance_handle 0000000180033a00 f   sfc_debug:sfc_api.obj
 0001:00032a20       sfc_api_get_current_is_minor_time_step 0000000180033a20 f   sfc_debug:sfc_api.obj
 0001:00032a50       sfc_api_get_current_machine_name 0000000180033a50 f   sfc_debug:sfc_api.obj
 0001:00032a70       sfc_api_get_current_chart_id 0000000180033a70 f   sfc_debug:sfc_api.obj
 0001:00032aa0       sfc_api_get_current_object_type 0000000180033aa0 f   sfc_debug:sfc_api.obj
 0001:00032ad0       sfc_api_get_current_event_type 0000000180033ad0 f   sfc_debug:sfc_api.obj
 0001:00032b00       sfc_api_get_current_object_id 0000000180033b00 f   sfc_debug:sfc_api.obj
 0001:00032b30       sfc_get_current_active_event_type 0000000180033b30 f   sfc_debug:sfc_api.obj
 0001:00032b60       sfc_api_get_current_active_event_id 0000000180033b60 f   sfc_debug:sfc_api.obj
 0001:00032b90       sfc_api_get_current_simulation_time 0000000180033b90 f   sfc_debug:sfc_api.obj
 0001:00032bb0       sfc_get_current_tag_type   0000000180033bb0 f   sfc_debug:sfc_api.obj
 0001:00032be0       sfc_get_current_coverage_percentage 0000000180033be0 f   sfc_debug:sfc_api.obj
 0001:00032c00       sfc_get_current_statement_context 0000000180033c00 f   sfc_debug:sfc_api.obj
 0001:00032c20       sfc_get_current_optional_integer 0000000180033c20 f   sfc_debug:sfc_api.obj
 0001:00032c50       sfc_get_current_statement_info 0000000180033c50 f   sfc_debug:sfc_api.obj
 0001:00032cf0       sfc_api_get                0000000180033cf0 f   sfc_debug:sfc_api.obj
 0001:00032e50       sf_debug_sm_is_using_unified_editors 0000000180033e50 f   sfc_debug:sfdb_animation.obj
 0001:00032ef0       sf_debug_sm_is_chart_visible_in_unified_editors 0000000180033ef0 f   sfc_debug:sfdb_animation.obj
 0001:00032fb0       sf_debug_sm_check_if_chart_is_visible 0000000180033fb0 f   sfc_debug:sfdb_animation.obj
 0001:00033ab0       sf_debug_sm_fill_state_activity_data 0000000180034ab0 f   sfc_debug:sfdb_animation.obj
 0001:000362e0       void_ptr_stack_vector_free_total 00000001800372e0 f   sfc_debug:sfdb_data_browse.obj
 0001:00036370       sf_debug_st_terminate_machine 0000000180037370 f   sfc_debug:sfdb_data_browse.obj
 0001:000363b0       sf_debug_st_terminate_instance 00000001800373b0 f   sfc_debug:sfdb_data_browse.obj
 0001:00036760       push_on_to_void_ptr_stack  0000000180037760 f   sfc_debug:sfdb_data_browse.obj
 0001:000368f0       pop_from_void_ptr_stack    00000001800378f0 f   sfc_debug:sfdb_data_browse.obj
 0001:00036a20       sf_debug_st_get_data_value 0000000180037a20 f   sfc_debug:sfdb_data_browse.obj
 0001:00036fb0       mx_value                   0000000180037fb0 f   sfc_debug:sfdb_data_browse.obj
 0001:00036ff0       sf_debug_st_fill_data_struct 0000000180037ff0 f   sfc_debug:sfdb_data_browse.obj
 0001:00037330       data_type_format_strings   0000000180038330 f   sfc_debug:sfdb_data_browse.obj
 0001:000373e0       sf_debug_st_fill_data      00000001800383e0 f   sfc_debug:sfdb_data_browse.obj
 0001:00038130       sf_debug_hm_get_simulink_handle 0000000180039130 f   sfc_debug:sfdb_handle_management.obj
 0001:00038c80       sf_debug_hm_initialize_globals 0000000180039c80 f   sfc_debug:sfdb_handle_management.obj
 0001:00038d80       sf_debug_hm_get_machine_debug_flag 0000000180039d80 f   sfc_debug:sfdb_handle_management.obj
 0001:00038ef0       sf_debug_hm_get_machine_id 0000000180039ef0 f   sfc_debug:sfdb_handle_management.obj
 0001:00039010       sf_debug_hm_get_chart_id   000000018003a010 f   sfc_debug:sfdb_handle_management.obj
 0001:000391b0       sf_debug_hm_register_executing_SFunction 000000018003a1b0 f   sfc_debug:sfdb_handle_management.obj
 0001:00039350       sf_debug_hm_get_chart_active_instance 000000018003a350 f   sfc_debug:sfdb_handle_management.obj
 0001:000394c0       sf_debug_hm_get_chart_visibility 000000018003a4c0 f   sfc_debug:sfdb_handle_management.obj
 0001:00039610       sf_debug_hm_form_object_boolean_properties 000000018003a610 f   sfc_debug:sfdb_handle_management.obj
 0001:000398e0       sf_debug_hm_form_object_properties 000000018003a8e0 f   sfc_debug:sfdb_handle_management.obj
 0001:00039b20       sf_debug_hm_terminate_charts 000000018003ab20 f   sfc_debug:sfdb_handle_management.obj
 0001:0003a290       sf_debug_hm_terminate_machines 000000018003b290 f   sfc_debug:sfdb_handle_management.obj
 0001:0003bee0       sf_debug_ss_copy_dimension 000000018003cee0 f   sfc_debug:sfdb_symbol_scope.obj
 0001:0003bfa0       sf_debug_ss_get_number_elements 000000018003cfa0 f   sfc_debug:sfdb_symbol_scope.obj
 0001:0003bfc0       sf_debug_ss_fill_data_struct 000000018003cfc0 f   sfc_debug:sfdb_symbol_scope.obj
 0001:0003c310       sf_debug_ss_reset_data_info 000000018003d310 f   sfc_debug:sfdb_symbol_scope.obj
 0001:0003c370       sf_debug_fill_data_info_by_symbol_scope_entry 000000018003d370 f   sfc_debug:sfdb_symbol_scope.obj
 0001:0003c430       sf_debug_fill_data_info_by_data_vector 000000018003d430 f   sfc_debug:sfdb_symbol_scope.obj
 0001:0003c680       sf_debug_ss_get_data_info  000000018003d680 f   sfc_debug:sfdb_symbol_scope.obj
 0001:0003c970       sf_debug_select_mex_function 000000018003d970 f   sfc_debug:sfdb_symbol_scope.obj
 0001:0003c9a0       sf_debug_is_dyn_matrix_initialized 000000018003d9a0 f   sfc_debug:sfdb_symbol_scope.obj
 0001:0003c9c0       sf_debug_ss_set_data_value_try 000000018003d9c0 f   sfc_debug:sfdb_symbol_scope.obj
 0001:0003cb90       sf_debug_ss_get_data_value 000000018003db90 f   sfc_debug:sfdb_symbol_scope.obj
 0001:0003d0e0       sf_debug_ss_data_bytes_string 000000018003e0e0 f   sfc_debug:sfdb_symbol_scope.obj
 0001:0003d190       sf_debug_ss_data_class_string 000000018003e190 f   sfc_debug:sfdb_symbol_scope.obj
 0001:0003d520       sf_debug_ss_data_size_string 000000018003e520 f   sfc_debug:sfdb_symbol_scope.obj
 0001:0003d600       sf_debug_ss_data_create_data_info_struct 000000018003e600 f   sfc_debug:sfdb_symbol_scope.obj
 0001:0003d8d0       sf_debug_ss_data_create_name_value_pair 000000018003e8d0 f   sfc_debug:sfdb_symbol_scope.obj
 0001:0003d970       sf_debug_ss_data_get_whos_info 000000018003e970 f   sfc_debug:sfdb_symbol_scope.obj
 0001:0003d980       same_named_data_in_data_array 000000018003e980 f   sfc_debug:sfdb_symbol_scope.obj
 0001:0003f1f0       sf_debug_cc_terminate_chart 00000001800401f0 f   sfc_debug:sfdb_coverage.obj
 0001:0003f590       sf_debug_cc_terminate_instance 0000000180040590 f   sfc_debug:sfdb_coverage.obj
 0001:00040180       sf_debug_cc_mark_object_if_needed 0000000180041180 f   sfc_debug:sfdb_coverage.obj
 0001:00040a80       sf_debug_bm_initialize_eml 0000000180041a80 f   sfc_debug:sfdb_breakpoints.obj
 0001:00041bf0       sf_debug_bm_map_debug_tag_to_breakpoint_tag 0000000180042bf0 f   sfc_debug:sfdb_breakpoints.obj
 0001:00041cd0       sf_debug_bm_is_a_eml_breakpoint_impl 0000000180042cd0 f   sfc_debug:sfdb_breakpoints.obj
 0001:00043750       sf_debug_sc_push_on_error_stack 0000000180044750 f   sfc_debug:sfdb_state_consistency.obj
 0001:00043880       sf_debug_sc_reset_error_stack 0000000180044880 f   sfc_debug:sfdb_state_consistency.obj
 0001:00043a10       sf_debug_sc_is_state_inconsistent 0000000180044a10 f   sfc_debug:sfdb_state_consistency.obj
 0001:00043d10       sf_debug_sc_fill_consistency_info 0000000180044d10 f   sfc_debug:sfdb_state_consistency.obj
 0001:000442f0       void_assertion_fcn         00000001800452f0 f   sfc_debug:sfdb_call_stack.obj
 0001:00044870       sf_debug_tm_fill_local_trace 0000000180045870 f   sfc_debug:sfdb_call_stack.obj
 0001:00044e40       sf_debug_cd_terminate_instance 0000000180045e40 f   sfc_debug:sfdb_cycle_detection.obj
 0001:00044ea0       sf_debug_cd_free_checksum_stack 0000000180045ea0 f   sfc_debug:sfdb_cycle_detection.obj
 0001:00044ef0       sf_debug_cd_reset_pack_strings 0000000180045ef0 f   sfc_debug:sfdb_cycle_detection.obj
 0001:000455b0       md5file_clear              00000001800465b0 f   sfc_debug:ckmd5.obj
 0001:000455e0       Encode                     00000001800465e0 f   sfc_debug:ckmd5.obj
 0001:00045630       Decode                     0000000180046630 f   sfc_debug:ckmd5.obj
 0001:000456d0       MD5Transform               00000001800466d0 f   sfc_debug:ckmd5.obj
 0001:00045f20       md5file_addn               0000000180046f20 f   sfc_debug:ckmd5.obj
 0001:00045ff0       md5file_hash               0000000180046ff0 f   sfc_debug:ckmd5.obj
 0001:000464e8       pre_c_init                 00000001800474e8 f   MSVCRT:crtdll.obj
 0001:000467a4       __DllMainCRTStartup        00000001800477a4 f   MSVCRT:crtdll.obj
 0001:00046eb0       __DllMainCRTStartup$filt$0 0000000180047eb0 f   MSVCRT:crtdll.obj
 0001:00046ee0       __DllMainCRTStartup$fin$1  0000000180047ee0 f   MSVCRT:crtdll.obj
 0001:00046efa       _onexit$fin$0              0000000180047efa f   MSVCRT:atonexit.obj
 0001:00046f20       _IsNonwritableInCurrentImage$filt$0 0000000180047f20 f   MSVCRT:pesect.obj
